<html>
<body>
<pre>
<h1>µVision Build Log</h1>
<h2>Tool Versions:</h2>
IDE-Version: ¦ÌVision V5.42.0.0
Copyright (C) 2025 ARM Ltd and ARM Germany GmbH. All rights reserved.
License Information: x NAME, x, LIC=65ISZ-JY8UM-MMV9I-T1ZPW-VNY0H-DRA8S
 
Tool Versions:
Toolchain:       MDK-ARM Plus  Version: 5.42.0.0
Toolchain Path:  C:\Work\KEIL5\ARM\ARM_C_5.06u7\Bin
C Compiler:      Armcc.exe V5.06 update 7 (build 960)
Assembler:       Armasm.exe V5.06 update 7 (build 960)
Linker/Locator:  ArmLink.exe V5.06 update 7 (build 960)
Library Manager: ArmAr.exe V5.06 update 7 (build 960)
Hex Converter:   FromElf.exe V5.06 update 7 (build 960)
CPU DLL:         SARMCM3.DLL V5.42.0.0
Dialog DLL:      DCM.DLL V1.17.5.0
Target DLL:      Segger\JL2CM3.dll V2.99.45.0
Dialog DLL:      TCM.DLL V1.56.6.0
 
<h2>Project:</h2>
D:\STM32_ARM_Work\Bootloader_UDisk_USB_FS-master\USER\Bootloader_UDisk_USB_FS.uvprojx
Project File Date:  04/16/2026

<h2>Output:</h2>
*** Using Compiler 'V5.06 update 7 (build 960)', folder: 'C:\Work\KEIL5\ARM\ARM_C_5.06u7\Bin'
Build target 'Bootloader_UDisk_USB_FS'
compiling Key.c...
..\Board_Supports_Package\KEY\Key.h(10): warning:  #1-D: last line of file ends without a newline
  #endif
..\Board_Supports_Package\KEY\Key.c: 1 warning, 0 errors
linking...
Program Size: Code=21472 RO-data=1496 RW-data=212 ZI-data=1223500  
FromELF: creating hex file...
After Build - User command #1: C:\Work\KEIL5\\ARM\ARMCLANG\bin\fromelf.exe --bin --output=Shatang.bin ..\OBJ\Shatang.axf
"..\OBJ\Shatang.axf" - 0 Error(s), 1 Warning(s).

<h2>Software Packages used:</h2>

Package Vendor: Keil
                https://www.keil.com/pack/Keil.STM32F4xx_DFP.3.1.0.pack
                Keil::STM32F4xx_DFP@3.1.0
                STMicroelectronics STM32F4 Series Device Support

<h2>Collection of Component include folders:</h2>

<h2>Collection of Component Files used:</h2>
Build Time Elapsed:  00:00:01
</pre>
</body>
</html>
