Component: ARM Compiler 5.06 update 7 (build 960) Tool: armlink [4d3601]

==============================================================================

Section Cross References

    main.o(i.main) refers to misc.o(i.NVIC_PriorityGroupConfig) for NVIC_PriorityGroupConfig
    main.o(i.main) refers to delay.o(i.delay_init) for delay_init
    main.o(i.main) refers to flash_if.o(i.FLASH_If_Init) for FLASH_If_Init
    main.o(i.main) refers to led_driver.o(i.LED_PortInit) for LED_PortInit
    main.o(i.main) refers to malloc.o(i.my_mem_init) for my_mem_init
    main.o(i.main) refers to exfuns.o(i.exfuns_init) for exfuns_init
    main.o(i.main) refers to ff.o(i.f_mount) for f_mount
    main.o(i.main) refers to stm32f4xx_gpio.o(i.GPIO_ResetBits) for GPIO_ResetBits
    main.o(i.main) refers to stm32f4xx_gpio.o(i.GPIO_SetBits) for GPIO_SetBits
    main.o(i.main) refers to usbh_core.o(i.USBH_Init) for USBH_Init
    main.o(i.main) refers to timer_driver.o(i.SysTimeGet) for SysTimeGet
    main.o(i.main) refers to usbh_core.o(i.USBH_Process) for USBH_Process
    main.o(i.main) refers to flash_if.o(i.FLASH_If_Finish) for FLASH_If_Finish
    main.o(i.main) refers to download.o(i.IAP_Close) for IAP_Close
    main.o(i.main) refers to main.o(i.IAP_LoadApp) for IAP_LoadApp
    main.o(i.main) refers to exfuns.o(.bss) for fs
    main.o(i.main) refers to usbh_usr.o(.data) for USR_Callbacks
    main.o(i.main) refers to usbh_msc_core.o(.data) for USBH_MSC_cb
    main.o(i.main) refers to main.o(.bss) for .bss
    main.o(i.main) refers to main.o(.data) for .data
    system_stm32f4xx.o(i.SystemCoreClockUpdate) refers to system_stm32f4xx.o(.data) for .data
    system_stm32f4xx.o(i.SystemInit) refers to system_stm32f4xx.o(i.SetSysClock) for SetSysClock
    startup_stm32f40_41xxx.o(STACK) refers (Special) to heapauxi.o(.text) for __use_two_region_memory
    startup_stm32f40_41xxx.o(HEAP) refers (Special) to heapauxi.o(.text) for __use_two_region_memory
    startup_stm32f40_41xxx.o(RESET) refers (Special) to heapauxi.o(.text) for __use_two_region_memory
    startup_stm32f40_41xxx.o(RESET) refers to startup_stm32f40_41xxx.o(STACK) for __initial_sp
    startup_stm32f40_41xxx.o(RESET) refers to startup_stm32f40_41xxx.o(.text) for Reset_Handler
    startup_stm32f40_41xxx.o(RESET) refers to stm32f4xx_it.o(i.NMI_Handler) for NMI_Handler
    startup_stm32f40_41xxx.o(RESET) refers to stm32f4xx_it.o(i.HardFault_Handler) for HardFault_Handler
    startup_stm32f40_41xxx.o(RESET) refers to stm32f4xx_it.o(i.MemManage_Handler) for MemManage_Handler
    startup_stm32f40_41xxx.o(RESET) refers to stm32f4xx_it.o(i.BusFault_Handler) for BusFault_Handler
    startup_stm32f40_41xxx.o(RESET) refers to stm32f4xx_it.o(i.UsageFault_Handler) for UsageFault_Handler
    startup_stm32f40_41xxx.o(RESET) refers to stm32f4xx_it.o(i.SVC_Handler) for SVC_Handler
    startup_stm32f40_41xxx.o(RESET) refers to stm32f4xx_it.o(i.DebugMon_Handler) for DebugMon_Handler
    startup_stm32f40_41xxx.o(RESET) refers to stm32f4xx_it.o(i.PendSV_Handler) for PendSV_Handler
    startup_stm32f40_41xxx.o(RESET) refers to stm32f4xx_it.o(i.SysTick_Handler) for SysTick_Handler
    startup_stm32f40_41xxx.o(RESET) refers to timer_driver.o(i.TIM3_IRQHandler) for TIM3_IRQHandler
    startup_stm32f40_41xxx.o(RESET) refers to usbh_usr.o(i.OTG_FS_IRQHandler) for OTG_FS_IRQHandler
    startup_stm32f40_41xxx.o(.text) refers (Special) to heapauxi.o(.text) for __use_two_region_memory
    startup_stm32f40_41xxx.o(.text) refers to system_stm32f4xx.o(i.SystemInit) for SystemInit
    startup_stm32f40_41xxx.o(.text) refers to __main.o(!!!main) for __main
    startup_stm32f40_41xxx.o(.text) refers to startup_stm32f40_41xxx.o(HEAP) for Heap_Mem
    startup_stm32f40_41xxx.o(.text) refers to startup_stm32f40_41xxx.o(STACK) for Stack_Mem
    delay.o(i.delay_init) refers to misc.o(i.SysTick_CLKSourceConfig) for SysTick_CLKSourceConfig
    delay.o(i.delay_init) refers to delay.o(.data) for .data
    delay.o(i.delay_ms) refers to delay.o(i.delay_xms) for delay_xms
    delay.o(i.delay_us) refers to delay.o(.data) for .data
    delay.o(i.delay_xms) refers to delay.o(.data) for .data
    stm32f4xx_gpio.o(i.GPIO_DeInit) refers to stm32f4xx_rcc.o(i.RCC_AHB1PeriphResetCmd) for RCC_AHB1PeriphResetCmd
    stm32f4xx_rcc.o(i.RCC_GetClocksFreq) refers to stm32f4xx_rcc.o(.data) for .data
    stm32f4xx_rcc.o(i.RCC_WaitForHSEStartUp) refers to stm32f4xx_rcc.o(i.RCC_GetFlagStatus) for RCC_GetFlagStatus
    stm32f4xx_syscfg.o(i.SYSCFG_DeInit) refers to stm32f4xx_rcc.o(i.RCC_APB2PeriphResetCmd) for RCC_APB2PeriphResetCmd
    stm32f4xx_usart.o(i.USART_DeInit) refers to stm32f4xx_rcc.o(i.RCC_APB2PeriphResetCmd) for RCC_APB2PeriphResetCmd
    stm32f4xx_usart.o(i.USART_DeInit) refers to stm32f4xx_rcc.o(i.RCC_APB1PeriphResetCmd) for RCC_APB1PeriphResetCmd
    stm32f4xx_usart.o(i.USART_Init) refers to stm32f4xx_rcc.o(i.RCC_GetClocksFreq) for RCC_GetClocksFreq
[...]
    i.my_mem_free                            0x08004fe0   Section        0  malloc.o(i.my_mem_free)
    i.my_mem_init                            0x0800503c   Section        0  malloc.o(i.my_mem_init)
    i.my_mem_malloc                          0x08005078   Section        0  malloc.o(i.my_mem_malloc)
    i.my_mem_perused                         0x08005114   Section        0  malloc.o(i.my_mem_perused)
    i.myfree                                 0x0800514c   Section        0  malloc.o(i.myfree)
    i.mymalloc                               0x08005164   Section        0  malloc.o(i.mymalloc)
    i.mymemset                               0x08005188   Section        0  malloc.o(i.mymemset)
    i.put_fat                                0x08005196   Section        0  ff.o(i.put_fat)
    i.remove_chain                           0x0800528c   Section        0  ff.o(i.remove_chain)
    remove_chain                             0x0800528d   Thumb Code   102  ff.o(i.remove_chain)
    i.st_clust                               0x080052f2   Section        0  ff.o(i.st_clust)
    st_clust                                 0x080052f3   Thumb Code    16  ff.o(i.st_clust)
    i.sum_sfn                                0x08005302   Section        0  ff.o(i.sum_sfn)
    sum_sfn                                  0x08005303   Thumb Code    26  ff.o(i.sum_sfn)
    i.sync_fs                                0x0800531c   Section        0  ff.o(i.sync_fs)
    sync_fs                                  0x0800531d   Thumb Code   180  ff.o(i.sync_fs)
    i.sync_window                            0x080053d0   Section        0  ff.o(i.sync_window)
    sync_window                              0x080053d1   Thumb Code    82  ff.o(i.sync_window)
    i.validate                               0x08005422   Section        0  ff.o(i.validate)
    validate                                 0x08005423   Thumb Code    44  ff.o(i.validate)
    x$fpl$fpinit                             0x0800544e   Section       10  fpinit.o(x$fpl$fpinit)
    $v0                                      0x0800544e   Number         0  fpinit.o(x$fpl$fpinit)
    .constdata                               0x08005458   Section       58  ff.o(.constdata)
    LfnOfs                                   0x08005458   Data          13  ff.o(.constdata)
    vst                                      0x08005466   Data          22  ff.o(.constdata)
    cst                                      0x0800547c   Data          22  ff.o(.constdata)
    .constdata                               0x08005492   Section      960  mycc936.o(.constdata)
    tbl_lower                                0x08005492   Data         480  mycc936.o(.constdata)
    tbl_upper                                0x08005672   Data         480  mycc936.o(.constdata)
    .constdata                               0x08005854   Section       36  malloc.o(.constdata)
    .conststring                             0x08005878   Section       14  download.o(.conststring)
    .ARM.__AT_0x10000000                     0x10000000   Section    61440  malloc.o(.ARM.__AT_0x10000000)
    .ARM.__AT_0x1000F000                     0x1000f000   Section     3840  malloc.o(.ARM.__AT_0x1000F000)
    .data                                    0x20000000   Section        1  main.o(.data)
    .data                                    0x20000001   Section        1  main.o(.data)
    .data                                    0x20000002   Section        4  delay.o(.data)
    fac_us                                   0x20000002   Data           1  delay.o(.data)
    fac_ms                                   0x20000004   Data           2  delay.o(.data)
    .data                                    0x20000008   Section        4  timer_driver.o(.data)
    vu32_TimerTick                           0x20000008   Data           4  timer_driver.o(.data)
    .data                                    0x2000000c   Section        2  ff.o(.data)
    Fsid                                     0x2000000c   Data           2  ff.o(.data)
    .data                                    0x20000010   Section       12  exfuns.o(.data)
    .data                                    0x2000001c   Section       36  malloc.o(.data)
    .data                                    0x20000040   Section       12  usbh_core.o(.data)
    .data                                    0x2000004c   Section        4  usbh_core.o(.data)
    .data                                    0x20000050   Section        2  usbh_core.o(.data)
    timeout                                  0x20000050   Data           2  usbh_core.o(.data)
    .data                                    0x20000052   Section        4  usbh_stdreq.o(.data)
    prev_itf                                 0x20000052   Data           1  usbh_stdreq.o(.data)
    prev_ep_size                             0x20000054   Data           2  usbh_stdreq.o(.data)
    .data                                    0x20000058   Section       20  usbh_msc_bot.o(.data)
    error_direction                          0x20000058   Data           1  usbh_msc_bot.o(.data)
    remainingDataLength                      0x2000005c   Data           4  usbh_msc_bot.o(.data)
    datapointer                              0x20000060   Data           4  usbh_msc_bot.o(.data)
    datapointer_prev                         0x20000064   Data           4  usbh_msc_bot.o(.data)
    BOTStallErrorCount                       0x20000068   Data           4  usbh_msc_bot.o(.data)
    .data                                    0x2000006c   Section        2  usbh_msc_core.o(.data)
    maxLunExceed                             0x2000006d   Data           1  usbh_msc_core.o(.data)
    .data                                    0x20000070   Section       16  usbh_msc_core.o(.data)
    .data                                    0x20000080   Section        1  usbh_msc_scsi.o(.data)
    status                                   0x20000080   Data           1  usbh_msc_scsi.o(.data)
    .data                                    0x20000084   Section       72  usbh_usr.o(.data)
    .data                                    0x200000cc   Section        1  usbh_usr.o(.data)
    AppState                                 0x200000cc   Data           1  usbh_usr.o(.data)
    .data                                    0x200000d0   Section        4  download.o(.data)
    .bss                                     0x200000d4   Section     1584  main.o(.bss)
    .bss                                     0x20000704   Section       12  ff.o(.bss)
    FatFs                                    0x20000704   Data          12  ff.o(.bss)
    .bss                                     0x20000710   Section       12  exfuns.o(.bss)
    .bss                                     0x20000720   Section    102400  malloc.o(.bss)
    .bss                                     0x20019720   Section     6400  malloc.o(.bss)
    .bss                                     0x2001b020   Section      512  usbh_stdreq.o(.bss)
    .bss                                     0x2001b220   Section       64  usbh_msc_bot.o(.bss)
    .bss                                     0x2001b260   Section       74  usbh_msc_core.o(.bss)
    .bss                                     0x2001b2ac   Section      528  usbh_msc_scsi.o(.bss)
    .bss                                     0x2001b4bc   Section      512  download.o(.bss)
    .bss                                     0x2001b6bc   Section       96  libspace.o(.bss)
    HEAP                                     0x2001b720   Section      512  startup_stm32f40_41xxx.o(HEAP)
    Heap_Mem                                 0x2001b720   Data         512  startup_stm32f40_41xxx.o(HEAP)
    STACK                                    0x2001b920   Section     1024  startup_stm32f40_41xxx.o(STACK)
    Stack_Mem                                0x2001b920   Data        1024  startup_stm32f40_41xxx.o(STACK)
    __initial_sp                             0x2001bd20   Data           0  startup_stm32f40_41xxx.o(STACK)
    .ARM.__AT_0x68000000                     0x68000000   Section    983040  malloc.o(.ARM.__AT_0x68000000)
    .ARM.__AT_0x680F0000                     0x680f0000   Section    61440  malloc.o(.ARM.__AT_0x680F0000)

    Global Symbols

    Symbol Name                              Value     Ov Type        Size  Object(Section)

    BuildAttributes$$THM_ISAv4$E$P$D$K$B$S$7EM$VFPi3$EXTD16$VFPS$VFMA$PE$A:L22UL41UL21$X:L11$S22US41US21$IEEE1$IW$USESV6$~STKCKD$USESV7$~SHL$OSPACE$ROPI$EBA8$UX$STANDARDLIB$REQ8$PRES8$EABIv2 0x00000000   Number         0  anon$$obj.o ABSOLUTE
    __ARM_use_no_argv                        0x00000000   Number         0  main.o ABSOLUTE
    __ARM_exceptions_init                     - Undefined Weak Reference
    __alloca_initialize                       - Undefined Weak Reference
    __arm_fini_                               - Undefined Weak Reference
    __arm_preinit_                            - Undefined Weak Reference
    __cpp_initialize__aeabi_                  - Undefined Weak Reference
    __cxa_finalize                            - Undefined Weak Reference
    __rt_locale                               - Undefined Weak Reference
    __sigvec_lookup                           - Undefined Weak Reference
    _atexit_init                              - Undefined Weak Reference
    _call_atexit_fns                          - Undefined Weak Reference
    _clock_init                               - Undefined Weak Reference
    _fp_trap_init                             - Undefined Weak Reference
    _fp_trap_shutdown                         - Undefined Weak Reference
    _get_lc_collate                           - Undefined Weak Reference
    _get_lc_ctype                             - Undefined Weak Reference
    _get_lc_monetary                          - Undefined Weak Reference
    _get_lc_numeric                           - Undefined Weak Reference
    _get_lc_time                              - Undefined Weak Reference
    _getenv_init                              - Undefined Weak Reference
    _handle_redirection                       - Undefined Weak Reference
    _init_alloc                               - Undefined Weak Reference
    _init_user_alloc                          - Undefined Weak Reference
    _initio                                   - Undefined Weak Reference
    _rand_init                                - Undefined Weak Reference
    _signal_finish                            - Undefined Weak Reference
    _signal_init                              - Undefined Weak Reference
    _terminate_alloc                          - Undefined Weak Reference
    _terminate_user_alloc                     - Undefined Weak Reference
    _terminateio                              - Undefined Weak Reference
    __Vectors_Size                           0x00000188   Number         0  startup_stm32f40_41xxx.o ABSOLUTE
    __Vectors                                0x08000000   Data           4  startup_stm32f40_41xxx.o(RESET)
    __Vectors_End                            0x08000188   Data           0  startup_stm32f40_41xxx.o(RESET)
    __main                                   0x08000189   Thumb Code     8  __main.o(!!!main)
    __scatterload                            0x08000191   Thumb Code     0  __scatter.o(!!!scatter)
    __scatterload_rt2                        0x08000191   Thumb Code    44  __scatter.o(!!!scatter)
    __scatterload_rt2_thumb_only             0x08000191   Thumb Code     0  __scatter.o(!!!scatter)
    __scatterload_null                       0x0800019f   Thumb Code     0  __scatter.o(!!!scatter)
    __scatterload_copy                       0x080001c5   Thumb Code    26  __scatter_copy.o(!!handler_copy)
    __scatterload_zeroinit                   0x080001e1   Thumb Code    28  __scatter_zi.o(!!handler_zi)
    __rt_lib_init                            0x080001fd   Thumb Code     0  libinit.o(.ARM.Collect$$libinit$$00000000)
    __rt_lib_init_fp_1                       0x080001ff   Thumb Code     0  libinit2.o(.ARM.Collect$$libinit$$00000001)
    __rt_lib_init_alloca_1                   0x08000203   Thumb Code     0  libinit2.o(.ARM.Collect$$libinit$$0000002E)
    __rt_lib_init_argv_1                     0x08000203   Thumb Code     0  libinit2.o(.ARM.Collect$$libinit$$0000002C)
    __rt_lib_init_atexit_1                   0x08000203   Thumb Code     0  libinit2.o(.ARM.Collect$$libinit$$0000001B)
    __rt_lib_init_clock_1                    0x08000203   Thumb Code     0  libinit2.o(.ARM.Collect$$libinit$$00000021)
    __rt_lib_init_cpp_1                      0x08000203   Thumb Code     0  libinit2.o(.ARM.Collect$$libinit$$00000032)
    __rt_lib_init_exceptions_1               0x08000203   Thumb Code     0  libinit2.o(.ARM.Collect$$libinit$$00000030)
    __rt_lib_init_fp_trap_1                  0x08000203   Thumb Code     0  libinit2.o(.ARM.Collect$$libinit$$0000001F)
    __rt_lib_init_getenv_1                   0x08000203   Thumb Code     0  libinit2.o(.ARM.Collect$$libinit$$00000023)
    __rt_lib_init_heap_1                     0x08000203   Thumb Code     0  libinit2.o(.ARM.Collect$$libinit$$0000000A)
    __rt_lib_init_lc_collate_1               0x08000203   Thumb Code     0  libinit2.o(.ARM.Collect$$libinit$$00000011)
    __rt_lib_init_lc_ctype_1                 0x08000203   Thumb Code     0  libinit2.o(.ARM.Collect$$libinit$$00000013)
    __rt_lib_init_lc_monetary_1              0x08000203   Thumb Code     0  libinit2.o(.ARM.Collect$$libinit$$00000015)
    __rt_lib_init_lc_numeric_1               0x08000203   Thumb Code     0  libinit2.o(.ARM.Collect$$libinit$$00000017)
    __rt_lib_init_lc_time_1                  0x08000203   Thumb Code     0  libinit2.o(.ARM.Collect$$libinit$$00000019)
    __rt_lib_init_preinit_1                  0x08000203   Thumb Code     0  libinit2.o(.ARM.Collect$$libinit$$00000004)
    __rt_lib_init_rand_1                     0x08000203   Thumb Code     0  libinit2.o(.ARM.Collect$$libinit$$0000000E)
    __rt_lib_init_return                     0x08000203   Thumb Code     0  libinit2.o(.ARM.Collect$$libinit$$00000033)
    __rt_lib_init_signal_1                   0x08000203   Thumb Code     0  libinit2.o(.ARM.Collect$$libinit$$0000001D)
    __rt_lib_init_stdio_1                    0x08000203   Thumb Code     0  libinit2.o(.ARM.Collect$$libinit$$00000025)
    __rt_lib_init_user_alloc_1               0x08000203   Thumb Code     0  libinit2.o(.ARM.Collect$$libinit$$0000000C)
    __rt_lib_shutdown                        0x08000205   Thumb Code     0  libshutdown.o(.ARM.Collect$$libshutdown$$00000000)
    __rt_lib_shutdown_cpp_1                  0x08000207   Thumb Code     0  libshutdown2.o(.ARM.Collect$$libshutdown$$00000004)
    __rt_lib_shutdown_fini_1                 0x08000207   Thumb Code     0  libshutdown2.o(.ARM.Collect$$libshutdown$$00000002)
    __rt_lib_shutdown_fp_trap_1              0x08000207   Thumb Code     0  libshutdown2.o(.ARM.Collect$$libshutdown$$00000009)
    __rt_lib_shutdown_heap_1                 0x08000207   Thumb Code     0  libshutdown2.o(.ARM.Collect$$libshutdown$$00000011)
    __rt_lib_shutdown_return                 0x08000207   Thumb Code     0  libshutdown2.o(.ARM.Collect$$libshutdown$$00000012)
    __rt_lib_shutdown_signal_1               0x08000207   Thumb Code     0  libshutdown2.o(.ARM.Collect$$libshutdown$$0000000C)
    __rt_lib_shutdown_stdio_1                0x08000207   Thumb Code     0  libshutdown2.o(.ARM.Collect$$libshutdown$$00000006)
    __rt_lib_shutdown_user_alloc_1           0x08000207   Thumb Code     0  libshutdown2.o(.ARM.Collect$$libshutdown$$0000000E)
    __rt_entry                               0x08000209   Thumb Code     0  __rtentry.o(.ARM.Collect$$rtentry$$00000000)
    __rt_entry_presh_1                       0x08000209   Thumb Code     0  __rtentry2.o(.ARM.Collect$$rtentry$$00000002)
    __rt_entry_sh                            0x08000209   Thumb Code     0  __rtentry4.o(.ARM.Collect$$rtentry$$00000004)
    __rt_entry_li                            0x0800020f   Thumb Code     0  __rtentry2.o(.ARM.Collect$$rtentry$$0000000A)
    __rt_entry_postsh_1                      0x0800020f   Thumb Code     0  __rtentry2.o(.ARM.Collect$$rtentry$$00000009)
    __rt_entry_main                          0x08000213   Thumb Code     0  __rtentry2.o(.ARM.Collect$$rtentry$$0000000D)
    __rt_entry_postli_1                      0x08000213   Thumb Code     0  __rtentry2.o(.ARM.Collect$$rtentry$$0000000C)
    __rt_exit                                0x0800021b   Thumb Code     0  rtexit.o(.ARM.Collect$$rtexit$$00000000)
    __rt_exit_ls                             0x0800021d   Thumb Code     0  rtexit2.o(.ARM.Collect$$rtexit$$00000003)
    __rt_exit_prels_1                        0x0800021d   Thumb Code     0  rtexit2.o(.ARM.Collect$$rtexit$$00000002)
    __rt_exit_exit                           0x08000221   Thumb Code     0  rtexit2.o(.ARM.Collect$$rtexit$$00000004)
    Reset_Handler                            0x08000229   Thumb Code     8  startup_stm32f40_41xxx.o(.text)
    ADC_IRQHandler                           0x08000243   Thumb Code     0  startup_stm32f40_41xxx.o(.text)
    CAN1_RX0_IRQHandler                      0x08000243   Thumb Code     0  startup_stm32f40_41xxx.o(.text)
    CAN1_RX1_IRQHandler                      0x08000243   Thumb Code     0  startup_stm32f40_41xxx.o(.text)
    CAN1_SCE_IRQHandler                      0x08000243   Thumb Code     0  startup_stm32f40_41xxx.o(.text)
    CAN1_TX_IRQHandler                       0x08000243   Thumb Code     0  startup_stm32f40_41xxx.o(.text)
    CAN2_RX0_IRQHandler                      0x08000243   Thumb Code     0  startup_stm32f40_41xxx.o(.text)
    CAN2_RX1_IRQHandler                      0x08000243   Thumb Code     0  startup_stm32f40_41xxx.o(.text)
    CAN2_SCE_IRQHandler                      0x08000243   Thumb Code     0  startup_stm32f40_41xxx.o(.text)
    CAN2_TX_IRQHandler                       0x08000243   Thumb Code     0  startup_stm32f40_41xxx.o(.text)
    CRYP_IRQHandler                          0x08000243   Thumb Code     0  startup_stm32f40_41xxx.o(.text)
    DCMI_IRQHandler                          0x08000243   Thumb Code     0  startup_stm32f40_41xxx.o(.text)
    DMA1_Stream0_IRQHandler                  0x08000243   Thumb Code     0  startup_stm32f40_41xxx.o(.text)
    DMA1_Stream1_IRQHandler                  0x08000243   Thumb Code     0  startup_stm32f40_41xxx.o(.text)
    DMA1_Stream2_IRQHandler                  0x08000243   Thumb Code     0  startup_stm32f40_41xxx.o(.text)
    DMA1_Stream3_IRQHandler                  0x08000243   Thumb Code     0  startup_stm32f40_41xxx.o(.text)
    DMA1_Stream4_IRQHandler                  0x08000243   Thumb Code     0  startup_stm32f40_41xxx.o(.text)
    DMA1_Stream5_IRQHandler                  0x08000243   Thumb Code     0  startup_stm32f40_41xxx.o(.text)
    DMA1_Stream6_IRQHandler                  0x08000243   Thumb Code     0  startup_stm32f40_41xxx.o(.text)
    DMA1_Stream7_IRQHandler                  0x08000243   Thumb Code     0  startup_stm32f40_41xxx.o(.text)
    DMA2_Stream0_IRQHandler                  0x08000243   Thumb Code     0  startup_stm32f40_41xxx.o(.text)
    DMA2_Stream1_IRQHandler                  0x08000243   Thumb Code     0  startup_stm32f40_41xxx.o(.text)
    DMA2_Stream2_IRQHandler                  0x08000243   Thumb Code     0  startup_stm32f40_41xxx.o(.text)
    DMA2_Stream3_IRQHandler                  0x08000243   Thumb Code     0  startup_stm32f40_41xxx.o(.text)
    DMA2_Stream4_IRQHandler                  0x08000243   Thumb Code     0  startup_stm32f40_41xxx.o(.text)
    DMA2_Stream5_IRQHandler                  0x08000243   Thumb Code     0  startup_stm32f40_41xxx.o(.text)
    DMA2_Stream6_IRQHandler                  0x08000243   Thumb Code     0  startup_stm32f40_41xxx.o(.text)
    DMA2_Stream7_IRQHandler                  0x08000243   Thumb Code     0  startup_stm32f40_41xxx.o(.text)
    ETH_IRQHandler                           0x08000243   Thumb Code     0  startup_stm32f40_41xxx.o(.text)
    ETH_WKUP_IRQHandler                      0x08000243   Thumb Code     0  startup_stm32f40_41xxx.o(.text)
    EXTI0_IRQHandler                         0x08000243   Thumb Code     0  startup_stm32f40_41xxx.o(.text)
    EXTI15_10_IRQHandler                     0x08000243   Thumb Code     0  startup_stm32f40_41xxx.o(.text)
    EXTI1_IRQHandler                         0x08000243   Thumb Code     0  startup_stm32f40_41xxx.o(.text)
    EXTI2_IRQHandler                         0x08000243   Thumb Code     0  startup_stm32f40_41xxx.o(.text)
    EXTI3_IRQHandler                         0x08000243   Thumb Code     0  startup_stm32f40_41xxx.o(.text)
    EXTI4_IRQHandler                         0x08000243   Thumb Code     0  startup_stm32f40_41xxx.o(.text)
    EXTI9_5_IRQHandler                       0x08000243   Thumb Code     0  startup_stm32f40_41xxx.o(.text)
    FLASH_IRQHandler                         0x08000243   Thumb Code     0  startup_stm32f40_41xxx.o(.text)
    FPU_IRQHandler                           0x08000243   Thumb Code     0  startup_stm32f40_41xxx.o(.text)
    FSMC_IRQHandler                          0x08000243   Thumb Code     0  startup_stm32f40_41xxx.o(.text)
    HASH_RNG_IRQHandler                      0x08000243   Thumb Code     0  startup_stm32f40_41xxx.o(.text)
    I2C1_ER_IRQHandler                       0x08000243   Thumb Code     0  startup_stm32f40_41xxx.o(.text)
    I2C1_EV_IRQHandler                       0x08000243   Thumb Code     0  startup_stm32f40_41xxx.o(.text)
    I2C2_ER_IRQHandler                       0x08000243   Thumb Code     0  startup_stm32f40_41xxx.o(.text)
    I2C2_EV_IRQHandler                       0x08000243   Thumb Code     0  startup_stm32f40_41xxx.o(.text)
    I2C3_ER_IRQHandler                       0x08000243   Thumb Code     0  startup_stm32f40_41xxx.o(.text)
    I2C3_EV_IRQHandler                       0x08000243   Thumb Code     0  startup_stm32f40_41xxx.o(.text)
    OTG_FS_WKUP_IRQHandler                   0x08000243   Thumb Code     0  startup_stm32f40_41xxx.o(.text)
    OTG_HS_EP1_IN_IRQHandler                 0x08000243   Thumb Code     0  startup_stm32f40_41xxx.o(.text)
    OTG_HS_EP1_OUT_IRQHandler                0x08000243   Thumb Code     0  startup_stm32f40_41xxx.o(.text)
    OTG_HS_IRQHandler                        0x08000243   Thumb Code     0  startup_stm32f40_41xxx.o(.text)
    OTG_HS_WKUP_IRQHandler                   0x08000243   Thumb Code     0  startup_stm32f40_41xxx.o(.text)
    PVD_IRQHandler                           0x08000243   Thumb Code     0  startup_stm32f40_41xxx.o(.text)
    RCC_IRQHandler                           0x08000243   Thumb Code     0  startup_stm32f40_41xxx.o(.text)
    RTC_Alarm_IRQHandler                     0x08000243   Thumb Code     0  startup_stm32f40_41xxx.o(.text)
    RTC_WKUP_IRQHandler                      0x08000243   Thumb Code     0  startup_stm32f40_41xxx.o(.text)
    SDIO_IRQHandler                          0x08000243   Thumb Code     0  startup_stm32f40_41xxx.o(.text)
    SPI1_IRQHandler                          0x08000243   Thumb Code     0  startup_stm32f40_41xxx.o(.text)
    SPI2_IRQHandler                          0x08000243   Thumb Code     0  startup_stm32f40_41xxx.o(.text)
    SPI3_IRQHandler                          0x08000243   Thumb Code     0  startup_stm32f40_41xxx.o(.text)
    TAMP_STAMP_IRQHandler                    0x08000243   Thumb Code     0  startup_stm32f40_41xxx.o(.text)
    TIM1_BRK_TIM9_IRQHandler                 0x08000243   Thumb Code     0  startup_stm32f40_41xxx.o(.text)
    TIM1_CC_IRQHandler                       0x08000243   Thumb Code     0  startup_stm32f40_41xxx.o(.text)
    TIM1_TRG_COM_TIM11_IRQHandler            0x08000243   Thumb Code     0  startup_stm32f40_41xxx.o(.text)
    TIM1_UP_TIM10_IRQHandler                 0x08000243   Thumb Code     0  startup_stm32f40_41xxx.o(.text)
    TIM2_IRQHandler                          0x08000243   Thumb Code     0  startup_stm32f40_41xxx.o(.text)
    TIM4_IRQHandler                          0x08000243   Thumb Code     0  startup_stm32f40_41xxx.o(.text)
    TIM5_IRQHandler                          0x08000243   Thumb Code     0  startup_stm32f40_41xxx.o(.text)
    TIM6_DAC_IRQHandler                      0x08000243   Thumb Code     0  startup_stm32f40_41xxx.o(.text)
    TIM7_IRQHandler                          0x08000243   Thumb Code     0  startup_stm32f40_41xxx.o(.text)
    TIM8_BRK_TIM12_IRQHandler                0x08000243   Thumb Code     0  startup_stm32f40_41xxx.o(.text)
    TIM8_CC_IRQHandler                       0x08000243   Thumb Code     0  startup_stm32f40_41xxx.o(.text)
    TIM8_TRG_COM_TIM14_IRQHandler            0x08000243   Thumb Code     0  startup_stm32f40_41xxx.o(.text)
    TIM8_UP_TIM13_IRQHandler                 0x08000243   Thumb Code     0  startup_stm32f40_41xxx.o(.text)
    UART4_IRQHandler                         0x08000243   Thumb Code     0  startup_stm32f40_41xxx.o(.text)
    UART5_IRQHandler                         0x08000243   Thumb Code     0  startup_stm32f40_41xxx.o(.text)
    USART1_IRQHandler                        0x08000243   Thumb Code     0  startup_stm32f40_41xxx.o(.text)
    USART2_IRQHandler                        0x08000243   Thumb Code     0  startup_stm32f40_41xxx.o(.text)
    USART3_IRQHandler                        0x08000243   Thumb Code     0  startup_stm32f40_41xxx.o(.text)
    USART6_IRQHandler                        0x08000243   Thumb Code     0  startup_stm32f40_41xxx.o(.text)
    WWDG_IRQHandler                          0x08000243   Thumb Code     0  startup_stm32f40_41xxx.o(.text)
    __user_initial_stackheap                 0x08000245   Thumb Code     0  startup_stm32f40_41xxx.o(.text)
    __aeabi_memset                           0x08000269   Thumb Code    16  aeabi_memset.o(.text)
    __use_two_region_memory                  0x08000279   Thumb Code     2  heapauxi.o(.text)
    __rt_heap_escrow$2region                 0x0800027b   Thumb Code     2  heapauxi.o(.text)
    __rt_heap_expand$2region                 0x0800027d   Thumb Code     2  heapauxi.o(.text)
    __aeabi_memclr                           0x0800027f   Thumb Code     0  rt_memclr.o(.text)
    __rt_memclr                              0x0800027f   Thumb Code    68  rt_memclr.o(.text)
    _memset                                  0x08000283   Thumb Code     0  rt_memclr.o(.text)
    __aeabi_memclr4                          0x080002c3   Thumb Code     0  rt_memclr_w.o(.text)
    __aeabi_memclr8                          0x080002c3   Thumb Code     0  rt_memclr_w.o(.text)
    __rt_memclr_w                            0x080002c3   Thumb Code    78  rt_memclr_w.o(.text)
    _memset_w                                0x080002c7   Thumb Code     0  rt_memclr_w.o(.text)
    __user_setup_stackheap                   0x08000311   Thumb Code    74  sys_stackheap_outer.o(.text)
    exit                                     0x0800035b   Thumb Code    18  exit.o(.text)
    __user_libspace                          0x0800036d   Thumb Code     8  libspace.o(.text)
    __user_perproc_libspace                  0x0800036d   Thumb Code     0  libspace.o(.text)
    __user_perthread_libspace                0x0800036d   Thumb Code     0  libspace.o(.text)
    _sys_exit                                0x08000375   Thumb Code     8  sys_exit.o(.text)
    __I$use$semihosting                      0x08000381   Thumb Code     0  use_no_semi.o(.text)
    __use_no_semihosting_swi                 0x08000381   Thumb Code     2  use_no_semi.o(.text)
    BusFault_Handler                         0x08000383   Thumb Code     2  stm32f4xx_it.o(i.BusFault_Handler)
    __semihosting_library_function           0x08000383   Thumb Code     0  indicate_semi.o(.text)
    DebugMon_Handler                         0x08000385   Thumb Code     2  stm32f4xx_it.o(i.DebugMon_Handler)
    FLASH_ClearFlag                          0x08000389   Thumb Code     6  stm32f4xx_flash.o(i.FLASH_ClearFlag)
    FLASH_EraseSector                        0x08000395   Thumb Code   106  stm32f4xx_flash.o(i.FLASH_EraseSector)
    FLASH_GetStatus                          0x08000405   Thumb Code    56  stm32f4xx_flash.o(i.FLASH_GetStatus)
    FLASH_If_Erase                           0x08000441   Thumb Code    44  flash_if.o(i.FLASH_If_Erase)
    FLASH_If_Finish                          0x08000471   Thumb Code    16  flash_if.o(i.FLASH_If_Finish)
    FLASH_If_Init                            0x08000481   Thumb Code    16  flash_if.o(i.FLASH_If_Init)
    FLASH_If_Write                           0x08000491   Thumb Code    76  flash_if.o(i.FLASH_If_Write)
    FLASH_Lock                               0x080004e1   Thumb Code    12  stm32f4xx_flash.o(i.FLASH_Lock)
    FLASH_ProgramWord                        0x080004f1   Thumb Code    56  stm32f4xx_flash.o(i.FLASH_ProgramWord)
    FLASH_Unlock                             0x0800052d   Thumb Code    22  stm32f4xx_flash.o(i.FLASH_Unlock)
    FLASH_WaitForLastOperation               0x08000551   Thumb Code    34  stm32f4xx_flash.o(i.FLASH_WaitForLastOperation)
    GPIO_Init                                0x08000573   Thumb Code   124  stm32f4xx_gpio.o(i.GPIO_Init)
    GPIO_PinAFConfig                         0x080005ef   Thumb Code    32  stm32f4xx_gpio.o(i.GPIO_PinAFConfig)
    GPIO_ResetBits                           0x0800060f   Thumb Code     4  stm32f4xx_gpio.o(i.GPIO_ResetBits)
    GPIO_SetBits                             0x08000613   Thumb Code     4  stm32f4xx_gpio.o(i.GPIO_SetBits)
    HCD_GetCurrentFrame                      0x080006b9   Thumb Code     8  usb_hcd.o(i.HCD_GetCurrentFrame)
    HCD_GetCurrentSpeed                      0x080006c1   Thumb Code    12  usb_hcd.o(i.HCD_GetCurrentSpeed)
    HCD_GetURB_State                         0x080006cd   Thumb Code     8  usb_hcd.o(i.HCD_GetURB_State)
    HCD_GetXferCnt                           0x080006d5   Thumb Code    10  usb_hcd.o(i.HCD_GetXferCnt)
    HCD_Init                                 0x080006df   Thumb Code    86  usb_hcd.o(i.HCD_Init)
    HCD_IsDeviceConnected                    0x08000735   Thumb Code     6  usb_hcd.o(i.HCD_IsDeviceConnected)
    HCD_ResetPort                            0x0800073b   Thumb Code    10  usb_hcd.o(i.HCD_ResetPort)
    HCD_SubmitRequest                        0x08000745   Thumb Code    20  usb_hcd.o(i.HCD_SubmitRequest)
    HardFault_Handler                        0x08000759   Thumb Code     2  stm32f4xx_it.o(i.HardFault_Handler)
    IAP_Close                                0x0800075d   Thumb Code    30  download.o(i.IAP_Close)
    IAP_LoadApp                              0x08000781   Thumb Code    62  main.o(i.IAP_LoadApp)
    LED_PortInit                             0x080007c5   Thumb Code    58  led_driver.o(i.LED_PortInit)
    MemManage_Handler                        0x08000805   Thumb Code     2  stm32f4xx_it.o(i.MemManage_Handler)
    NMI_Handler                              0x08000807   Thumb Code     2  stm32f4xx_it.o(i.NMI_Handler)
    NVIC_Init                                0x08000809   Thumb Code    98  misc.o(i.NVIC_Init)
    NVIC_PriorityGroupConfig                 0x08000871   Thumb Code    10  misc.o(i.NVIC_PriorityGroupConfig)
    OTG_FS_IRQHandler                        0x08000885   Thumb Code     6  usbh_usr.o(i.OTG_FS_IRQHandler)
    PendSV_Handler                           0x08000891   Thumb Code     2  stm32f4xx_it.o(i.PendSV_Handler)
    RCC_AHB1PeriphClockCmd                   0x08000895   Thumb Code    22  stm32f4xx_rcc.o(i.RCC_AHB1PeriphClockCmd)
    RCC_AHB2PeriphClockCmd                   0x080008b1   Thumb Code    22  stm32f4xx_rcc.o(i.RCC_AHB2PeriphClockCmd)
    RCC_APB1PeriphClockCmd                   0x080008cd   Thumb Code    22  stm32f4xx_rcc.o(i.RCC_APB1PeriphClockCmd)
    SVC_Handler                              0x080008e9   Thumb Code     2  stm32f4xx_it.o(i.SVC_Handler)
    SysTick_CLKSourceConfig                  0x080009a5   Thumb Code    28  misc.o(i.SysTick_CLKSourceConfig)
    SysTick_Handler                          0x080009c1   Thumb Code     2  stm32f4xx_it.o(i.SysTick_Handler)
    SysTimeGet                               0x080009c5   Thumb Code     6  timer_driver.o(i.SysTimeGet)
    SystemInit                               0x080009d1   Thumb Code    74  system_stm32f4xx.o(i.SystemInit)
    TIM3_IRQHandler                          0x08000a2d   Thumb Code    38  timer_driver.o(i.TIM3_IRQHandler)
    TIM_ClearITPendingBit                    0x08000a5d   Thumb Code     6  stm32f4xx_tim.o(i.TIM_ClearITPendingBit)
    TIM_Cmd                                  0x08000a63   Thumb Code    24  stm32f4xx_tim.o(i.TIM_Cmd)
    TIM_GetITStatus                          0x08000a7b   Thumb Code    24  stm32f4xx_tim.o(i.TIM_GetITStatus)
    UDisk_Download                           0x08000a95   Thumb Code   318  download.o(i.UDisk_Download)
    USBH_Alloc_Channel                       0x08000bed   Thumb Code    36  usbh_hcs.o(i.USBH_Alloc_Channel)
    USBH_BulkReceiveData                     0x08000c11   Thumb Code    54  usbh_ioreq.o(i.USBH_BulkReceiveData)
    USBH_BulkSendData                        0x08000c47   Thumb Code    52  usbh_ioreq.o(i.USBH_BulkSendData)
    USBH_ClrFeature                          0x08000c7b   Thumb Code    46  usbh_stdreq.o(i.USBH_ClrFeature)
    USBH_Connected                           0x08000ca9   Thumb Code    10  usbh_core.o(i.USBH_Connected)
    USBH_CtlReceiveData                      0x08000cb3   Thumb Code    36  usbh_ioreq.o(i.USBH_CtlReceiveData)
    USBH_CtlReq                              0x08000cd7   Thumb Code    76  usbh_ioreq.o(i.USBH_CtlReq)
    USBH_CtlSendData                         0x08000d23   Thumb Code    60  usbh_ioreq.o(i.USBH_CtlSendData)
    USBH_CtlSendSetup                        0x08000d5f   Thumb Code    38  usbh_ioreq.o(i.USBH_CtlSendSetup)
    USBH_DeAllocate_AllChannel               0x08000d85   Thumb Code    24  usbh_hcs.o(i.USBH_DeAllocate_AllChannel)
    USBH_DeInit                              0x08000d9d   Thumb Code    52  usbh_core.o(i.USBH_DeInit)
    USBH_Disconnected                        0x08000dd1   Thumb Code    10  usbh_core.o(i.USBH_Disconnected)
    USBH_ErrorHandle                         0x08000ddb   Thumb Code    44  usbh_core.o(i.USBH_ErrorHandle)
    USBH_Free_Channel                        0x08000e07   Thumb Code    24  usbh_hcs.o(i.USBH_Free_Channel)
    USBH_GetDescriptor                       0x08000e1f   Thumb Code    50  usbh_stdreq.o(i.USBH_GetDescriptor)
    USBH_GetNextDesc                         0x08000e6f   Thumb Code    14  usbh_stdreq.o(i.USBH_GetNextDesc)
    USBH_Get_CfgDesc                         0x08000e7d   Thumb Code    86  usbh_stdreq.o(i.USBH_Get_CfgDesc)
    USBH_Get_DevDesc                         0x08000ed9   Thumb Code    50  usbh_stdreq.o(i.USBH_Get_DevDesc)
    USBH_Get_StringDesc                      0x08000f0b   Thumb Code    46  usbh_stdreq.o(i.USBH_Get_StringDesc)
    USBH_HandleControl                       0x08000f39   Thumb Code   536  usbh_core.o(i.USBH_HandleControl)
    USBH_Init                                0x0800131d   Thumb Code    64  usbh_core.o(i.USBH_Init)
    USBH_MSC_BOT_Abort                       0x08001375   Thumb Code    56  usbh_msc_bot.o(i.USBH_MSC_BOT_Abort)
    USBH_MSC_DecodeCSW                       0x080013c1   Thumb Code    88  usbh_msc_bot.o(i.USBH_MSC_DecodeCSW)
    USBH_MSC_ErrorHandle                     0x08001425   Thumb Code    44  usbh_msc_core.o(i.USBH_MSC_ErrorHandle)
    USBH_MSC_HandleBOTXfer                   0x080015d5   Thumb Code   590  usbh_msc_bot.o(i.USBH_MSC_HandleBOTXfer)
    USBH_MSC_Init                            0x08001831   Thumb Code    40  usbh_msc_bot.o(i.USBH_MSC_Init)
    USBH_MSC_ModeSense6                      0x08001949   Thumb Code   142  usbh_msc_scsi.o(i.USBH_MSC_ModeSense6)
    USBH_MSC_Read10                          0x080019e5   Thumb Code   208  usbh_msc_scsi.o(i.USBH_MSC_Read10)
    USBH_MSC_ReadCapacity10                  0x08001ac1   Thumb Code   148  usbh_msc_scsi.o(i.USBH_MSC_ReadCapacity10)
    USBH_MSC_RequestSense                    0x08001b61   Thumb Code   146  usbh_msc_scsi.o(i.USBH_MSC_RequestSense)
    USBH_MSC_TestUnitReady                   0x08001c01   Thumb Code   116  usbh_msc_scsi.o(i.USBH_MSC_TestUnitReady)
    USBH_MSC_Write10                         0x08001c81   Thumb Code   156  usbh_msc_scsi.o(i.USBH_MSC_Write10)
    USBH_Modify_Channel                      0x08001d25   Thumb Code    52  usbh_hcs.o(i.USBH_Modify_Channel)
    USBH_OTG_ISR_Handler                     0x08001d59   Thumb Code   168  usb_hcd_int.o(i.USBH_OTG_ISR_Handler)
    USBH_Open_Channel                        0x08001e01   Thumb Code    80  usbh_hcs.o(i.USBH_Open_Channel)
    USBH_Process                             0x08002021   Thumb Code   402  usbh_core.o(i.USBH_Process)
    USBH_SOF                                 0x080021b3   Thumb Code     4  usbh_core.o(i.USBH_SOF)
    USBH_SetAddress                          0x080021b7   Thumb Code    24  usbh_stdreq.o(i.USBH_SetAddress)
    USBH_SetCfg                              0x080021cf   Thumb Code    24  usbh_stdreq.o(i.USBH_SetCfg)
    USBH_UDISK_Read                          0x080021fd   Thumb Code    74  usbh_usr.o(i.USBH_UDISK_Read)
    USBH_UDISK_Status                        0x08002255   Thumb Code    12  usbh_usr.o(i.USBH_UDISK_Status)
    USBH_UDISK_Write                         0x08002265   Thumb Code    74  usbh_usr.o(i.USBH_UDISK_Write)
    USBH_USR_Configuration_DescAvailable     0x080022bd   Thumb Code     2  usbh_usr.o(i.USBH_USR_Configuration_DescAvailable)
    USBH_USR_DeInit                          0x080022c1   Thumb Code     8  usbh_usr.o(i.USBH_USR_DeInit)
    USBH_USR_DeviceAddressAssigned           0x080022cd   Thumb Code     2  usbh_usr.o(i.USBH_USR_DeviceAddressAssigned)
    USBH_USR_DeviceAttached                  0x080022d1   Thumb Code    10  usbh_usr.o(i.USBH_USR_DeviceAttached)
    USBH_USR_DeviceDisconnected              0x080022e1   Thumb Code     8  usbh_usr.o(i.USBH_USR_DeviceDisconnected)
    USBH_USR_DeviceNotSupported              0x080022ed   Thumb Code     2  usbh_usr.o(i.USBH_USR_DeviceNotSupported)
    USBH_USR_DeviceSpeedDetected             0x080022ef   Thumb Code     2  usbh_usr.o(i.USBH_USR_DeviceSpeedDetected)
    USBH_USR_Device_DescAvailable            0x080022f1   Thumb Code     2  usbh_usr.o(i.USBH_USR_Device_DescAvailable)
    USBH_USR_EnumerationDone                 0x080022f3   Thumb Code     2  usbh_usr.o(i.USBH_USR_EnumerationDone)
    USBH_USR_Init                            0x080022f5   Thumb Code    10  usbh_usr.o(i.USBH_USR_Init)
    USBH_USR_MSC_Application                 0x08002305   Thumb Code    44  usbh_usr.o(i.USBH_USR_MSC_Application)
    USBH_USR_Manufacturer_String             0x08002339   Thumb Code     2  usbh_usr.o(i.USBH_USR_Manufacturer_String)
    USBH_USR_OverCurrentDetected             0x0800233b   Thumb Code     2  usbh_usr.o(i.USBH_USR_OverCurrentDetected)
    USBH_USR_Product_String                  0x0800233d   Thumb Code     2  usbh_usr.o(i.USBH_USR_Product_String)
    USBH_USR_ResetDevice                     0x0800233f   Thumb Code     2  usbh_usr.o(i.USBH_USR_ResetDevice)
    USBH_USR_SerialNum_String                0x08002341   Thumb Code     2  usbh_usr.o(i.USBH_USR_SerialNum_String)
    USBH_USR_UnrecoveredError                0x08002343   Thumb Code     2  usbh_usr.o(i.USBH_USR_UnrecoveredError)
    USBH_USR_UserInput                       0x08002345   Thumb Code     4  usbh_usr.o(i.USBH_USR_UserInput)
    USB_OTG_BSP_ConfigVBUS                   0x08002349   Thumb Code     2  usb_bsp.o(i.USB_OTG_BSP_ConfigVBUS)
    USB_OTG_BSP_DriveVBUS                    0x0800234b   Thumb Code     2  usb_bsp.o(i.USB_OTG_BSP_DriveVBUS)
    USB_OTG_BSP_EnableInterrupt              0x0800234d   Thumb Code    34  usb_bsp.o(i.USB_OTG_BSP_EnableInterrupt)
    USB_OTG_BSP_Init                         0x08002371   Thumb Code    78  usb_bsp.o(i.USB_OTG_BSP_Init)
    USB_OTG_BSP_mDelay                       0x080023c5   Thumb Code     6  usb_bsp.o(i.USB_OTG_BSP_mDelay)
    USB_OTG_BSP_uDelay                       0x080023cb   Thumb Code     4  usb_bsp.o(i.USB_OTG_BSP_uDelay)
    USB_OTG_CoreInit                         0x080023cf   Thumb Code   164  usb_core.o(i.USB_OTG_CoreInit)
    USB_OTG_CoreInitHost                     0x08002473   Thumb Code   178  usb_core.o(i.USB_OTG_CoreInitHost)
    USB_OTG_DisableGlobalInt                 0x08002581   Thumb Code    16  usb_core.o(i.USB_OTG_DisableGlobalInt)
    USB_OTG_DriveVbus                        0x08002591   Thumb Code    72  usb_core.o(i.USB_OTG_DriveVbus)
    USB_OTG_EnableGlobalInt                  0x080025f5   Thumb Code    16  usb_core.o(i.USB_OTG_EnableGlobalInt)
    USB_OTG_EnableHostInt                    0x08002605   Thumb Code    74  usb_core.o(i.USB_OTG_EnableHostInt)
    USB_OTG_FlushRxFifo                      0x08002651   Thumb Code    54  usb_core.o(i.USB_OTG_FlushRxFifo)
    USB_OTG_FlushTxFifo                      0x0800268d   Thumb Code    62  usb_core.o(i.USB_OTG_FlushTxFifo)
    USB_OTG_GetMode                          0x080026d1   Thumb Code    10  usb_core.o(i.USB_OTG_GetMode)
    USB_OTG_HC_DoPing                        0x080026db   Thumb Code    42  usb_core.o(i.USB_OTG_HC_DoPing)
    USB_OTG_HC_Halt                          0x08002705   Thumb Code   100  usb_core.o(i.USB_OTG_HC_Halt)
    USB_OTG_HC_Init                          0x08002769   Thumb Code   324  usb_core.o(i.USB_OTG_HC_Init)
    USB_OTG_HC_StartXfer                     0x080028ad   Thumb Code   288  usb_core.o(i.USB_OTG_HC_StartXfer)
    USB_OTG_InitFSLSPClkSel                  0x080029cd   Thumb Code    12  usb_core.o(i.USB_OTG_InitFSLSPClkSel)
    USB_OTG_IsEvenFrame                      0x080029d9   Thumb Code    12  usb_core.o(i.USB_OTG_IsEvenFrame)
    USB_OTG_IsHostMode                       0x080029e5   Thumb Code    14  usb_core.o(i.USB_OTG_IsHostMode)
    USB_OTG_ReadCoreItr                      0x080029f3   Thumb Code    10  usb_core.o(i.USB_OTG_ReadCoreItr)
    USB_OTG_ReadHPRT0                        0x080029fd   Thumb Code    24  usb_core.o(i.USB_OTG_ReadHPRT0)
    USB_OTG_ReadHostAllChannels_intr         0x08002a15   Thumb Code     6  usb_core.o(i.USB_OTG_ReadHostAllChannels_intr)
    USB_OTG_ReadPacket                       0x08002a1b   Thumb Code    32  usb_core.o(i.USB_OTG_ReadPacket)
    USB_OTG_ResetPort                        0x08002a3b   Thumb Code    48  usb_core.o(i.USB_OTG_ResetPort)
    USB_OTG_SelectCore                       0x08002a6d   Thumb Code   188  usb_core.o(i.USB_OTG_SelectCore)
    USB_OTG_SetCurrentMode                   0x08002b2d   Thumb Code    54  usb_core.o(i.USB_OTG_SetCurrentMode)
    USB_OTG_WritePacket                      0x080039e5   Thumb Code    40  usb_core.o(i.USB_OTG_WritePacket)
    UsageFault_Handler                       0x08003a0d   Thumb Code     2  stm32f4xx_it.o(i.UsageFault_Handler)
    clust2sect                               0x08003ac3   Thumb Code    24  ff.o(i.clust2sect)
    delay_init                               0x08003e35   Thumb Code    38  delay.o(i.delay_init)
    delay_ms                                 0x08003e61   Thumb Code    52  delay.o(i.delay_ms)
    delay_us                                 0x08003e95   Thumb Code    46  delay.o(i.delay_us)
    delay_xms                                0x08003ec9   Thumb Code    46  delay.o(i.delay_xms)
    dir_sdi                                  0x0800420d   Thumb Code   140  ff.o(i.dir_sdi)
    disk_initialize                          0x08004299   Thumb Code    38  diskio.o(i.disk_initialize)
    disk_ioctl                               0x080042c1   Thumb Code    62  diskio.o(i.disk_ioctl)
    disk_read                                0x08004305   Thumb Code    46  diskio.o(i.disk_read)
    disk_status                              0x08004333   Thumb Code     4  diskio.o(i.disk_status)
    disk_write                               0x08004337   Thumb Code    46  diskio.o(i.disk_write)
    exf_getfree                              0x08004365   Thumb Code    46  exfuns.o(i.exf_getfree)
    exfuns_init                              0x08004395   Thumb Code    92  exfuns.o(i.exfuns_init)
    f_close                                  0x080043f9   Thumb Code    30  ff.o(i.f_close)
    f_getfree                                0x08004417   Thumb Code   222  ff.o(i.f_getfree)
    f_mount                                  0x080044f5   Thumb Code    72  ff.o(i.f_mount)
    f_open                                   0x08004541   Thumb Code   370  ff.o(i.f_open)
    f_read                                   0x080046b3   Thumb Code   370  ff.o(i.f_read)
    f_sync                                   0x08004825   Thumb Code   154  ff.o(i.f_sync)
    ff_convert                               0x080048bf   Thumb Code     4  mycc936.o(i.ff_convert)
    ff_memalloc                              0x080048c3   Thumb Code     8  diskio.o(i.ff_memalloc)
    ff_memfree                               0x080048cb   Thumb Code     8  diskio.o(i.ff_memfree)
    ff_wtoupper                              0x080048d5   Thumb Code    34  mycc936.o(i.ff_wtoupper)
    get_fat                                  0x08004d85   Thumb Code   204  ff.o(i.get_fat)
    get_fattime                              0x08004e51   Thumb Code     4  diskio.o(i.get_fattime)
    main                                     0x08004eb5   Thumb Code   154  main.o(i.main)
    my_mem_free                              0x08004fe1   Thumb Code    82  malloc.o(i.my_mem_free)
    my_mem_init                              0x0800503d   Thumb Code    52  malloc.o(i.my_mem_init)
    my_mem_malloc                            0x08005079   Thumb Code   148  malloc.o(i.my_mem_malloc)
    my_mem_perused                           0x08005115   Thumb Code    48  malloc.o(i.my_mem_perused)
    myfree                                   0x0800514d   Thumb Code    20  malloc.o(i.myfree)
    mymalloc                                 0x08005165   Thumb Code    30  malloc.o(i.mymalloc)
    mymemset                                 0x08005189   Thumb Code    14  malloc.o(i.mymemset)
    put_fat                                  0x08005197   Thumb Code   246  ff.o(i.put_fat)
    _fp_init                                 0x0800544f   Thumb Code    10  fpinit.o(x$fpl$fpinit)
    __fplib_config_fpu_vfp                   0x08005457   Thumb Code     0  fpinit.o(x$fpl$fpinit)
    __fplib_config_pureend_doubles           0x08005457   Thumb Code     0  fpinit.o(x$fpl$fpinit)
    memtblsize                               0x08005854   Data          12  malloc.o(.constdata)
    memblksize                               0x08005860   Data          12  malloc.o(.constdata)
    memsize                                  0x0800586c   Data          12  malloc.o(.constdata)
    Region$$Table$$Base                      0x08005888   Number         0  anon$$obj.o(Region$$Table)
    Region$$Table$$Limit                     0x080058a8   Number         0  anon$$obj.o(Region$$Table)
    mem3base                                 0x10000000   Data       61440  malloc.o(.ARM.__AT_0x10000000)
    mem3mapbase                              0x1000f000   Data        3840  malloc.o(.ARM.__AT_0x1000F000)
    UsbConnected                             0x20000000   Data           1  main.o(.data)
    IAPdownload                              0x20000001   Data           1  main.o(.data)
    file                                     0x20000010   Data           4  exfuns.o(.data)
    ftemp                                    0x20000014   Data           4  exfuns.o(.data)
    fatbuf                                   0x20000018   Data           4  exfuns.o(.data)
    mallco_dev                               0x2000001c   Data          36  malloc.o(.data)
    USBH_HCD_INT_cb                          0x20000040   Data          12  usbh_core.o(.data)
    USBH_HCD_INT_fops                        0x2000004c   Data           4  usbh_core.o(.data)
    MSCErrorCount                            0x2000006c   Data           1  usbh_msc_core.o(.data)
    USBH_MSC_cb                              0x20000070   Data          16  usbh_msc_core.o(.data)
    USR_Callbacks                            0x20000084   Data          72  usbh_usr.o(.data)
    m_file                                   0x200000d0   Data           4  download.o(.data)
    USB_Host                                 0x200000d4   Data         132  main.o(.bss)
    USB_OTG_Core                             0x20000158   Data        1452  main.o(.bss)
    fs                                       0x20000710   Data          12  exfuns.o(.bss)
    mem1base                                 0x20000720   Data       102400  malloc.o(.bss)
    mem1mapbase                              0x20019720   Data        6400  malloc.o(.bss)
    USBH_CfgDesc                             0x2001b020   Data         512  usbh_stdreq.o(.bss)
    USBH_MSC_CBWData                         0x2001b220   Data          32  usbh_msc_bot.o(.bss)
    USBH_MSC_CSWData                         0x2001b240   Data          16  usbh_msc_bot.o(.bss)
    USBH_MSC_BOTXferParam                    0x2001b250   Data          16  usbh_msc_bot.o(.bss)
    MSC_Machine                              0x2001b260   Data          74  usbh_msc_core.o(.bss)
    USBH_MSC_Param                           0x2001b2ac   Data          16  usbh_msc_scsi.o(.bss)
    USBH_DataInBuffer                        0x2001b2bc   Data         512  usbh_msc_scsi.o(.bss)
    ReadAppBuffer                            0x2001b4bc   Data         512  download.o(.bss)
    __libspace_start                         0x2001b6bc   Data          96  libspace.o(.bss)
    __temporary_stack_top$libspace           0x2001b71c   Data           0  libspace.o(.bss)
    mem2base                                 0x68000000   Data       983040  malloc.o(.ARM.__AT_0x68000000)
    mem2mapbase                              0x680f0000   Data       61440  malloc.o(.ARM.__AT_0x680F0000)



==============================================================================

Memory Map of the image

  Image Entry point : 0x08000189

  Load Region LR_IROM1 (Base: 0x08000000, Size: 0x0000597c, Max: 0x0000c000, ABSOLUTE)

    Execution Region ER_IROM1 (Exec base: 0x08000000, Load base: 0x08000000, Size: 0x000058a8, Max: 0x0000c000, ABSOLUTE)

    Exec Addr    Load Addr    Size         Type   Attr      Idx    E Section Name        Object

    0x08000000   0x08000000   0x00000188   Data   RO          348    RESET               startup_stm32f40_41xxx.o
    0x08000188   0x08000188   0x00000008   Code   RO         3697  * !!!main             c_w.l(__main.o)
    0x08000190   0x08000190   0x00000034   Code   RO         3860    !!!scatter          c_w.l(__scatter.o)
    0x080001c4   0x080001c4   0x0000001a   Code   RO         3862    !!handler_copy      c_w.l(__scatter_copy.o)
    0x080001de   0x080001de   0x00000002   PAD
    0x080001e0   0x080001e0   0x0000001c   Code   RO         3864    !!handler_zi        c_w.l(__scatter_zi.o)
    0x080001fc   0x080001fc   0x00000002   Code   RO         3728    .ARM.Collect$$libinit$$00000000  c_w.l(libinit.o)
    0x080001fe   0x080001fe   0x00000004   Code   RO         3734    .ARM.Collect$$libinit$$00000001  c_w.l(libinit2.o)
    0x08000202   0x08000202   0x00000000   Code   RO         3737    .ARM.Collect$$libinit$$00000004  c_w.l(libinit2.o)
    0x08000202   0x08000202   0x00000000   Code   RO         3740    .ARM.Collect$$libinit$$0000000A  c_w.l(libinit2.o)
    0x08000202   0x08000202   0x00000000   Code   RO         3742    .ARM.Collect$$libinit$$0000000C  c_w.l(libinit2.o)
    0x08000202   0x08000202   0x00000000   Code   RO         3744    .ARM.Collect$$libinit$$0000000E  c_w.l(libinit2.o)
    0x08000202   0x08000202   0x00000000   Code   RO         3747    .ARM.Collect$$libinit$$00000011  c_w.l(libinit2.o)
    0x08000202   0x08000202   0x00000000   Code   RO         3749    .ARM.Collect$$libinit$$00000013  c_w.l(libinit2.o)
    0x08000202   0x08000202   0x00000000   Code   RO         3751    .ARM.Collect$$libinit$$00000015  c_w.l(libinit2.o)
    0x08000202   0x08000202   0x00000000   Code   RO         3753    .ARM.Collect$$libinit$$00000017  c_w.l(libinit2.o)
    0x08000202   0x08000202   0x00000000   Code   RO         3755    .ARM.Collect$$libinit$$00000019  c_w.l(libinit2.o)
    0x08000202   0x08000202   0x00000000   Code   RO         3757    .ARM.Collect$$libinit$$0000001B  c_w.l(libinit2.o)
    0x08000202   0x08000202   0x00000000   Code   RO         3759    .ARM.Collect$$libinit$$0000001D  c_w.l(libinit2.o)
    0x08000202   0x08000202   0x00000000   Code   RO         3761    .ARM.Collect$$libinit$$0000001F  c_w.l(libinit2.o)
    0x08000202   0x08000202   0x00000000   Code   RO         3763    .ARM.Collect$$libinit$$00000021  c_w.l(libinit2.o)
    0x08000202   0x08000202   0x00000000   Code   RO         3765    .ARM.Collect$$libinit$$00000023  c_w.l(libinit2.o)
    0x08000202   0x08000202   0x00000000   Code   RO         3767    .ARM.Collect$$libinit$$00000025  c_w.l(libinit2.o)
    0x08000202   0x08000202   0x00000000   Code   RO         3771    .ARM.Collect$$libinit$$0000002C  c_w.l(libinit2.o)
    0x08000202   0x08000202   0x00000000   Code   RO         3773    .ARM.Collect$$libinit$$0000002E  c_w.l(libinit2.o)
    0x08000202   0x08000202   0x00000000   Code   RO         3775    .ARM.Collect$$libinit$$00000030  c_w.l(libinit2.o)
    0x08000202   0x08000202   0x00000000   Code   RO         3777    .ARM.Collect$$libinit$$00000032  c_w.l(libinit2.o)
    0x08000202   0x08000202   0x00000002   Code   RO         3778    .ARM.Collect$$libinit$$00000033  c_w.l(libinit2.o)
    0x08000204   0x08000204   0x00000002   Code   RO         3798    .ARM.Collect$$libshutdown$$00000000  c_w.l(libshutdown.o)
    0x08000206   0x08000206   0x00000000   Code   RO         3811    .ARM.Collect$$libshutdown$$00000002  c_w.l(libshutdown2.o)
    0x08000206   0x08000206   0x00000000   Code   RO         3813    .ARM.Collect$$libshutdown$$00000004  c_w.l(libshutdown2.o)
    0x08000206   0x08000206   0x00000000   Code   RO         3815    .ARM.Collect$$libshutdown$$00000006  c_w.l(libshutdown2.o)
    0x08000206   0x08000206   0x00000000   Code   RO         3818    .ARM.Collect$$libshutdown$$00000009  c_w.l(libshutdown2.o)
    0x08000206   0x08000206   0x00000000   Code   RO         3821    .ARM.Collect$$libshutdown$$0000000C  c_w.l(libshutdown2.o)
    0x08000206   0x08000206   0x00000000   Code   RO         3823    .ARM.Collect$$libshutdown$$0000000E  c_w.l(libshutdown2.o)
    0x08000206   0x08000206   0x00000000   Code   RO         3826    .ARM.Collect$$libshutdown$$00000011  c_w.l(libshutdown2.o)
    0x08000206   0x08000206   0x00000002   Code   RO         3827    .ARM.Collect$$libshutdown$$00000012  c_w.l(libshutdown2.o)
    0x08000208   0x08000208   0x00000000   Code   RO         3699    .ARM.Collect$$rtentry$$00000000  c_w.l(__rtentry.o)
    0x08000208   0x08000208   0x00000000   Code   RO         3703    .ARM.Collect$$rtentry$$00000002  c_w.l(__rtentry2.o)
    0x08000208   0x08000208   0x00000006   Code   RO         3715    .ARM.Collect$$rtentry$$00000004  c_w.l(__rtentry4.o)
    0x0800020e   0x0800020e   0x00000000   Code   RO         3705    .ARM.Collect$$rtentry$$00000009  c_w.l(__rtentry2.o)
    0x0800020e   0x0800020e   0x00000004   Code   RO         3706    .ARM.Collect$$rtentry$$0000000A  c_w.l(__rtentry2.o)
    0x08000212   0x08000212   0x00000000   Code   RO         3708    .ARM.Collect$$rtentry$$0000000C  c_w.l(__rtentry2.o)
    0x08000212   0x08000212   0x00000008   Code   RO         3709    .ARM.Collect$$rtentry$$0000000D  c_w.l(__rtentry2.o)
    0x0800021a   0x0800021a   0x00000002   Code   RO         3732    .ARM.Collect$$rtexit$$00000000  c_w.l(rtexit.o)
    0x0800021c   0x0800021c   0x00000000   Code   RO         3780    .ARM.Collect$$rtexit$$00000002  c_w.l(rtexit2.o)
    0x0800021c   0x0800021c   0x00000004   Code   RO         3781    .ARM.Collect$$rtexit$$00000003  c_w.l(rtexit2.o)
    0x08000220   0x08000220   0x00000006   Code   RO         3782    .ARM.Collect$$rtexit$$00000004  c_w.l(rtexit2.o)
    0x08000226   0x08000226   0x00000002   PAD
    0x08000228   0x08000228   0x00000040   Code   RO          349    .text               startup_stm32f40_41xxx.o
    0x08000268   0x08000268   0x00000010   Code   RO         3691    .text               c_w.l(aeabi_memset.o)
    0x08000278   0x08000278   0x00000006   Code   RO         3695    .text               c_w.l(heapauxi.o)
    0x0800027e   0x0800027e   0x00000044   Code   RO         3700    .text               c_w.l(rt_memclr.o)
    0x080002c2   0x080002c2   0x0000004e   Code   RO         3717    .text               c_w.l(rt_memclr_w.o)
    0x08000310   0x08000310   0x0000004a   Code   RO         3719    .text               c_w.l(sys_stackheap_outer.o)
    0x0800035a   0x0800035a   0x00000012   Code   RO         3721    .text               c_w.l(exit.o)
    0x0800036c   0x0800036c   0x00000008   Code   RO         3729    .text               c_w.l(libspace.o)
    0x08000374   0x08000374   0x0000000c   Code   RO         3790    .text               c_w.l(sys_exit.o)
    0x08000380   0x08000380   0x00000002   Code   RO         3801    .text               c_w.l(use_no_semi.o)
    0x08000382   0x08000382   0x00000000   Code   RO         3803    .text               c_w.l(indicate_semi.o)
    0x08000382   0x08000382   0x00000002   Code   RO          237    i.BusFault_Handler  stm32f4xx_it.o
    0x08000384   0x08000384   0x00000002   Code   RO          238    i.DebugMon_Handler  stm32f4xx_it.o
    0x08000386   0x08000386   0x00000002   PAD
    0x08000388   0x08000388   0x0000000c   Code   RO         1159    i.FLASH_ClearFlag   stm32f4xx_flash.o
    0x08000394   0x08000394   0x00000070   Code   RO         1165    i.FLASH_EraseSector  stm32f4xx_flash.o
    0x08000404   0x08000404   0x0000003c   Code   RO         1167    i.FLASH_GetStatus   stm32f4xx_flash.o
    0x08000440   0x08000440   0x00000030   Code   RO         3646    i.FLASH_If_Erase    flash_if.o
    0x08000470   0x08000470   0x00000010   Code   RO         3647    i.FLASH_If_Finish   flash_if.o
    0x08000480   0x08000480   0x00000010   Code   RO         3648    i.FLASH_If_Init     flash_if.o
    0x08000490   0x08000490   0x00000050   Code   RO         3649    i.FLASH_If_Write    flash_if.o
    0x080004e0   0x080004e0   0x00000010   Code   RO         1171    i.FLASH_Lock        stm32f4xx_flash.o
    0x080004f0   0x080004f0   0x0000003c   Code   RO         1195    i.FLASH_ProgramWord  stm32f4xx_flash.o
    0x0800052c   0x0800052c   0x00000024   Code   RO         1197    i.FLASH_Unlock      stm32f4xx_flash.o
    0x08000550   0x08000550   0x00000022   Code   RO         1198    i.FLASH_WaitForLastOperation  stm32f4xx_flash.o
    0x08000572   0x08000572   0x0000007c   Code   RO          484    i.GPIO_Init         stm32f4xx_gpio.o
    0x080005ee   0x080005ee   0x00000020   Code   RO          485    i.GPIO_PinAFConfig  stm32f4xx_gpio.o
    0x0800060e   0x0800060e   0x00000004   Code   RO          491    i.GPIO_ResetBits    stm32f4xx_gpio.o
    0x08000612   0x08000612   0x00000004   Code   RO          492    i.GPIO_SetBits      stm32f4xx_gpio.o
    0x08000616   0x08000616   0x00000002   PAD
    0x08000618   0x08000618   0x000000a0   Code   RO         3650    i.GetSector         flash_if.o
    0x080006b8   0x080006b8   0x00000008   Code   RO         2787    i.HCD_GetCurrentFrame  usb_hcd.o
    0x080006c0   0x080006c0   0x0000000c   Code   RO         2788    i.HCD_GetCurrentSpeed  usb_hcd.o
    0x080006cc   0x080006cc   0x00000008   Code   RO         2790    i.HCD_GetURB_State  usb_hcd.o
    0x080006d4   0x080006d4   0x0000000a   Code   RO         2791    i.HCD_GetXferCnt    usb_hcd.o
    0x080006de   0x080006de   0x00000056   Code   RO         2793    i.HCD_Init          usb_hcd.o
    0x08000734   0x08000734   0x00000006   Code   RO         2794    i.HCD_IsDeviceConnected  usb_hcd.o
    0x0800073a   0x0800073a   0x0000000a   Code   RO         2795    i.HCD_ResetPort     usb_hcd.o
    0x08000744   0x08000744   0x00000014   Code   RO         2796    i.HCD_SubmitRequest  usb_hcd.o
    0x08000758   0x08000758   0x00000002   Code   RO          239    i.HardFault_Handler  stm32f4xx_it.o
    0x0800075a   0x0800075a   0x00000002   PAD
    0x0800075c   0x0800075c   0x00000024   Code   RO         3610    i.IAP_Close         download.o
    0x08000780   0x08000780   0x00000044   Code   RO            3    i.IAP_LoadApp       main.o
    0x080007c4   0x080007c4   0x00000040   Code   RO         2009    i.LED_PortInit      led_driver.o
    0x08000804   0x08000804   0x00000002   Code   RO          240    i.MemManage_Handler  stm32f4xx_it.o
    0x08000806   0x08000806   0x00000002   Code   RO          241    i.NMI_Handler       stm32f4xx_it.o
    0x08000808   0x08000808   0x00000068   Code   RO          439    i.NVIC_Init         misc.o
    0x08000870   0x08000870   0x00000014   Code   RO          440    i.NVIC_PriorityGroupConfig  misc.o
    0x08000884   0x08000884   0x0000000c   Code   RO         3455    i.OTG_FS_IRQHandler  usbh_usr.o
    0x08000890   0x08000890   0x00000002   Code   RO          242    i.PendSV_Handler    stm32f4xx_it.o
    0x08000892   0x08000892   0x00000002   PAD
    0x08000894   0x08000894   0x0000001c   Code   RO          581    i.RCC_AHB1PeriphClockCmd  stm32f4xx_rcc.o
    0x080008b0   0x080008b0   0x0000001c   Code   RO          584    i.RCC_AHB2PeriphClockCmd  stm32f4xx_rcc.o
    0x080008cc   0x080008cc   0x0000001c   Code   RO          590    i.RCC_APB1PeriphClockCmd  stm32f4xx_rcc.o
    0x080008e8   0x080008e8   0x00000002   Code   RO          243    i.SVC_Handler       stm32f4xx_it.o
    0x080008ea   0x080008ea   0x00000002   PAD
    0x080008ec   0x080008ec   0x000000b8   Code   RO          311    i.SetSysClock       system_stm32f4xx.o
    0x080009a4   0x080009a4   0x0000001c   Code   RO          443    i.SysTick_CLKSourceConfig  misc.o
    0x080009c0   0x080009c0   0x00000002   Code   RO          244    i.SysTick_Handler   stm32f4xx_it.o
    0x080009c2   0x080009c2   0x00000002   PAD
    0x080009c4   0x080009c4   0x0000000c   Code   RO         1975    i.SysTimeGet        timer_driver.o
    0x080009d0   0x080009d0   0x0000005c   Code   RO          313    i.SystemInit        system_stm32f4xx.o
    0x08000a2c   0x08000a2c   0x00000030   Code   RO         1976    i.TIM3_IRQHandler   timer_driver.o
    0x08000a5c   0x08000a5c   0x00000006   Code   RO         1424    i.TIM_ClearITPendingBit  stm32f4xx_tim.o
    0x08000a62   0x08000a62   0x00000018   Code   RO         1429    i.TIM_Cmd           stm32f4xx_tim.o
    0x08000a7a   0x08000a7a   0x00000018   Code   RO         1450    i.TIM_GetITStatus   stm32f4xx_tim.o
    0x08000a92   0x08000a92   0x00000002   PAD
    0x08000a94   0x08000a94   0x00000158   Code   RO         3611    i.UDisk_Download    download.o
    0x08000bec   0x08000bec   0x00000024   Code   RO         3006    i.USBH_Alloc_Channel  usbh_hcs.o
    0x08000c10   0x08000c10   0x00000036   Code   RO         3055    i.USBH_BulkReceiveData  usbh_ioreq.o
    0x08000c46   0x08000c46   0x00000034   Code   RO         3056    i.USBH_BulkSendData  usbh_ioreq.o
    0x08000c7a   0x08000c7a   0x0000002e   Code   RO         3134    i.USBH_ClrFeature   usbh_stdreq.o
    0x08000ca8   0x08000ca8   0x0000000a   Code   RO         2931    i.USBH_Connected    usbh_core.o
    0x08000cb2   0x08000cb2   0x00000024   Code   RO         3057    i.USBH_CtlReceiveData  usbh_ioreq.o
    0x08000cd6   0x08000cd6   0x0000004c   Code   RO         3058    i.USBH_CtlReq       usbh_ioreq.o
    0x08000d22   0x08000d22   0x0000003c   Code   RO         3059    i.USBH_CtlSendData  usbh_ioreq.o
    0x08000d5e   0x08000d5e   0x00000026   Code   RO         3060    i.USBH_CtlSendSetup  usbh_ioreq.o
    0x08000d84   0x08000d84   0x00000018   Code   RO         3007    i.USBH_DeAllocate_AllChannel  usbh_hcs.o
    0x08000d9c   0x08000d9c   0x00000034   Code   RO         2932    i.USBH_DeInit       usbh_core.o
    0x08000dd0   0x08000dd0   0x0000000a   Code   RO         2933    i.USBH_Disconnected  usbh_core.o
    0x08000dda   0x08000dda   0x0000002c   Code   RO         2934    i.USBH_ErrorHandle  usbh_core.o
    0x08000e06   0x08000e06   0x00000018   Code   RO         3008    i.USBH_Free_Channel  usbh_hcs.o
    0x08000e1e   0x08000e1e   0x00000032   Code   RO         3135    i.USBH_GetDescriptor  usbh_stdreq.o
    0x08000e50   0x08000e50   0x0000001e   Code   RO         3009    i.USBH_GetFreeChannel  usbh_hcs.o
    0x08000e6e   0x08000e6e   0x0000000e   Code   RO         3136    i.USBH_GetNextDesc  usbh_stdreq.o
    0x08000e7c   0x08000e7c   0x0000005c   Code   RO         3137    i.USBH_Get_CfgDesc  usbh_stdreq.o
    0x08000ed8   0x08000ed8   0x00000032   Code   RO         3138    i.USBH_Get_DevDesc  usbh_stdreq.o
    0x08000f0a   0x08000f0a   0x0000002e   Code   RO         3139    i.USBH_Get_StringDesc  usbh_stdreq.o
    0x08000f38   0x08000f38   0x0000021c   Code   RO         2935    i.USBH_HandleControl  usbh_core.o
    0x08001154   0x08001154   0x000001c8   Code   RO         2936    i.USBH_HandleEnum   usbh_core.o
    0x0800131c   0x0800131c   0x00000040   Code   RO         2937    i.USBH_Init         usbh_core.o
    0x0800135c   0x0800135c   0x00000018   Code   RO         3279    i.USBH_MSC_BOTReset  usbh_msc_core.o
    0x08001374   0x08001374   0x00000040   Code   RO         3234    i.USBH_MSC_BOT_Abort  usbh_msc_bot.o
    0x080013b4   0x080013b4   0x0000000c   Code   RO         3280    i.USBH_MSC_ClassRequest  usbh_msc_core.o
    0x080013c0   0x080013c0   0x00000064   Code   RO         3235    i.USBH_MSC_DecodeCSW  usbh_msc_bot.o
    0x08001424   0x08001424   0x00000034   Code   RO         3281    i.USBH_MSC_ErrorHandle  usbh_msc_core.o
    0x08001458   0x08001458   0x00000020   Code   RO         3282    i.USBH_MSC_GETMaxLUN  usbh_msc_core.o
    0x08001478   0x08001478   0x0000015c   Code   RO         3283    i.USBH_MSC_Handle   usbh_msc_core.o
    0x080015d4   0x080015d4   0x0000025c   Code   RO         3236    i.USBH_MSC_HandleBOTXfer  usbh_msc_bot.o
    0x08001830   0x08001830   0x0000003c   Code   RO         3237    i.USBH_MSC_Init     usbh_msc_bot.o
    0x0800186c   0x0800186c   0x0000003c   Code   RO         3284    i.USBH_MSC_InterfaceDeInit  usbh_msc_core.o
    0x080018a8   0x080018a8   0x000000a0   Code   RO         3285    i.USBH_MSC_InterfaceInit  usbh_msc_core.o
    0x08001948   0x08001948   0x0000009c   Code   RO         3338    i.USBH_MSC_ModeSense6  usbh_msc_scsi.o
    0x080019e4   0x080019e4   0x000000dc   Code   RO         3339    i.USBH_MSC_Read10   usbh_msc_scsi.o
    0x08001ac0   0x08001ac0   0x000000a0   Code   RO         3340    i.USBH_MSC_ReadCapacity10  usbh_msc_scsi.o
    0x08001b60   0x08001b60   0x000000a0   Code   RO         3341    i.USBH_MSC_RequestSense  usbh_msc_scsi.o
    0x08001c00   0x08001c00   0x00000080   Code   RO         3342    i.USBH_MSC_TestUnitReady  usbh_msc_scsi.o
    0x08001c80   0x08001c80   0x000000a4   Code   RO         3343    i.USBH_MSC_Write10  usbh_msc_scsi.o
    0x08001d24   0x08001d24   0x00000034   Code   RO         3010    i.USBH_Modify_Channel  usbh_hcs.o
    0x08001d58   0x08001d58   0x000000a8   Code   RO         2861    i.USBH_OTG_ISR_Handler  usb_hcd_int.o
    0x08001e00   0x08001e00   0x00000050   Code   RO         3011    i.USBH_Open_Channel  usbh_hcs.o
    0x08001e50   0x08001e50   0x00000104   Code   RO         3140    i.USBH_ParseCfgDesc  usbh_stdreq.o
    0x08001f54   0x08001f54   0x00000058   Code   RO         3141    i.USBH_ParseDevDesc  usbh_stdreq.o
    0x08001fac   0x08001fac   0x00000020   Code   RO         3142    i.USBH_ParseEPDesc  usbh_stdreq.o
    0x08001fcc   0x08001fcc   0x00000026   Code   RO         3143    i.USBH_ParseInterfaceDesc  usbh_stdreq.o
    0x08001ff2   0x08001ff2   0x0000002e   Code   RO         3144    i.USBH_ParseStringDesc  usbh_stdreq.o
    0x08002020   0x08002020   0x00000192   Code   RO         2938    i.USBH_Process      usbh_core.o
    0x080021b2   0x080021b2   0x00000004   Code   RO         2939    i.USBH_SOF          usbh_core.o
    0x080021b6   0x080021b6   0x00000018   Code   RO         3145    i.USBH_SetAddress   usbh_stdreq.o
    0x080021ce   0x080021ce   0x00000018   Code   RO         3146    i.USBH_SetCfg       usbh_stdreq.o
    0x080021e6   0x080021e6   0x00000014   Code   RO         3065    i.USBH_SubmitSetupRequest  usbh_ioreq.o
    0x080021fa   0x080021fa   0x00000002   PAD
    0x080021fc   0x080021fc   0x00000058   Code   RO         3456    i.USBH_UDISK_Read   usbh_usr.o
    0x08002254   0x08002254   0x00000010   Code   RO         3457    i.USBH_UDISK_Status  usbh_usr.o
    0x08002264   0x08002264   0x00000058   Code   RO         3458    i.USBH_UDISK_Write  usbh_usr.o
    0x080022bc   0x080022bc   0x00000002   Code   RO         3459    i.USBH_USR_Configuration_DescAvailable  usbh_usr.o
    0x080022be   0x080022be   0x00000002   PAD
    0x080022c0   0x080022c0   0x0000000c   Code   RO         3460    i.USBH_USR_DeInit   usbh_usr.o
    0x080022cc   0x080022cc   0x00000002   Code   RO         3461    i.USBH_USR_DeviceAddressAssigned  usbh_usr.o
    0x080022ce   0x080022ce   0x00000002   PAD
    0x080022d0   0x080022d0   0x00000010   Code   RO         3462    i.USBH_USR_DeviceAttached  usbh_usr.o
    0x080022e0   0x080022e0   0x0000000c   Code   RO         3463    i.USBH_USR_DeviceDisconnected  usbh_usr.o
    0x080022ec   0x080022ec   0x00000002   Code   RO         3464    i.USBH_USR_DeviceNotSupported  usbh_usr.o
    0x080022ee   0x080022ee   0x00000002   Code   RO         3465    i.USBH_USR_DeviceSpeedDetected  usbh_usr.o
    0x080022f0   0x080022f0   0x00000002   Code   RO         3466    i.USBH_USR_Device_DescAvailable  usbh_usr.o
    0x080022f2   0x080022f2   0x00000002   Code   RO         3467    i.USBH_USR_EnumerationDone  usbh_usr.o
    0x080022f4   0x080022f4   0x00000010   Code   RO         3468    i.USBH_USR_Init     usbh_usr.o
    0x08002304   0x08002304   0x00000034   Code   RO         3469    i.USBH_USR_MSC_Application  usbh_usr.o
    0x08002338   0x08002338   0x00000002   Code   RO         3470    i.USBH_USR_Manufacturer_String  usbh_usr.o
    0x0800233a   0x0800233a   0x00000002   Code   RO         3471    i.USBH_USR_OverCurrentDetected  usbh_usr.o
    0x0800233c   0x0800233c   0x00000002   Code   RO         3472    i.USBH_USR_Product_String  usbh_usr.o
    0x0800233e   0x0800233e   0x00000002   Code   RO         3473    i.USBH_USR_ResetDevice  usbh_usr.o
    0x08002340   0x08002340   0x00000002   Code   RO         3474    i.USBH_USR_SerialNum_String  usbh_usr.o
    0x08002342   0x08002342   0x00000002   Code   RO         3475    i.USBH_USR_UnrecoveredError  usbh_usr.o
    0x08002344   0x08002344   0x00000004   Code   RO         3476    i.USBH_USR_UserInput  usbh_usr.o
    0x08002348   0x08002348   0x00000002   Code   RO         3396    i.USB_OTG_BSP_ConfigVBUS  usb_bsp.o
    0x0800234a   0x0800234a   0x00000002   Code   RO         3398    i.USB_OTG_BSP_DriveVBUS  usb_bsp.o
    0x0800234c   0x0800234c   0x00000022   Code   RO         3399    i.USB_OTG_BSP_EnableInterrupt  usb_bsp.o
    0x0800236e   0x0800236e   0x00000002   PAD
    0x08002370   0x08002370   0x00000054   Code   RO         3400    i.USB_OTG_BSP_Init  usb_bsp.o
    0x080023c4   0x080023c4   0x00000006   Code   RO         3401    i.USB_OTG_BSP_mDelay  usb_bsp.o
    0x080023ca   0x080023ca   0x00000004   Code   RO         3402    i.USB_OTG_BSP_uDelay  usb_bsp.o
    0x080023ce   0x080023ce   0x000000a4   Code   RO         2601    i.USB_OTG_CoreInit  usb_core.o
    0x08002472   0x08002472   0x000000b2   Code   RO         2602    i.USB_OTG_CoreInitHost  usb_core.o
    0x08002524   0x08002524   0x0000005c   Code   RO         2603    i.USB_OTG_CoreReset  usb_core.o
    0x08002580   0x08002580   0x00000010   Code   RO         2604    i.USB_OTG_DisableGlobalInt  usb_core.o
    0x08002590   0x08002590   0x00000048   Code   RO         2605    i.USB_OTG_DriveVbus  usb_core.o
    0x080025d8   0x080025d8   0x0000001c   Code   RO         2606    i.USB_OTG_EnableCommonInt  usb_core.o
    0x080025f4   0x080025f4   0x00000010   Code   RO         2607    i.USB_OTG_EnableGlobalInt  usb_core.o
    0x08002604   0x08002604   0x0000004a   Code   RO         2608    i.USB_OTG_EnableHostInt  usb_core.o
    0x0800264e   0x0800264e   0x00000002   PAD
    0x08002650   0x08002650   0x0000003c   Code   RO         2609    i.USB_OTG_FlushRxFifo  usb_core.o
    0x0800268c   0x0800268c   0x00000044   Code   RO         2610    i.USB_OTG_FlushTxFifo  usb_core.o
    0x080026d0   0x080026d0   0x0000000a   Code   RO         2611    i.USB_OTG_GetMode   usb_core.o
    0x080026da   0x080026da   0x0000002a   Code   RO         2612    i.USB_OTG_HC_DoPing  usb_core.o
    0x08002704   0x08002704   0x00000064   Code   RO         2613    i.USB_OTG_HC_Halt   usb_core.o
    0x08002768   0x08002768   0x00000144   Code   RO         2614    i.USB_OTG_HC_Init   usb_core.o
    0x080028ac   0x080028ac   0x00000120   Code   RO         2615    i.USB_OTG_HC_StartXfer  usb_core.o
    0x080029cc   0x080029cc   0x0000000c   Code   RO         2616    i.USB_OTG_InitFSLSPClkSel  usb_core.o
    0x080029d8   0x080029d8   0x0000000c   Code   RO         2618    i.USB_OTG_IsEvenFrame  usb_core.o
    0x080029e4   0x080029e4   0x0000000e   Code   RO         2619    i.USB_OTG_IsHostMode  usb_core.o
    0x080029f2   0x080029f2   0x0000000a   Code   RO         2620    i.USB_OTG_ReadCoreItr  usb_core.o
    0x080029fc   0x080029fc   0x00000018   Code   RO         2621    i.USB_OTG_ReadHPRT0  usb_core.o
    0x08002a14   0x08002a14   0x00000006   Code   RO         2622    i.USB_OTG_ReadHostAllChannels_intr  usb_core.o
    0x08002a1a   0x08002a1a   0x00000020   Code   RO         2624    i.USB_OTG_ReadPacket  usb_core.o
    0x08002a3a   0x08002a3a   0x00000030   Code   RO         2625    i.USB_OTG_ResetPort  usb_core.o
    0x08002a6a   0x08002a6a   0x00000002   PAD
    0x08002a6c   0x08002a6c   0x000000c0   Code   RO         2626    i.USB_OTG_SelectCore  usb_core.o
    0x08002b2c   0x08002b2c   0x00000036   Code   RO         2627    i.USB_OTG_SetCurrentMode  usb_core.o
    0x08002b62   0x08002b62   0x00000002   PAD
    0x08002b64   0x08002b64   0x0000002c   Code   RO         2862    i.USB_OTG_USBH_handle_Disconnect_ISR  usb_hcd_int.o
    0x08002b90   0x08002b90   0x00000046   Code   RO         2863    i.USB_OTG_USBH_handle_IncompletePeriodicXfer_ISR  usb_hcd_int.o
    0x08002bd6   0x08002bd6   0x00000056   Code   RO         2864    i.USB_OTG_USBH_handle_hc_ISR  usb_hcd_int.o
    0x08002c2c   0x08002c2c   0x00000490   Code   RO         2865    i.USB_OTG_USBH_handle_hc_n_In_ISR  usb_hcd_int.o
    0x080030bc   0x080030bc   0x00000418   Code   RO         2866    i.USB_OTG_USBH_handle_hc_n_Out_ISR  usb_hcd_int.o
    0x080034d4   0x080034d4   0x0000012e   Code   RO         2867    i.USB_OTG_USBH_handle_nptxfempty_ISR  usb_hcd_int.o
    0x08003602   0x08003602   0x00000002   PAD
    0x08003604   0x08003604   0x00000120   Code   RO         2868    i.USB_OTG_USBH_handle_port_ISR  usb_hcd_int.o
    0x08003724   0x08003724   0x0000012e   Code   RO         2869    i.USB_OTG_USBH_handle_ptxfempty_ISR  usb_hcd_int.o
    0x08003852   0x08003852   0x00000164   Code   RO         2870    i.USB_OTG_USBH_handle_rx_qlvl_ISR  usb_hcd_int.o
    0x080039b6   0x080039b6   0x00000002   PAD
    0x080039b8   0x080039b8   0x0000002c   Code   RO         2871    i.USB_OTG_USBH_handle_sof_ISR  usb_hcd_int.o
    0x080039e4   0x080039e4   0x00000028   Code   RO         2629    i.USB_OTG_WritePacket  usb_core.o
    0x08003a0c   0x08003a0c   0x00000002   Code   RO          245    i.UsageFault_Handler  stm32f4xx_it.o
    0x08003a0e   0x08003a0e   0x00000002   PAD
    0x08003a10   0x08003a10   0x0000007c   Code   RO         2096    i.check_fs          ff.o
    0x08003a8c   0x08003a8c   0x00000010   Code   RO         2097    i.chk_chr           ff.o
    0x08003a9c   0x08003a9c   0x00000026   Code   RO         2098    i.clmt_clust        ff.o
    0x08003ac2   0x08003ac2   0x00000018   Code   RO         2099    i.clust2sect        ff.o
    0x08003ada   0x08003ada   0x00000002   PAD
    0x08003adc   0x08003adc   0x00000080   Code   RO         2100    i.cmp_lfn           ff.o
    0x08003b5c   0x08003b5c   0x000000a8   Code   RO         2101    i.create_chain      ff.o
    0x08003c04   0x08003c04   0x00000230   Code   RO         2102    i.create_name       ff.o
    0x08003e34   0x08003e34   0x0000002c   Code   RO          399    i.delay_init        delay.o
    0x08003e60   0x08003e60   0x00000034   Code   RO          400    i.delay_ms          delay.o
    0x08003e94   0x08003e94   0x00000034   Code   RO          401    i.delay_us          delay.o
    0x08003ec8   0x08003ec8   0x00000034   Code   RO          402    i.delay_xms         delay.o
    0x08003efc   0x08003efc   0x00000044   Code   RO         2103    i.dir_alloc         ff.o
    0x08003f40   0x08003f40   0x000000c6   Code   RO         2104    i.dir_find          ff.o
    0x08004006   0x08004006   0x00000102   Code   RO         2105    i.dir_next          ff.o
    0x08004108   0x08004108   0x00000104   Code   RO         2107    i.dir_register      ff.o
    0x0800420c   0x0800420c   0x0000008c   Code   RO         2109    i.dir_sdi           ff.o
    0x08004298   0x08004298   0x00000026   Code   RO         2029    i.disk_initialize   diskio.o
    0x080042be   0x080042be   0x00000002   PAD
    0x080042c0   0x080042c0   0x00000044   Code   RO         2030    i.disk_ioctl        diskio.o
    0x08004304   0x08004304   0x0000002e   Code   RO         2031    i.disk_read         diskio.o
    0x08004332   0x08004332   0x00000004   Code   RO         2032    i.disk_status       diskio.o
    0x08004336   0x08004336   0x0000002e   Code   RO         2033    i.disk_write        diskio.o
    0x08004364   0x08004364   0x0000002e   Code   RO         2441    i.exf_getfree       exfuns.o
    0x08004392   0x08004392   0x00000002   PAD
    0x08004394   0x08004394   0x00000064   Code   RO         2442    i.exfuns_init       exfuns.o
    0x080043f8   0x080043f8   0x0000001e   Code   RO         2111    i.f_close           ff.o
    0x08004416   0x08004416   0x000000de   Code   RO         2113    i.f_getfree         ff.o
    0x080044f4   0x080044f4   0x0000004c   Code   RO         2119    i.f_mount           ff.o
    0x08004540   0x08004540   0x00000172   Code   RO         2120    i.f_open            ff.o
    0x080046b2   0x080046b2   0x00000172   Code   RO         2125    i.f_read            ff.o
    0x08004824   0x08004824   0x0000009a   Code   RO         2130    i.f_sync            ff.o
    0x080048be   0x080048be   0x00000004   Code   RO         2499    i.ff_convert        mycc936.o
    0x080048c2   0x080048c2   0x00000008   Code   RO         2034    i.ff_memalloc       diskio.o
    0x080048ca   0x080048ca   0x00000008   Code   RO         2035    i.ff_memfree        diskio.o
    0x080048d2   0x080048d2   0x00000002   PAD
    0x080048d4   0x080048d4   0x0000002c   Code   RO         2500    i.ff_wtoupper       mycc936.o
    0x08004900   0x08004900   0x00000314   Code   RO         2135    i.find_volume       ff.o
    0x08004c14   0x08004c14   0x0000006c   Code   RO         2136    i.fit_lfn           ff.o
    0x08004c80   0x08004c80   0x0000006a   Code   RO         2137    i.follow_path       ff.o
    0x08004cea   0x08004cea   0x00000002   PAD
    0x08004cec   0x08004cec   0x00000098   Code   RO         2138    i.gen_numname       ff.o
    0x08004d84   0x08004d84   0x000000cc   Code   RO         2139    i.get_fat           ff.o
    0x08004e50   0x08004e50   0x00000004   Code   RO         2036    i.get_fattime       diskio.o
    0x08004e54   0x08004e54   0x00000042   Code   RO         2141    i.get_ldnumber      ff.o
    0x08004e96   0x08004e96   0x0000001e   Code   RO         2142    i.ld_clust          ff.o
    0x08004eb4   0x08004eb4   0x000000bc   Code   RO            4    i.main              main.o
    0x08004f70   0x08004f70   0x0000001a   Code   RO         2143    i.mem_cmp           ff.o
    0x08004f8a   0x08004f8a   0x00000012   Code   RO         2144    i.mem_cpy           ff.o
    0x08004f9c   0x08004f9c   0x00000010   Code   RO         2145    i.mem_set           ff.o
    0x08004fac   0x08004fac   0x00000032   Code   RO         2146    i.move_window       ff.o
    0x08004fde   0x08004fde   0x00000002   PAD
    0x08004fe0   0x08004fe0   0x0000005c   Code   RO         2520    i.my_mem_free       malloc.o
    0x0800503c   0x0800503c   0x0000003c   Code   RO         2521    i.my_mem_init       malloc.o
    0x08005078   0x08005078   0x0000009c   Code   RO         2522    i.my_mem_malloc     malloc.o
    0x08005114   0x08005114   0x00000038   Code   RO         2523    i.my_mem_perused    malloc.o
    0x0800514c   0x0800514c   0x00000018   Code   RO         2524    i.myfree            malloc.o
    0x08005164   0x08005164   0x00000024   Code   RO         2525    i.mymalloc          malloc.o
    0x08005188   0x08005188   0x0000000e   Code   RO         2527    i.mymemset          malloc.o
    0x08005196   0x08005196   0x000000f6   Code   RO         2148    i.put_fat           ff.o
    0x0800528c   0x0800528c   0x00000066   Code   RO         2150    i.remove_chain      ff.o
    0x080052f2   0x080052f2   0x00000010   Code   RO         2151    i.st_clust          ff.o
    0x08005302   0x08005302   0x0000001a   Code   RO         2152    i.sum_sfn           ff.o
    0x0800531c   0x0800531c   0x000000b4   Code   RO         2153    i.sync_fs           ff.o
    0x080053d0   0x080053d0   0x00000052   Code   RO         2154    i.sync_window       ff.o
    0x08005422   0x08005422   0x0000002c   Code   RO         2155    i.validate          ff.o
    0x0800544e   0x0800544e   0x0000000a   Code   RO         3788    x$fpl$fpinit        fz_wm.l(fpinit.o)
    0x08005458   0x08005458   0x0000003a   Data   RO         2157    .constdata          ff.o
    0x08005492   0x08005492   0x000003c0   Data   RO         2501    .constdata          mycc936.o
    0x08005852   0x08005852   0x00000002   PAD
    0x08005854   0x08005854   0x00000024   Data   RO         2535    .constdata          malloc.o
    0x08005878   0x08005878   0x0000000e   Data   RO         3613    .conststring        download.o
    0x08005886   0x08005886   0x00000002   PAD
    0x08005888   0x08005888   0x00000020   Data   RO         3858    Region$$Table       anon$$obj.o


    Execution Region RW_IRAM1 (Exec base: 0x20000000, Load base: 0x080058a8, Size: 0x0001bd20, Max: 0x00020000, ABSOLUTE)

    Exec Addr    Load Addr    Size         Type   Attr      Idx    E Section Name        Object

    0x20000000   0x080058a8   0x00000001   Data   RW            6    .data               main.o
    0x20000001   0x080058a9   0x00000001   Data   RW            7    .data               main.o
    0x20000002   0x080058aa   0x00000004   Data   RW          403    .data               delay.o
    0x20000006   0x080058ae   0x00000002   PAD
    0x20000008   0x080058b0   0x00000004   Data   RW         1978    .data               timer_driver.o
    0x2000000c   0x080058b4   0x00000002   Data   RW         2158    .data               ff.o
    0x2000000e   0x080058b6   0x00000002   PAD
    0x20000010   0x080058b8   0x0000000c   Data   RW         2449    .data               exfuns.o
    0x2000001c   0x080058c4   0x00000024   Data   RW         2536    .data               malloc.o
    0x20000040   0x080058e8   0x0000000c   Data   RW         2940    .data               usbh_core.o
    0x2000004c   0x080058f4   0x00000004   Data   RW         2941    .data               usbh_core.o
    0x20000050   0x080058f8   0x00000002   Data   RW         2942    .data               usbh_core.o
    0x20000052   0x080058fa   0x00000004   Data   RW         3149    .data               usbh_stdreq.o
    0x20000056   0x080058fe   0x00000002   PAD
    0x20000058   0x08005900   0x00000014   Data   RW         3239    .data               usbh_msc_bot.o
    0x2000006c   0x08005914   0x00000002   Data   RW         3287    .data               usbh_msc_core.o
    0x2000006e   0x08005916   0x00000002   PAD
    0x20000070   0x08005918   0x00000010   Data   RW         3288    .data               usbh_msc_core.o
    0x20000080   0x08005928   0x00000001   Data   RW         3346    .data               usbh_msc_scsi.o
    0x20000081   0x08005929   0x00000003   PAD
    0x20000084   0x0800592c   0x00000048   Data   RW         3477    .data               usbh_usr.o
    0x200000cc   0x08005974   0x00000001   Data   RW         3478    .data               usbh_usr.o
    0x200000cd   0x08005975   0x00000003   PAD
    0x200000d0   0x08005978   0x00000004   Data   RW         3614    .data               download.o
    0x200000d4        -       0x00000630   Zero   RW            5    .bss                main.o
    0x20000704        -       0x0000000c   Zero   RW         2156    .bss                ff.o
    0x20000710        -       0x0000000c   Zero   RW         2444    .bss                exfuns.o
    0x2000071c   0x0800597c   0x00000004   PAD
    0x20000720        -       0x00019000   Zero   RW         2533    .bss                malloc.o
    0x20019720        -       0x00001900   Zero   RW         2534    .bss                malloc.o
    0x2001b020        -       0x00000200   Zero   RW         3148    .bss                usbh_stdreq.o
    0x2001b220        -       0x00000040   Zero   RW         3238    .bss                usbh_msc_bot.o
    0x2001b260        -       0x0000004a   Zero   RW         3286    .bss                usbh_msc_core.o
    0x2001b2aa   0x0800597c   0x00000002   PAD
    0x2001b2ac        -       0x00000210   Zero   RW         3344    .bss                usbh_msc_scsi.o
    0x2001b4bc        -       0x00000200   Zero   RW         3612    .bss                download.o
    0x2001b6bc        -       0x00000060   Zero   RW         3730    .bss                c_w.l(libspace.o)
    0x2001b71c   0x0800597c   0x00000004   PAD
    0x2001b720        -       0x00000200   Zero   RW          347    HEAP                startup_stm32f40_41xxx.o
    0x2001b920        -       0x00000400   Zero   RW          346    STACK               startup_stm32f40_41xxx.o



  Load Region LR$$.ARM.__AT_0x10000000 (Base: 0x10000000, Size: 0x00000000, Max: 0x0000f000, ABSOLUTE)

    Execution Region ER$$.ARM.__AT_0x10000000 (Exec base: 0x10000000, Load base: 0x10000000, Size: 0x0000f000, Max: 0x0000f000, ABSOLUTE, UNINIT)

    Exec Addr    Load Addr    Size         Type   Attr      Idx    E Section Name        Object

    0x10000000        -       0x0000f000   Zero   RW         2529    .ARM.__AT_0x10000000  malloc.o



  Load Region LR$$.ARM.__AT_0x1000F000 (Base: 0x1000f000, Size: 0x00000000, Max: 0x00000f00, ABSOLUTE)

    Execution Region ER$$.ARM.__AT_0x1000F000 (Exec base: 0x1000f000, Load base: 0x1000f000, Size: 0x00000f00, Max: 0x00000f00, ABSOLUTE, UNINIT)

    Exec Addr    Load Addr    Size         Type   Attr      Idx    E Section Name        Object

    0x1000f000        -       0x00000f00   Zero   RW         2530    .ARM.__AT_0x1000F000  malloc.o



  Load Region LR$$.ARM.__AT_0x68000000 (Base: 0x68000000, Size: 0x00000000, Max: 0x000f0000, ABSOLUTE)

    Execution Region ER$$.ARM.__AT_0x68000000 (Exec base: 0x68000000, Load base: 0x68000000, Size: 0x000f0000, Max: 0x000f0000, ABSOLUTE, UNINIT)

    Exec Addr    Load Addr    Size         Type   Attr      Idx    E Section Name        Object

    0x68000000        -       0x000f0000   Zero   RW         2531    .ARM.__AT_0x68000000  malloc.o



  Load Region LR$$.ARM.__AT_0x680F0000 (Base: 0x680f0000, Size: 0x00000000, Max: 0x0000f000, ABSOLUTE)

    Execution Region ER$$.ARM.__AT_0x680F0000 (Exec base: 0x680f0000, Load base: 0x680f0000, Size: 0x0000f000, Max: 0x0000f000, ABSOLUTE, UNINIT)

    Exec Addr    Load Addr    Size         Type   Attr      Idx    E Section Name        Object

    0x680f0000        -       0x0000f000   Zero   RW         2532    .ARM.__AT_0x680F0000  malloc.o


==============================================================================

Image component sizes


      Code (inc. data)   RO Data    RW Data    ZI Data      Debug   Object Name

       200         18          0          4          0       2543   delay.o
       222          6          0          0          0       6411   diskio.o
       380         32         14          4        512       2590   download.o
       146          8          0         12         12       2400   exfuns.o
      5464         62         58          2         12      36659   ff.o
       320         54          0          0          0       3644   flash_if.o
        64          6          0          0          0        587   led_driver.o
       256         40          0          2       1584      73782   main.o
       438         44         36         36    1218560       6602   malloc.o
       152         16          0          0          0       2141   misc.o
        48         10        960          0          0       1555   mycc936.o
        64         26        392          0       1536        844   startup_stm32f40_41xxx.o
       330         38          0          0          0       4681   stm32f4xx_flash.o
       164          0          0          0          0       2875   stm32f4xx_gpio.o
        18          0          0          0          0       4030   stm32f4xx_it.o
        84         18          0          0          0       1827   stm32f4xx_rcc.o
        54          0          0          0          0       2428   stm32f4xx_tim.o
         0          0          0          0          0     229164   sys.o
       276         34          0          0          0       1473   system_stm32f4xx.o
        60         16          0          4          0       1719   timer_driver.o
       132          6          0          0          0       3632   usb_bsp.o
      1976         26          0          0          0      19319   usb_core.o
       160          0          0          0          0       5275   usb_hcd.o
      3876         16          0          0          0      10951   usb_hcd_int.o
      1582         42          0         18          0       9957   usbh_core.o
       246          0          0          0          0       4664   usbh_hcs.o
       336          0          0          0          0       5790   usbh_ioreq.o
       828         64          0         20         64       7345   usbh_msc_bot.o
       688         56          0         18         74       7205   usbh_msc_core.o
       988         72          0          1        528       7656   usbh_msc_scsi.o
       810         12          0          4        512      10665   usbh_stdreq.o
       340         66          0         73          0      12839   usbh_usr.o

    ----------------------------------------------------------------------
     20748        788       1496        212    1223400     493253   Object Totals
         0          0         32          0          0          0   (incl. Generated)
        46          0          4         14          6          0   (incl. Padding)

    ----------------------------------------------------------------------

      Code (inc. data)   RO Data    RW Data    ZI Data      Debug   Library Member Name

         8          0          0          0          0         68   __main.o
         0          0          0          0          0          0   __rtentry.o
        12          0          0          0          0          0   __rtentry2.o
         6          0          0          0          0          0   __rtentry4.o
        52          8          0          0          0          0   __scatter.o
        26          0          0          0          0          0   __scatter_copy.o
        28          0          0          0          0          0   __scatter_zi.o
        16          0          0          0          0         68   aeabi_memset.o
        18          0          0          0          0         80   exit.o
         6          0          0          0          0        152   heapauxi.o
         0          0          0          0          0          0   indicate_semi.o
         2          0          0          0          0          0   libinit.o
         6          0          0          0          0          0   libinit2.o
         2          0          0          0          0          0   libshutdown.o
         2          0          0          0          0          0   libshutdown2.o
         8          4          0          0         96         68   libspace.o
        68          0          0          0          0         68   rt_memclr.o
        78          0          0          0          0         80   rt_memclr_w.o
         2          0          0          0          0          0   rtexit.o
        10          0          0          0          0          0   rtexit2.o
        12          4          0          0          0         68   sys_exit.o
        74          0          0          0          0         80   sys_stackheap_outer.o
         2          0          0          0          0         68   use_no_semi.o
        10          0          0          0          0        116   fpinit.o

    ----------------------------------------------------------------------
       452         16          0          0        100        916   Library Totals
         4          0          0          0          4          0   (incl. Padding)

    ----------------------------------------------------------------------

      Code (inc. data)   RO Data    RW Data    ZI Data      Debug   Library Name

       438         16          0          0         96        800   c_w.l
        10          0          0          0          0        116   fz_wm.l

    ----------------------------------------------------------------------
       452         16          0          0        100        916   Library Totals

    ----------------------------------------------------------------------

==============================================================================


      Code (inc. data)   RO Data    RW Data    ZI Data      Debug   

     21200        804       1496        212    1223500     471757   Grand Totals
     21200        804       1496        212    1223500     471757   ELF Image Totals
     21200        804       1496        212          0          0   ROM Totals

==============================================================================

    Total RO  Size (Code + RO Data)                22696 (  22.16kB)
    Total RW  Size (RW Data + ZI Data)           1223712 (1195.03kB)
    Total ROM Size (Code + RO Data + RW Data)      22908 (  22.37kB)

==============================================================================

