<!doctype html public "-//w3c//dtd html 4.0 transitional//en">
<html><head>
<title>Static Call Graph - [..\OBJ\Shatang.axf]</title></head>
<body><HR>
<H1>Static Call Graph for image ..\OBJ\Shatang.axf</H1><HR>
<BR><P>#&#060CALLGRAPH&#062# ARM Linker, 5060960: Last Updated: Wed Apr 15 20:15:44 2026
<BR><P>
<H3>Maximum Stack Usage =       1072 bytes + Unknown(Functions without stacksize, Cycles, Untraceable Function Pointers)</H3><H3>
Call chain for Maximum Stack Depth:</H3>
USBH_USR_MSC_Application &rArr; UDisk_Download &rArr; f_open &rArr; dir_register &rArr; dir_find &rArr; dir_next &rArr; create_chain &rArr; put_fat &rArr; move_window &rArr; sync_window &rArr; disk_write &rArr; USBH_UDISK_Write &rArr; USBH_MSC_HandleBOTXfer &rArr; USBH_BulkSendData &rArr; HCD_SubmitRequest &rArr; USB_OTG_HC_StartXfer &rArr; USB_OTG_WritePacket
<P>
<H3>
Functions with no stack information
</H3><UL>
 <LI><a href="#[92]">__user_initial_stackheap</a>
</UL>
</UL>
<P>
<H3>
Mutually Recursive functions
</H3> <LI><a href="#[1e]">ADC_IRQHandler</a>&nbsp;&nbsp;&nbsp;&rArr;&nbsp;&nbsp;&nbsp;<a href="#[1e]">ADC_IRQHandler</a><BR>
 <LI><a href="#[6]">BusFault_Handler</a>&nbsp;&nbsp;&nbsp;&rArr;&nbsp;&nbsp;&nbsp;<a href="#[6]">BusFault_Handler</a><BR>
 <LI><a href="#[4]">HardFault_Handler</a>&nbsp;&nbsp;&nbsp;&rArr;&nbsp;&nbsp;&nbsp;<a href="#[4]">HardFault_Handler</a><BR>
 <LI><a href="#[5]">MemManage_Handler</a>&nbsp;&nbsp;&nbsp;&rArr;&nbsp;&nbsp;&nbsp;<a href="#[5]">MemManage_Handler</a><BR>
 <LI><a href="#[7]">UsageFault_Handler</a>&nbsp;&nbsp;&nbsp;&rArr;&nbsp;&nbsp;&nbsp;<a href="#[7]">UsageFault_Handler</a><BR>
</UL>
<P>
<H3>
Function Pointers
</H3><UL>
 <LI><a href="#[1e]">ADC_IRQHandler</a> from startup_stm32f40_41xxx.o(.text) referenced from startup_stm32f40_41xxx.o(RESET)
 <LI><a href="#[6]">BusFault_Handler</a> from stm32f4xx_it.o(i.BusFault_Handler) referenced from startup_stm32f40_41xxx.o(RESET)
 <LI><a href="#[20]">CAN1_RX0_IRQHandler</a> from startup_stm32f40_41xxx.o(.text) referenced from startup_stm32f40_41xxx.o(RESET)
 <LI><a href="#[21]">CAN1_RX1_IRQHandler</a> from startup_stm32f40_41xxx.o(.text) referenced from startup_stm32f40_41xxx.o(RESET)
 <LI><a href="#[22]">CAN1_SCE_IRQHandler</a> from startup_stm32f40_41xxx.o(.text) referenced from startup_stm32f40_41xxx.o(RESET)
 <LI><a href="#[1f]">CAN1_TX_IRQHandler</a> from startup_stm32f40_41xxx.o(.text) referenced from startup_stm32f40_41xxx.o(RESET)
 <LI><a href="#[4c]">CAN2_RX0_IRQHandler</a> from startup_stm32f40_41xxx.o(.text) referenced from startup_stm32f40_41xxx.o(RESET)
 <LI><a href="#[4d]">CAN2_RX1_IRQHandler</a> from startup_stm32f40_41xxx.o(.text) referenced from startup_stm32f40_41xxx.o(RESET)
 <LI><a href="#[4e]">CAN2_SCE_IRQHandler</a> from startup_stm32f40_41xxx.o(.text) referenced from startup_stm32f40_41xxx.o(RESET)
 <LI><a href="#[4b]">CAN2_TX_IRQHandler</a> from startup_stm32f40_41xxx.o(.text) referenced from startup_stm32f40_41xxx.o(RESET)
 <LI><a href="#[5b]">CRYP_IRQHandler</a> from startup_stm32f40_41xxx.o(.text) referenced from startup_stm32f40_41xxx.o(RESET)
 <LI><a href="#[5a]">DCMI_IRQHandler</a> from startup_stm32f40_41xxx.o(.text) referenced from startup_stm32f40_41xxx.o(RESET)
 <LI><a href="#[17]">DMA1_Stream0_IRQHandler</a> from startup_stm32f40_41xxx.o(.text) referenced from startup_stm32f40_41xxx.o(RESET)
 <LI><a href="#[18]">DMA1_Stream1_IRQHandler</a> from startup_stm32f40_41xxx.o(.text) referenced from startup_stm32f40_41xxx.o(RESET)
 <LI><a href="#[19]">DMA1_Stream2_IRQHandler</a> from startup_stm32f40_41xxx.o(.text) referenced from startup_stm32f40_41xxx.o(RESET)
 <LI><a href="#[1a]">DMA1_Stream3_IRQHandler</a> from startup_stm32f40_41xxx.o(.text) referenced from startup_stm32f40_41xxx.o(RESET)
 <LI><a href="#[1b]">DMA1_Stream4_IRQHandler</a> from startup_stm32f40_41xxx.o(.text) referenced from startup_stm32f40_41xxx.o(RESET)
 <LI><a href="#[1c]">DMA1_Stream5_IRQHandler</a> from startup_stm32f40_41xxx.o(.text) referenced from startup_stm32f40_41xxx.o(RESET)
 <LI><a href="#[1d]">DMA1_Stream6_IRQHandler</a> from startup_stm32f40_41xxx.o(.text) referenced from startup_stm32f40_41xxx.o(RESET)
 <LI><a href="#[3b]">DMA1_Stream7_IRQHandler</a> from startup_stm32f40_41xxx.o(.text) referenced from startup_stm32f40_41xxx.o(RESET)
 <LI><a href="#[44]">DMA2_Stream0_IRQHandler</a> from startup_stm32f40_41xxx.o(.text) referenced from startup_stm32f40_41xxx.o(RESET)
 <LI><a href="#[45]">DMA2_Stream1_IRQHandler</a> from startup_stm32f40_41xxx.o(.text) referenced from startup_stm32f40_41xxx.o(RESET)
 <LI><a href="#[46]">DMA2_Stream2_IRQHandler</a> from startup_stm32f40_41xxx.o(.text) referenced from startup_stm32f40_41xxx.o(RESET)
 <LI><a href="#[47]">DMA2_Stream3_IRQHandler</a> from startup_stm32f40_41xxx.o(.text) referenced from startup_stm32f40_41xxx.o(RESET)
 <LI><a href="#[48]">DMA2_Stream4_IRQHandler</a> from startup_stm32f40_41xxx.o(.text) referenced from startup_stm32f40_41xxx.o(RESET)
 <LI><a href="#[50]">DMA2_Stream5_IRQHandler</a> from startup_stm32f40_41xxx.o(.text) referenced from startup_stm32f40_41xxx.o(RESET)
 <LI><a href="#[51]">DMA2_Stream6_IRQHandler</a> from startup_stm32f40_41xxx.o(.text) referenced from startup_stm32f40_41xxx.o(RESET)
 <LI><a href="#[52]">DMA2_Stream7_IRQHandler</a> from startup_stm32f40_41xxx.o(.text) referenced from startup_stm32f40_41xxx.o(RESET)
 <LI><a href="#[9]">DebugMon_Handler</a> from stm32f4xx_it.o(i.DebugMon_Handler) referenced from startup_stm32f40_41xxx.o(RESET)
 <LI><a href="#[49]">ETH_IRQHandler</a> from startup_stm32f40_41xxx.o(.text) referenced from startup_stm32f40_41xxx.o(RESET)
 <LI><a href="#[4a]">ETH_WKUP_IRQHandler</a> from startup_stm32f40_41xxx.o(.text) referenced from startup_stm32f40_41xxx.o(RESET)
 <LI><a href="#[12]">EXTI0_IRQHandler</a> from startup_stm32f40_41xxx.o(.text) referenced from startup_stm32f40_41xxx.o(RESET)
 <LI><a href="#[34]">EXTI15_10_IRQHandler</a> from startup_stm32f40_41xxx.o(.text) referenced from startup_stm32f40_41xxx.o(RESET)
 <LI><a href="#[13]">EXTI1_IRQHandler</a> from startup_stm32f40_41xxx.o(.text) referenced from startup_stm32f40_41xxx.o(RESET)
 <LI><a href="#[14]">EXTI2_IRQHandler</a> from startup_stm32f40_41xxx.o(.text) referenced from startup_stm32f40_41xxx.o(RESET)
 <LI><a href="#[15]">EXTI3_IRQHandler</a> from startup_stm32f40_41xxx.o(.text) referenced from startup_stm32f40_41xxx.o(RESET)
 <LI><a href="#[16]">EXTI4_IRQHandler</a> from startup_stm32f40_41xxx.o(.text) referenced from startup_stm32f40_41xxx.o(RESET)
 <LI><a href="#[23]">EXTI9_5_IRQHandler</a> from startup_stm32f40_41xxx.o(.text) referenced from startup_stm32f40_41xxx.o(RESET)
 <LI><a href="#[10]">FLASH_IRQHandler</a> from startup_stm32f40_41xxx.o(.text) referenced from startup_stm32f40_41xxx.o(RESET)
 <LI><a href="#[5d]">FPU_IRQHandler</a> from startup_stm32f40_41xxx.o(.text) referenced from startup_stm32f40_41xxx.o(RESET)
 <LI><a href="#[3c]">FSMC_IRQHandler</a> from startup_stm32f40_41xxx.o(.text) referenced from startup_stm32f40_41xxx.o(RESET)
 <LI><a href="#[5c]">HASH_RNG_IRQHandler</a> from startup_stm32f40_41xxx.o(.text) referenced from startup_stm32f40_41xxx.o(RESET)
 <LI><a href="#[4]">HardFault_Handler</a> from stm32f4xx_it.o(i.HardFault_Handler) referenced from startup_stm32f40_41xxx.o(RESET)
 <LI><a href="#[2c]">I2C1_ER_IRQHandler</a> from startup_stm32f40_41xxx.o(.text) referenced from startup_stm32f40_41xxx.o(RESET)
 <LI><a href="#[2b]">I2C1_EV_IRQHandler</a> from startup_stm32f40_41xxx.o(.text) referenced from startup_stm32f40_41xxx.o(RESET)
 <LI><a href="#[2e]">I2C2_ER_IRQHandler</a> from startup_stm32f40_41xxx.o(.text) referenced from startup_stm32f40_41xxx.o(RESET)
 <LI><a href="#[2d]">I2C2_EV_IRQHandler</a> from startup_stm32f40_41xxx.o(.text) referenced from startup_stm32f40_41xxx.o(RESET)
 <LI><a href="#[55]">I2C3_ER_IRQHandler</a> from startup_stm32f40_41xxx.o(.text) referenced from startup_stm32f40_41xxx.o(RESET)
 <LI><a href="#[54]">I2C3_EV_IRQHandler</a> from startup_stm32f40_41xxx.o(.text) referenced from startup_stm32f40_41xxx.o(RESET)
 <LI><a href="#[5]">MemManage_Handler</a> from stm32f4xx_it.o(i.MemManage_Handler) referenced from startup_stm32f40_41xxx.o(RESET)
 <LI><a href="#[3]">NMI_Handler</a> from stm32f4xx_it.o(i.NMI_Handler) referenced from startup_stm32f40_41xxx.o(RESET)
 <LI><a href="#[4f]">OTG_FS_IRQHandler</a> from usbh_usr.o(i.OTG_FS_IRQHandler) referenced from startup_stm32f40_41xxx.o(RESET)
 <LI><a href="#[36]">OTG_FS_WKUP_IRQHandler</a> from startup_stm32f40_41xxx.o(.text) referenced from startup_stm32f40_41xxx.o(RESET)
 <LI><a href="#[57]">OTG_HS_EP1_IN_IRQHandler</a> from startup_stm32f40_41xxx.o(.text) referenced from startup_stm32f40_41xxx.o(RESET)
 <LI><a href="#[56]">OTG_HS_EP1_OUT_IRQHandler</a> from startup_stm32f40_41xxx.o(.text) referenced from startup_stm32f40_41xxx.o(RESET)
 <LI><a href="#[59]">OTG_HS_IRQHandler</a> from startup_stm32f40_41xxx.o(.text) referenced from startup_stm32f40_41xxx.o(RESET)
 <LI><a href="#[58]">OTG_HS_WKUP_IRQHandler</a> from startup_stm32f40_41xxx.o(.text) referenced from startup_stm32f40_41xxx.o(RESET)
 <LI><a href="#[d]">PVD_IRQHandler</a> from startup_stm32f40_41xxx.o(.text) referenced from startup_stm32f40_41xxx.o(RESET)
 <LI><a href="#[a]">PendSV_Handler</a> from stm32f4xx_it.o(i.PendSV_Handler) referenced from startup_stm32f40_41xxx.o(RESET)
 <LI><a href="#[11]">RCC_IRQHandler</a> from startup_stm32f40_41xxx.o(.text) referenced from startup_stm32f40_41xxx.o(RESET)
 <LI><a href="#[35]">RTC_Alarm_IRQHandler</a> from startup_stm32f40_41xxx.o(.text) referenced from startup_stm32f40_41xxx.o(RESET)
 <LI><a href="#[f]">RTC_WKUP_IRQHandler</a> from startup_stm32f40_41xxx.o(.text) referenced from startup_stm32f40_41xxx.o(RESET)
 <LI><a href="#[2]">Reset_Handler</a> from startup_stm32f40_41xxx.o(.text) referenced from startup_stm32f40_41xxx.o(RESET)
 <LI><a href="#[3d]">SDIO_IRQHandler</a> from startup_stm32f40_41xxx.o(.text) referenced from startup_stm32f40_41xxx.o(RESET)
 <LI><a href="#[2f]">SPI1_IRQHandler</a> from startup_stm32f40_41xxx.o(.text) referenced from startup_stm32f40_41xxx.o(RESET)
 <LI><a href="#[30]">SPI2_IRQHandler</a> from startup_stm32f40_41xxx.o(.text) referenced from startup_stm32f40_41xxx.o(RESET)
 <LI><a href="#[3f]">SPI3_IRQHandler</a> from startup_stm32f40_41xxx.o(.text) referenced from startup_stm32f40_41xxx.o(RESET)
 <LI><a href="#[8]">SVC_Handler</a> from stm32f4xx_it.o(i.SVC_Handler) referenced from startup_stm32f40_41xxx.o(RESET)
 <LI><a href="#[b]">SysTick_Handler</a> from stm32f4xx_it.o(i.SysTick_Handler) referenced from startup_stm32f40_41xxx.o(RESET)
 <LI><a href="#[5e]">SystemInit</a> from system_stm32f4xx.o(i.SystemInit) referenced from startup_stm32f40_41xxx.o(.text)
 <LI><a href="#[e]">TAMP_STAMP_IRQHandler</a> from startup_stm32f40_41xxx.o(.text) referenced from startup_stm32f40_41xxx.o(RESET)
 <LI><a href="#[24]">TIM1_BRK_TIM9_IRQHandler</a> from startup_stm32f40_41xxx.o(.text) referenced from startup_stm32f40_41xxx.o(RESET)
 <LI><a href="#[27]">TIM1_CC_IRQHandler</a> from startup_stm32f40_41xxx.o(.text) referenced from startup_stm32f40_41xxx.o(RESET)
 <LI><a href="#[26]">TIM1_TRG_COM_TIM11_IRQHandler</a> from startup_stm32f40_41xxx.o(.text) referenced from startup_stm32f40_41xxx.o(RESET)
 <LI><a href="#[25]">TIM1_UP_TIM10_IRQHandler</a> from startup_stm32f40_41xxx.o(.text) referenced from startup_stm32f40_41xxx.o(RESET)
 <LI><a href="#[28]">TIM2_IRQHandler</a> from startup_stm32f40_41xxx.o(.text) referenced from startup_stm32f40_41xxx.o(RESET)
 <LI><a href="#[29]">TIM3_IRQHandler</a> from timer_driver.o(i.TIM3_IRQHandler) referenced from startup_stm32f40_41xxx.o(RESET)
 <LI><a href="#[2a]">TIM4_IRQHandler</a> from startup_stm32f40_41xxx.o(.text) referenced from startup_stm32f40_41xxx.o(RESET)
 <LI><a href="#[3e]">TIM5_IRQHandler</a> from startup_stm32f40_41xxx.o(.text) referenced from startup_stm32f40_41xxx.o(RESET)
 <LI><a href="#[42]">TIM6_DAC_IRQHandler</a> from startup_stm32f40_41xxx.o(.text) referenced from startup_stm32f40_41xxx.o(RESET)
 <LI><a href="#[43]">TIM7_IRQHandler</a> from startup_stm32f40_41xxx.o(.text) referenced from startup_stm32f40_41xxx.o(RESET)
 <LI><a href="#[37]">TIM8_BRK_TIM12_IRQHandler</a> from startup_stm32f40_41xxx.o(.text) referenced from startup_stm32f40_41xxx.o(RESET)
 <LI><a href="#[3a]">TIM8_CC_IRQHandler</a> from startup_stm32f40_41xxx.o(.text) referenced from startup_stm32f40_41xxx.o(RESET)
 <LI><a href="#[39]">TIM8_TRG_COM_TIM14_IRQHandler</a> from startup_stm32f40_41xxx.o(.text) referenced from startup_stm32f40_41xxx.o(RESET)
 <LI><a href="#[38]">TIM8_UP_TIM13_IRQHandler</a> from startup_stm32f40_41xxx.o(.text) referenced from startup_stm32f40_41xxx.o(RESET)
 <LI><a href="#[40]">UART4_IRQHandler</a> from startup_stm32f40_41xxx.o(.text) referenced from startup_stm32f40_41xxx.o(RESET)
 <LI><a href="#[41]">UART5_IRQHandler</a> from startup_stm32f40_41xxx.o(.text) referenced from startup_stm32f40_41xxx.o(RESET)
 <LI><a href="#[31]">USART1_IRQHandler</a> from startup_stm32f40_41xxx.o(.text) referenced from startup_stm32f40_41xxx.o(RESET)
 <LI><a href="#[32]">USART2_IRQHandler</a> from startup_stm32f40_41xxx.o(.text) referenced from startup_stm32f40_41xxx.o(RESET)
 <LI><a href="#[33]">USART3_IRQHandler</a> from startup_stm32f40_41xxx.o(.text) referenced from startup_stm32f40_41xxx.o(RESET)
 <LI><a href="#[53]">USART6_IRQHandler</a> from startup_stm32f40_41xxx.o(.text) referenced from startup_stm32f40_41xxx.o(RESET)
 <LI><a href="#[63]">USBH_Connected</a> from usbh_core.o(i.USBH_Connected) referenced from usbh_core.o(.data)
 <LI><a href="#[64]">USBH_Disconnected</a> from usbh_core.o(i.USBH_Disconnected) referenced from usbh_core.o(.data)
 <LI><a href="#[67]">USBH_MSC_ClassRequest</a> from usbh_msc_core.o(i.USBH_MSC_ClassRequest) referenced from usbh_msc_core.o(.data)
 <LI><a href="#[68]">USBH_MSC_Handle</a> from usbh_msc_core.o(i.USBH_MSC_Handle) referenced from usbh_msc_core.o(.data)
 <LI><a href="#[66]">USBH_MSC_InterfaceDeInit</a> from usbh_msc_core.o(i.USBH_MSC_InterfaceDeInit) referenced from usbh_msc_core.o(.data)
 <LI><a href="#[65]">USBH_MSC_InterfaceInit</a> from usbh_msc_core.o(i.USBH_MSC_InterfaceInit) referenced from usbh_msc_core.o(.data)
 <LI><a href="#[62]">USBH_SOF</a> from usbh_core.o(i.USBH_SOF) referenced from usbh_core.o(.data)
 <LI><a href="#[72]">USBH_USR_Configuration_DescAvailable</a> from usbh_usr.o(i.USBH_USR_Configuration_DescAvailable) referenced from usbh_usr.o(.data)
 <LI><a href="#[6a]">USBH_USR_DeInit</a> from usbh_usr.o(i.USBH_USR_DeInit) referenced from usbh_usr.o(.data)
 <LI><a href="#[71]">USBH_USR_DeviceAddressAssigned</a> from usbh_usr.o(i.USBH_USR_DeviceAddressAssigned) referenced from usbh_usr.o(.data)
 <LI><a href="#[6b]">USBH_USR_DeviceAttached</a> from usbh_usr.o(i.USBH_USR_DeviceAttached) referenced from usbh_usr.o(.data)
 <LI><a href="#[6d]">USBH_USR_DeviceDisconnected</a> from usbh_usr.o(i.USBH_USR_DeviceDisconnected) referenced from usbh_usr.o(.data)
 <LI><a href="#[79]">USBH_USR_DeviceNotSupported</a> from usbh_usr.o(i.USBH_USR_DeviceNotSupported) referenced from usbh_usr.o(.data)
 <LI><a href="#[6f]">USBH_USR_DeviceSpeedDetected</a> from usbh_usr.o(i.USBH_USR_DeviceSpeedDetected) referenced from usbh_usr.o(.data)
 <LI><a href="#[70]">USBH_USR_Device_DescAvailable</a> from usbh_usr.o(i.USBH_USR_Device_DescAvailable) referenced from usbh_usr.o(.data)
 <LI><a href="#[76]">USBH_USR_EnumerationDone</a> from usbh_usr.o(i.USBH_USR_EnumerationDone) referenced from usbh_usr.o(.data)
 <LI><a href="#[69]">USBH_USR_Init</a> from usbh_usr.o(i.USBH_USR_Init) referenced from usbh_usr.o(.data)
 <LI><a href="#[78]">USBH_USR_MSC_Application</a> from usbh_usr.o(i.USBH_USR_MSC_Application) referenced from usbh_usr.o(.data)
 <LI><a href="#[73]">USBH_USR_Manufacturer_String</a> from usbh_usr.o(i.USBH_USR_Manufacturer_String) referenced from usbh_usr.o(.data)
 <LI><a href="#[6e]">USBH_USR_OverCurrentDetected</a> from usbh_usr.o(i.USBH_USR_OverCurrentDetected) referenced from usbh_usr.o(.data)
 <LI><a href="#[74]">USBH_USR_Product_String</a> from usbh_usr.o(i.USBH_USR_Product_String) referenced from usbh_usr.o(.data)
 <LI><a href="#[6c]">USBH_USR_ResetDevice</a> from usbh_usr.o(i.USBH_USR_ResetDevice) referenced from usbh_usr.o(.data)
 <LI><a href="#[75]">USBH_USR_SerialNum_String</a> from usbh_usr.o(i.USBH_USR_SerialNum_String) referenced from usbh_usr.o(.data)
 <LI><a href="#[7a]">USBH_USR_UnrecoveredError</a> from usbh_usr.o(i.USBH_USR_UnrecoveredError) referenced from usbh_usr.o(.data)
 <LI><a href="#[77]">USBH_USR_UserInput</a> from usbh_usr.o(i.USBH_USR_UserInput) referenced from usbh_usr.o(.data)
 <LI><a href="#[7]">UsageFault_Handler</a> from stm32f4xx_it.o(i.UsageFault_Handler) referenced from startup_stm32f40_41xxx.o(RESET)
 <LI><a href="#[c]">WWDG_IRQHandler</a> from startup_stm32f40_41xxx.o(.text) referenced from startup_stm32f40_41xxx.o(RESET)
 <LI><a href="#[7b]">__main</a> from __main.o(!!!main) referenced from startup_stm32f40_41xxx.o(.text)
 <LI><a href="#[60]">my_mem_init</a> from malloc.o(i.my_mem_init) referenced from malloc.o(.data)
 <LI><a href="#[61]">my_mem_perused</a> from malloc.o(i.my_mem_perused) referenced from malloc.o(.data)
</UL>
<P>
<H3>
Global Symbols
</H3>
<P><STRONG><a name="[7b]"></a>__main</STRONG> (Thumb, 8 bytes, Stack size 0 bytes, __main.o(!!!main))
<BR><BR>[Calls]<UL><LI><a href="#[7d]">&gt;&gt;</a>&nbsp;&nbsp;&nbsp;__rt_entry
<LI><a href="#[7c]">&gt;&gt;</a>&nbsp;&nbsp;&nbsp;__scatterload
</UL>

<P><STRONG><a name="[7c]"></a>__scatterload</STRONG> (Thumb, 0 bytes, Stack size unknown bytes, __scatter.o(!!!scatter))
<BR><BR>[Called By]<UL><LI><a href="#[7b]">&gt;&gt;</a>&nbsp;&nbsp;&nbsp;__main
</UL>

<P><STRONG><a name="[7e]"></a>__scatterload_rt2</STRONG> (Thumb, 44 bytes, Stack size unknown bytes, __scatter.o(!!!scatter), UNUSED)
<BR><BR>[Calls]<UL><LI><a href="#[7d]">&gt;&gt;</a>&nbsp;&nbsp;&nbsp;__rt_entry
</UL>

<P><STRONG><a name="[14f]"></a>__scatterload_rt2_thumb_only</STRONG> (Thumb, 0 bytes, Stack size unknown bytes, __scatter.o(!!!scatter), UNUSED)

<P><STRONG><a name="[150]"></a>__scatterload_null</STRONG> (Thumb, 0 bytes, Stack size unknown bytes, __scatter.o(!!!scatter), UNUSED)

<P><STRONG><a name="[7f]"></a>__scatterload_copy</STRONG> (Thumb, 26 bytes, Stack size unknown bytes, __scatter_copy.o(!!handler_copy), UNUSED)
<BR><BR>[Calls]<UL><LI><a href="#[7f]">&gt;&gt;</a>&nbsp;&nbsp;&nbsp;__scatterload_copy
</UL>
<BR>[Called By]<UL><LI><a href="#[7f]">&gt;&gt;</a>&nbsp;&nbsp;&nbsp;__scatterload_copy
</UL>

<P><STRONG><a name="[151]"></a>__scatterload_zeroinit</STRONG> (Thumb, 28 bytes, Stack size unknown bytes, __scatter_zi.o(!!handler_zi), UNUSED)

<P><STRONG><a name="[85]"></a>__rt_lib_init</STRONG> (Thumb, 0 bytes, Stack size unknown bytes, libinit.o(.ARM.Collect$$libinit$$00000000))
<BR><BR>[Called By]<UL><LI><a href="#[84]">&gt;&gt;</a>&nbsp;&nbsp;&nbsp;__rt_entry_li
</UL>

<P><STRONG><a name="[80]"></a>__rt_lib_init_fp_1</STRONG> (Thumb, 0 bytes, Stack size unknown bytes, libinit2.o(.ARM.Collect$$libinit$$00000001))
<BR><BR>[Calls]<UL><LI><a href="#[81]">&gt;&gt;</a>&nbsp;&nbsp;&nbsp;_fp_init
</UL>

<P><STRONG><a name="[152]"></a>__rt_lib_init_alloca_1</STRONG> (Thumb, 0 bytes, Stack size unknown bytes, libinit2.o(.ARM.Collect$$libinit$$0000002E))

<P><STRONG><a name="[153]"></a>__rt_lib_init_argv_1</STRONG> (Thumb, 0 bytes, Stack size unknown bytes, libinit2.o(.ARM.Collect$$libinit$$0000002C))

<P><STRONG><a name="[154]"></a>__rt_lib_init_atexit_1</STRONG> (Thumb, 0 bytes, Stack size unknown bytes, libinit2.o(.ARM.Collect$$libinit$$0000001B))

<P><STRONG><a name="[155]"></a>__rt_lib_init_clock_1</STRONG> (Thumb, 0 bytes, Stack size unknown bytes, libinit2.o(.ARM.Collect$$libinit$$00000021))

<P><STRONG><a name="[156]"></a>__rt_lib_init_cpp_1</STRONG> (Thumb, 0 bytes, Stack size unknown bytes, libinit2.o(.ARM.Collect$$libinit$$00000032))

<P><STRONG><a name="[157]"></a>__rt_lib_init_exceptions_1</STRONG> (Thumb, 0 bytes, Stack size unknown bytes, libinit2.o(.ARM.Collect$$libinit$$00000030))

<P><STRONG><a name="[158]"></a>__rt_lib_init_fp_trap_1</STRONG> (Thumb, 0 bytes, Stack size unknown bytes, libinit2.o(.ARM.Collect$$libinit$$0000001F))

<P><STRONG><a name="[159]"></a>__rt_lib_init_getenv_1</STRONG> (Thumb, 0 bytes, Stack size unknown bytes, libinit2.o(.ARM.Collect$$libinit$$00000023))

<P><STRONG><a name="[15a]"></a>__rt_lib_init_heap_1</STRONG> (Thumb, 0 bytes, Stack size unknown bytes, libinit2.o(.ARM.Collect$$libinit$$0000000A))

<P><STRONG><a name="[15b]"></a>__rt_lib_init_lc_collate_1</STRONG> (Thumb, 0 bytes, Stack size unknown bytes, libinit2.o(.ARM.Collect$$libinit$$00000011))

<P><STRONG><a name="[15c]"></a>__rt_lib_init_lc_ctype_1</STRONG> (Thumb, 0 bytes, Stack size unknown bytes, libinit2.o(.ARM.Collect$$libinit$$00000013))

<P><STRONG><a name="[15d]"></a>__rt_lib_init_lc_monetary_1</STRONG> (Thumb, 0 bytes, Stack size unknown bytes, libinit2.o(.ARM.Collect$$libinit$$00000015))

<P><STRONG><a name="[15e]"></a>__rt_lib_init_lc_numeric_1</STRONG> (Thumb, 0 bytes, Stack size unknown bytes, libinit2.o(.ARM.Collect$$libinit$$00000017))

<P><STRONG><a name="[15f]"></a>__rt_lib_init_lc_time_1</STRONG> (Thumb, 0 bytes, Stack size unknown bytes, libinit2.o(.ARM.Collect$$libinit$$00000019))

<P><STRONG><a name="[160]"></a>__rt_lib_init_preinit_1</STRONG> (Thumb, 0 bytes, Stack size unknown bytes, libinit2.o(.ARM.Collect$$libinit$$00000004))

<P><STRONG><a name="[161]"></a>__rt_lib_init_rand_1</STRONG> (Thumb, 0 bytes, Stack size unknown bytes, libinit2.o(.ARM.Collect$$libinit$$0000000E))

<P><STRONG><a name="[162]"></a>__rt_lib_init_return</STRONG> (Thumb, 0 bytes, Stack size unknown bytes, libinit2.o(.ARM.Collect$$libinit$$00000033))

<P><STRONG><a name="[163]"></a>__rt_lib_init_signal_1</STRONG> (Thumb, 0 bytes, Stack size unknown bytes, libinit2.o(.ARM.Collect$$libinit$$0000001D))

<P><STRONG><a name="[164]"></a>__rt_lib_init_stdio_1</STRONG> (Thumb, 0 bytes, Stack size unknown bytes, libinit2.o(.ARM.Collect$$libinit$$00000025))

<P><STRONG><a name="[165]"></a>__rt_lib_init_user_alloc_1</STRONG> (Thumb, 0 bytes, Stack size unknown bytes, libinit2.o(.ARM.Collect$$libinit$$0000000C))

<P><STRONG><a name="[8a]"></a>__rt_lib_shutdown</STRONG> (Thumb, 0 bytes, Stack size unknown bytes, libshutdown.o(.ARM.Collect$$libshutdown$$00000000))
<BR><BR>[Called By]<UL><LI><a href="#[89]">&gt;&gt;</a>&nbsp;&nbsp;&nbsp;__rt_exit_ls
</UL>

<P><STRONG><a name="[166]"></a>__rt_lib_shutdown_cpp_1</STRONG> (Thumb, 0 bytes, Stack size unknown bytes, libshutdown2.o(.ARM.Collect$$libshutdown$$00000004))

<P><STRONG><a name="[167]"></a>__rt_lib_shutdown_fini_1</STRONG> (Thumb, 0 bytes, Stack size unknown bytes, libshutdown2.o(.ARM.Collect$$libshutdown$$00000002))

<P><STRONG><a name="[168]"></a>__rt_lib_shutdown_fp_trap_1</STRONG> (Thumb, 0 bytes, Stack size unknown bytes, libshutdown2.o(.ARM.Collect$$libshutdown$$00000009))

<P><STRONG><a name="[169]"></a>__rt_lib_shutdown_heap_1</STRONG> (Thumb, 0 bytes, Stack size unknown bytes, libshutdown2.o(.ARM.Collect$$libshutdown$$00000011))

<P><STRONG><a name="[16a]"></a>__rt_lib_shutdown_return</STRONG> (Thumb, 0 bytes, Stack size unknown bytes, libshutdown2.o(.ARM.Collect$$libshutdown$$00000012))

<P><STRONG><a name="[16b]"></a>__rt_lib_shutdown_signal_1</STRONG> (Thumb, 0 bytes, Stack size unknown bytes, libshutdown2.o(.ARM.Collect$$libshutdown$$0000000C))

<P><STRONG><a name="[16c]"></a>__rt_lib_shutdown_stdio_1</STRONG> (Thumb, 0 bytes, Stack size unknown bytes, libshutdown2.o(.ARM.Collect$$libshutdown$$00000006))

<P><STRONG><a name="[16d]"></a>__rt_lib_shutdown_user_alloc_1</STRONG> (Thumb, 0 bytes, Stack size unknown bytes, libshutdown2.o(.ARM.Collect$$libshutdown$$0000000E))

<P><STRONG><a name="[7d]"></a>__rt_entry</STRONG> (Thumb, 0 bytes, Stack size unknown bytes, __rtentry.o(.ARM.Collect$$rtentry$$00000000))
<BR><BR>[Called By]<UL><LI><a href="#[7b]">&gt;&gt;</a>&nbsp;&nbsp;&nbsp;__main
<LI><a href="#[7e]">&gt;&gt;</a>&nbsp;&nbsp;&nbsp;__scatterload_rt2
</UL>

<P><STRONG><a name="[16e]"></a>__rt_entry_presh_1</STRONG> (Thumb, 0 bytes, Stack size unknown bytes, __rtentry2.o(.ARM.Collect$$rtentry$$00000002))

<P><STRONG><a name="[82]"></a>__rt_entry_sh</STRONG> (Thumb, 0 bytes, Stack size unknown bytes, __rtentry4.o(.ARM.Collect$$rtentry$$00000004))
<BR><BR>[Stack]<UL><LI>Max Depth = 8 + Unknown Stack Size
<LI>Call Chain = __rt_entry_sh &rArr; __user_setup_stackheap
</UL>
<BR>[Calls]<UL><LI><a href="#[83]">&gt;&gt;</a>&nbsp;&nbsp;&nbsp;__user_setup_stackheap
</UL>

<P><STRONG><a name="[84]"></a>__rt_entry_li</STRONG> (Thumb, 0 bytes, Stack size unknown bytes, __rtentry2.o(.ARM.Collect$$rtentry$$0000000A))
<BR><BR>[Calls]<UL><LI><a href="#[85]">&gt;&gt;</a>&nbsp;&nbsp;&nbsp;__rt_lib_init
</UL>

<P><STRONG><a name="[16f]"></a>__rt_entry_postsh_1</STRONG> (Thumb, 0 bytes, Stack size unknown bytes, __rtentry2.o(.ARM.Collect$$rtentry$$00000009))

<P><STRONG><a name="[86]"></a>__rt_entry_main</STRONG> (Thumb, 0 bytes, Stack size unknown bytes, __rtentry2.o(.ARM.Collect$$rtentry$$0000000D))
<BR><BR>[Stack]<UL><LI>Max Depth = 296 + Unknown Stack Size
<LI>Call Chain = __rt_entry_main &rArr; main &rArr; f_mount &rArr; find_volume &rArr; check_fs &rArr; move_window &rArr; sync_window &rArr; disk_write &rArr; USBH_UDISK_Write &rArr; USBH_MSC_HandleBOTXfer &rArr; USBH_BulkSendData &rArr; HCD_SubmitRequest &rArr; USB_OTG_HC_StartXfer &rArr; USB_OTG_WritePacket
</UL>
<BR>[Calls]<UL><LI><a href="#[87]">&gt;&gt;</a>&nbsp;&nbsp;&nbsp;main
<LI><a href="#[88]">&gt;&gt;</a>&nbsp;&nbsp;&nbsp;exit
</UL>

<P><STRONG><a name="[170]"></a>__rt_entry_postli_1</STRONG> (Thumb, 0 bytes, Stack size unknown bytes, __rtentry2.o(.ARM.Collect$$rtentry$$0000000C))

<P><STRONG><a name="[93]"></a>__rt_exit</STRONG> (Thumb, 0 bytes, Stack size unknown bytes, rtexit.o(.ARM.Collect$$rtexit$$00000000))
<BR><BR>[Called By]<UL><LI><a href="#[88]">&gt;&gt;</a>&nbsp;&nbsp;&nbsp;exit
</UL>

<P><STRONG><a name="[89]"></a>__rt_exit_ls</STRONG> (Thumb, 0 bytes, Stack size unknown bytes, rtexit2.o(.ARM.Collect$$rtexit$$00000003))
<BR><BR>[Calls]<UL><LI><a href="#[8a]">&gt;&gt;</a>&nbsp;&nbsp;&nbsp;__rt_lib_shutdown
</UL>

<P><STRONG><a name="[171]"></a>__rt_exit_prels_1</STRONG> (Thumb, 0 bytes, Stack size unknown bytes, rtexit2.o(.ARM.Collect$$rtexit$$00000002))

<P><STRONG><a name="[8b]"></a>__rt_exit_exit</STRONG> (Thumb, 0 bytes, Stack size unknown bytes, rtexit2.o(.ARM.Collect$$rtexit$$00000004))
<BR><BR>[Calls]<UL><LI><a href="#[8c]">&gt;&gt;</a>&nbsp;&nbsp;&nbsp;_sys_exit
</UL>

<P><STRONG><a name="[2]"></a>Reset_Handler</STRONG> (Thumb, 8 bytes, Stack size 0 bytes, startup_stm32f40_41xxx.o(.text))
<BR>[Address Reference Count : 1]<UL><LI> startup_stm32f40_41xxx.o(RESET)
</UL>
<P><STRONG><a name="[1e]"></a>ADC_IRQHandler</STRONG> (Thumb, 0 bytes, Stack size 0 bytes, startup_stm32f40_41xxx.o(.text))
<BR><BR>[Calls]<UL><LI><a href="#[1e]">&gt;&gt;</a>&nbsp;&nbsp;&nbsp;ADC_IRQHandler
</UL>
<BR>[Called By]<UL><LI><a href="#[1e]">&gt;&gt;</a>&nbsp;&nbsp;&nbsp;ADC_IRQHandler
</UL>
<BR>[Address Reference Count : 1]<UL><LI> startup_stm32f40_41xxx.o(RESET)
</UL>
<P><STRONG><a name="[20]"></a>CAN1_RX0_IRQHandler</STRONG> (Thumb, 0 bytes, Stack size 0 bytes, startup_stm32f40_41xxx.o(.text))
<BR>[Address Reference Count : 1]<UL><LI> startup_stm32f40_41xxx.o(RESET)
</UL>
<P><STRONG><a name="[21]"></a>CAN1_RX1_IRQHandler</STRONG> (Thumb, 0 bytes, Stack size 0 bytes, startup_stm32f40_41xxx.o(.text))
<BR>[Address Reference Count : 1]<UL><LI> startup_stm32f40_41xxx.o(RESET)
</UL>
<P><STRONG><a name="[22]"></a>CAN1_SCE_IRQHandler</STRONG> (Thumb, 0 bytes, Stack size 0 bytes, startup_stm32f40_41xxx.o(.text))
<BR>[Address Reference Count : 1]<UL><LI> startup_stm32f40_41xxx.o(RESET)
</UL>
<P><STRONG><a name="[1f]"></a>CAN1_TX_IRQHandler</STRONG> (Thumb, 0 bytes, Stack size 0 bytes, startup_stm32f40_41xxx.o(.text))
<BR>[Address Reference Count : 1]<UL><LI> startup_stm32f40_41xxx.o(RESET)
</UL>
<P><STRONG><a name="[4c]"></a>CAN2_RX0_IRQHandler</STRONG> (Thumb, 0 bytes, Stack size 0 bytes, startup_stm32f40_41xxx.o(.text))
<BR>[Address Reference Count : 1]<UL><LI> startup_stm32f40_41xxx.o(RESET)
</UL>
<P><STRONG><a name="[4d]"></a>CAN2_RX1_IRQHandler</STRONG> (Thumb, 0 bytes, Stack size 0 bytes, startup_stm32f40_41xxx.o(.text))
<BR>[Address Reference Count : 1]<UL><LI> startup_stm32f40_41xxx.o(RESET)
</UL>
<P><STRONG><a name="[4e]"></a>CAN2_SCE_IRQHandler</STRONG> (Thumb, 0 bytes, Stack size 0 bytes, startup_stm32f40_41xxx.o(.text))
<BR>[Address Reference Count : 1]<UL><LI> startup_stm32f40_41xxx.o(RESET)
</UL>
<P><STRONG><a name="[4b]"></a>CAN2_TX_IRQHandler</STRONG> (Thumb, 0 bytes, Stack size 0 bytes, startup_stm32f40_41xxx.o(.text))
<BR>[Address Reference Count : 1]<UL><LI> startup_stm32f40_41xxx.o(RESET)
</UL>
<P><STRONG><a name="[5b]"></a>CRYP_IRQHandler</STRONG> (Thumb, 0 bytes, Stack size 0 bytes, startup_stm32f40_41xxx.o(.text))
<BR>[Address Reference Count : 1]<UL><LI> startup_stm32f40_41xxx.o(RESET)
</UL>
<P><STRONG><a name="[5a]"></a>DCMI_IRQHandler</STRONG> (Thumb, 0 bytes, Stack size 0 bytes, startup_stm32f40_41xxx.o(.text))
<BR>[Address Reference Count : 1]<UL><LI> startup_stm32f40_41xxx.o(RESET)
</UL>
<P><STRONG><a name="[17]"></a>DMA1_Stream0_IRQHandler</STRONG> (Thumb, 0 bytes, Stack size 0 bytes, startup_stm32f40_41xxx.o(.text))
<BR>[Address Reference Count : 1]<UL><LI> startup_stm32f40_41xxx.o(RESET)
</UL>
<P><STRONG><a name="[18]"></a>DMA1_Stream1_IRQHandler</STRONG> (Thumb, 0 bytes, Stack size 0 bytes, startup_stm32f40_41xxx.o(.text))
<BR>[Address Reference Count : 1]<UL><LI> startup_stm32f40_41xxx.o(RESET)
</UL>
<P><STRONG><a name="[19]"></a>DMA1_Stream2_IRQHandler</STRONG> (Thumb, 0 bytes, Stack size 0 bytes, startup_stm32f40_41xxx.o(.text))
<BR>[Address Reference Count : 1]<UL><LI> startup_stm32f40_41xxx.o(RESET)
</UL>
<P><STRONG><a name="[1a]"></a>DMA1_Stream3_IRQHandler</STRONG> (Thumb, 0 bytes, Stack size 0 bytes, startup_stm32f40_41xxx.o(.text))
<BR>[Address Reference Count : 1]<UL><LI> startup_stm32f40_41xxx.o(RESET)
</UL>
<P><STRONG><a name="[1b]"></a>DMA1_Stream4_IRQHandler</STRONG> (Thumb, 0 bytes, Stack size 0 bytes, startup_stm32f40_41xxx.o(.text))
<BR>[Address Reference Count : 1]<UL><LI> startup_stm32f40_41xxx.o(RESET)
</UL>
<P><STRONG><a name="[1c]"></a>DMA1_Stream5_IRQHandler</STRONG> (Thumb, 0 bytes, Stack size 0 bytes, startup_stm32f40_41xxx.o(.text))
<BR>[Address Reference Count : 1]<UL><LI> startup_stm32f40_41xxx.o(RESET)
</UL>
<P><STRONG><a name="[1d]"></a>DMA1_Stream6_IRQHandler</STRONG> (Thumb, 0 bytes, Stack size 0 bytes, startup_stm32f40_41xxx.o(.text))
<BR>[Address Reference Count : 1]<UL><LI> startup_stm32f40_41xxx.o(RESET)
</UL>
<P><STRONG><a name="[3b]"></a>DMA1_Stream7_IRQHandler</STRONG> (Thumb, 0 bytes, Stack size 0 bytes, startup_stm32f40_41xxx.o(.text))
<BR>[Address Reference Count : 1]<UL><LI> startup_stm32f40_41xxx.o(RESET)
</UL>
<P><STRONG><a name="[44]"></a>DMA2_Stream0_IRQHandler</STRONG> (Thumb, 0 bytes, Stack size 0 bytes, startup_stm32f40_41xxx.o(.text))
<BR>[Address Reference Count : 1]<UL><LI> startup_stm32f40_41xxx.o(RESET)
</UL>
<P><STRONG><a name="[45]"></a>DMA2_Stream1_IRQHandler</STRONG> (Thumb, 0 bytes, Stack size 0 bytes, startup_stm32f40_41xxx.o(.text))
<BR>[Address Reference Count : 1]<UL><LI> startup_stm32f40_41xxx.o(RESET)
</UL>
<P><STRONG><a name="[46]"></a>DMA2_Stream2_IRQHandler</STRONG> (Thumb, 0 bytes, Stack size 0 bytes, startup_stm32f40_41xxx.o(.text))
<BR>[Address Reference Count : 1]<UL><LI> startup_stm32f40_41xxx.o(RESET)
</UL>
<P><STRONG><a name="[47]"></a>DMA2_Stream3_IRQHandler</STRONG> (Thumb, 0 bytes, Stack size 0 bytes, startup_stm32f40_41xxx.o(.text))
<BR>[Address Reference Count : 1]<UL><LI> startup_stm32f40_41xxx.o(RESET)
</UL>
<P><STRONG><a name="[48]"></a>DMA2_Stream4_IRQHandler</STRONG> (Thumb, 0 bytes, Stack size 0 bytes, startup_stm32f40_41xxx.o(.text))
<BR>[Address Reference Count : 1]<UL><LI> startup_stm32f40_41xxx.o(RESET)
</UL>
<P><STRONG><a name="[50]"></a>DMA2_Stream5_IRQHandler</STRONG> (Thumb, 0 bytes, Stack size 0 bytes, startup_stm32f40_41xxx.o(.text))
<BR>[Address Reference Count : 1]<UL><LI> startup_stm32f40_41xxx.o(RESET)
</UL>
<P><STRONG><a name="[51]"></a>DMA2_Stream6_IRQHandler</STRONG> (Thumb, 0 bytes, Stack size 0 bytes, startup_stm32f40_41xxx.o(.text))
<BR>[Address Reference Count : 1]<UL><LI> startup_stm32f40_41xxx.o(RESET)
</UL>
<P><STRONG><a name="[52]"></a>DMA2_Stream7_IRQHandler</STRONG> (Thumb, 0 bytes, Stack size 0 bytes, startup_stm32f40_41xxx.o(.text))
<BR>[Address Reference Count : 1]<UL><LI> startup_stm32f40_41xxx.o(RESET)
</UL>
<P><STRONG><a name="[49]"></a>ETH_IRQHandler</STRONG> (Thumb, 0 bytes, Stack size 0 bytes, startup_stm32f40_41xxx.o(.text))
<BR>[Address Reference Count : 1]<UL><LI> startup_stm32f40_41xxx.o(RESET)
</UL>
<P><STRONG><a name="[4a]"></a>ETH_WKUP_IRQHandler</STRONG> (Thumb, 0 bytes, Stack size 0 bytes, startup_stm32f40_41xxx.o(.text))
<BR>[Address Reference Count : 1]<UL><LI> startup_stm32f40_41xxx.o(RESET)
</UL>
<P><STRONG><a name="[12]"></a>EXTI0_IRQHandler</STRONG> (Thumb, 0 bytes, Stack size 0 bytes, startup_stm32f40_41xxx.o(.text))
<BR>[Address Reference Count : 1]<UL><LI> startup_stm32f40_41xxx.o(RESET)
</UL>
<P><STRONG><a name="[34]"></a>EXTI15_10_IRQHandler</STRONG> (Thumb, 0 bytes, Stack size 0 bytes, startup_stm32f40_41xxx.o(.text))
<BR>[Address Reference Count : 1]<UL><LI> startup_stm32f40_41xxx.o(RESET)
</UL>
<P><STRONG><a name="[13]"></a>EXTI1_IRQHandler</STRONG> (Thumb, 0 bytes, Stack size 0 bytes, startup_stm32f40_41xxx.o(.text))
<BR>[Address Reference Count : 1]<UL><LI> startup_stm32f40_41xxx.o(RESET)
</UL>
<P><STRONG><a name="[14]"></a>EXTI2_IRQHandler</STRONG> (Thumb, 0 bytes, Stack size 0 bytes, startup_stm32f40_41xxx.o(.text))
<BR>[Address Reference Count : 1]<UL><LI> startup_stm32f40_41xxx.o(RESET)
</UL>
<P><STRONG><a name="[15]"></a>EXTI3_IRQHandler</STRONG> (Thumb, 0 bytes, Stack size 0 bytes, startup_stm32f40_41xxx.o(.text))
<BR>[Address Reference Count : 1]<UL><LI> startup_stm32f40_41xxx.o(RESET)
</UL>
<P><STRONG><a name="[16]"></a>EXTI4_IRQHandler</STRONG> (Thumb, 0 bytes, Stack size 0 bytes, startup_stm32f40_41xxx.o(.text))
<BR>[Address Reference Count : 1]<UL><LI> startup_stm32f40_41xxx.o(RESET)
</UL>
<P><STRONG><a name="[23]"></a>EXTI9_5_IRQHandler</STRONG> (Thumb, 0 bytes, Stack size 0 bytes, startup_stm32f40_41xxx.o(.text))
<BR>[Address Reference Count : 1]<UL><LI> startup_stm32f40_41xxx.o(RESET)
</UL>
<P><STRONG><a name="[10]"></a>FLASH_IRQHandler</STRONG> (Thumb, 0 bytes, Stack size 0 bytes, startup_stm32f40_41xxx.o(.text))
<BR>[Address Reference Count : 1]<UL><LI> startup_stm32f40_41xxx.o(RESET)
</UL>
<P><STRONG><a name="[5d]"></a>FPU_IRQHandler</STRONG> (Thumb, 0 bytes, Stack size 0 bytes, startup_stm32f40_41xxx.o(.text))
<BR>[Address Reference Count : 1]<UL><LI> startup_stm32f40_41xxx.o(RESET)
</UL>
<P><STRONG><a name="[3c]"></a>FSMC_IRQHandler</STRONG> (Thumb, 0 bytes, Stack size 0 bytes, startup_stm32f40_41xxx.o(.text))
<BR>[Address Reference Count : 1]<UL><LI> startup_stm32f40_41xxx.o(RESET)
</UL>
<P><STRONG><a name="[5c]"></a>HASH_RNG_IRQHandler</STRONG> (Thumb, 0 bytes, Stack size 0 bytes, startup_stm32f40_41xxx.o(.text))
<BR>[Address Reference Count : 1]<UL><LI> startup_stm32f40_41xxx.o(RESET)
</UL>
<P><STRONG><a name="[2c]"></a>I2C1_ER_IRQHandler</STRONG> (Thumb, 0 bytes, Stack size 0 bytes, startup_stm32f40_41xxx.o(.text))
<BR>[Address Reference Count : 1]<UL><LI> startup_stm32f40_41xxx.o(RESET)
</UL>
<P><STRONG><a name="[2b]"></a>I2C1_EV_IRQHandler</STRONG> (Thumb, 0 bytes, Stack size 0 bytes, startup_stm32f40_41xxx.o(.text))
<BR>[Address Reference Count : 1]<UL><LI> startup_stm32f40_41xxx.o(RESET)
</UL>
<P><STRONG><a name="[2e]"></a>I2C2_ER_IRQHandler</STRONG> (Thumb, 0 bytes, Stack size 0 bytes, startup_stm32f40_41xxx.o(.text))
<BR>[Address Reference Count : 1]<UL><LI> startup_stm32f40_41xxx.o(RESET)
</UL>
<P><STRONG><a name="[2d]"></a>I2C2_EV_IRQHandler</STRONG> (Thumb, 0 bytes, Stack size 0 bytes, startup_stm32f40_41xxx.o(.text))
<BR>[Address Reference Count : 1]<UL><LI> startup_stm32f40_41xxx.o(RESET)
</UL>
<P><STRONG><a name="[55]"></a>I2C3_ER_IRQHandler</STRONG> (Thumb, 0 bytes, Stack size 0 bytes, startup_stm32f40_41xxx.o(.text))
<BR>[Address Reference Count : 1]<UL><LI> startup_stm32f40_41xxx.o(RESET)
</UL>
<P><STRONG><a name="[54]"></a>I2C3_EV_IRQHandler</STRONG> (Thumb, 0 bytes, Stack size 0 bytes, startup_stm32f40_41xxx.o(.text))
<BR>[Address Reference Count : 1]<UL><LI> startup_stm32f40_41xxx.o(RESET)
</UL>
<P><STRONG><a name="[36]"></a>OTG_FS_WKUP_IRQHandler</STRONG> (Thumb, 0 bytes, Stack size 0 bytes, startup_stm32f40_41xxx.o(.text))
<BR>[Address Reference Count : 1]<UL><LI> startup_stm32f40_41xxx.o(RESET)
</UL>
<P><STRONG><a name="[57]"></a>OTG_HS_EP1_IN_IRQHandler</STRONG> (Thumb, 0 bytes, Stack size 0 bytes, startup_stm32f40_41xxx.o(.text))
<BR>[Address Reference Count : 1]<UL><LI> startup_stm32f40_41xxx.o(RESET)
</UL>
<P><STRONG><a name="[56]"></a>OTG_HS_EP1_OUT_IRQHandler</STRONG> (Thumb, 0 bytes, Stack size 0 bytes, startup_stm32f40_41xxx.o(.text))
<BR>[Address Reference Count : 1]<UL><LI> startup_stm32f40_41xxx.o(RESET)
</UL>
<P><STRONG><a name="[59]"></a>OTG_HS_IRQHandler</STRONG> (Thumb, 0 bytes, Stack size 0 bytes, startup_stm32f40_41xxx.o(.text))
<BR>[Address Reference Count : 1]<UL><LI> startup_stm32f40_41xxx.o(RESET)
</UL>
<P><STRONG><a name="[58]"></a>OTG_HS_WKUP_IRQHandler</STRONG> (Thumb, 0 bytes, Stack size 0 bytes, startup_stm32f40_41xxx.o(.text))
<BR>[Address Reference Count : 1]<UL><LI> startup_stm32f40_41xxx.o(RESET)
</UL>
<P><STRONG><a name="[d]"></a>PVD_IRQHandler</STRONG> (Thumb, 0 bytes, Stack size 0 bytes, startup_stm32f40_41xxx.o(.text))
<BR>[Address Reference Count : 1]<UL><LI> startup_stm32f40_41xxx.o(RESET)
</UL>
<P><STRONG><a name="[11]"></a>RCC_IRQHandler</STRONG> (Thumb, 0 bytes, Stack size 0 bytes, startup_stm32f40_41xxx.o(.text))
<BR>[Address Reference Count : 1]<UL><LI> startup_stm32f40_41xxx.o(RESET)
</UL>
<P><STRONG><a name="[35]"></a>RTC_Alarm_IRQHandler</STRONG> (Thumb, 0 bytes, Stack size 0 bytes, startup_stm32f40_41xxx.o(.text))
<BR>[Address Reference Count : 1]<UL><LI> startup_stm32f40_41xxx.o(RESET)
</UL>
<P><STRONG><a name="[f]"></a>RTC_WKUP_IRQHandler</STRONG> (Thumb, 0 bytes, Stack size 0 bytes, startup_stm32f40_41xxx.o(.text))
<BR>[Address Reference Count : 1]<UL><LI> startup_stm32f40_41xxx.o(RESET)
</UL>
<P><STRONG><a name="[3d]"></a>SDIO_IRQHandler</STRONG> (Thumb, 0 bytes, Stack size 0 bytes, startup_stm32f40_41xxx.o(.text))
<BR>[Address Reference Count : 1]<UL><LI> startup_stm32f40_41xxx.o(RESET)
</UL>
<P><STRONG><a name="[2f]"></a>SPI1_IRQHandler</STRONG> (Thumb, 0 bytes, Stack size 0 bytes, startup_stm32f40_41xxx.o(.text))
<BR>[Address Reference Count : 1]<UL><LI> startup_stm32f40_41xxx.o(RESET)
</UL>
<P><STRONG><a name="[30]"></a>SPI2_IRQHandler</STRONG> (Thumb, 0 bytes, Stack size 0 bytes, startup_stm32f40_41xxx.o(.text))
<BR>[Address Reference Count : 1]<UL><LI> startup_stm32f40_41xxx.o(RESET)
</UL>
<P><STRONG><a name="[3f]"></a>SPI3_IRQHandler</STRONG> (Thumb, 0 bytes, Stack size 0 bytes, startup_stm32f40_41xxx.o(.text))
<BR>[Address Reference Count : 1]<UL><LI> startup_stm32f40_41xxx.o(RESET)
</UL>
<P><STRONG><a name="[e]"></a>TAMP_STAMP_IRQHandler</STRONG> (Thumb, 0 bytes, Stack size 0 bytes, startup_stm32f40_41xxx.o(.text))
<BR>[Address Reference Count : 1]<UL><LI> startup_stm32f40_41xxx.o(RESET)
</UL>
<P><STRONG><a name="[24]"></a>TIM1_BRK_TIM9_IRQHandler</STRONG> (Thumb, 0 bytes, Stack size 0 bytes, startup_stm32f40_41xxx.o(.text))
<BR>[Address Reference Count : 1]<UL><LI> startup_stm32f40_41xxx.o(RESET)
</UL>
<P><STRONG><a name="[27]"></a>TIM1_CC_IRQHandler</STRONG> (Thumb, 0 bytes, Stack size 0 bytes, startup_stm32f40_41xxx.o(.text))
<BR>[Address Reference Count : 1]<UL><LI> startup_stm32f40_41xxx.o(RESET)
</UL>
<P><STRONG><a name="[26]"></a>TIM1_TRG_COM_TIM11_IRQHandler</STRONG> (Thumb, 0 bytes, Stack size 0 bytes, startup_stm32f40_41xxx.o(.text))
<BR>[Address Reference Count : 1]<UL><LI> startup_stm32f40_41xxx.o(RESET)
</UL>
<P><STRONG><a name="[25]"></a>TIM1_UP_TIM10_IRQHandler</STRONG> (Thumb, 0 bytes, Stack size 0 bytes, startup_stm32f40_41xxx.o(.text))
<BR>[Address Reference Count : 1]<UL><LI> startup_stm32f40_41xxx.o(RESET)
</UL>
<P><STRONG><a name="[28]"></a>TIM2_IRQHandler</STRONG> (Thumb, 0 bytes, Stack size 0 bytes, startup_stm32f40_41xxx.o(.text))
<BR>[Address Reference Count : 1]<UL><LI> startup_stm32f40_41xxx.o(RESET)
</UL>
<P><STRONG><a name="[2a]"></a>TIM4_IRQHandler</STRONG> (Thumb, 0 bytes, Stack size 0 bytes, startup_stm32f40_41xxx.o(.text))
<BR>[Address Reference Count : 1]<UL><LI> startup_stm32f40_41xxx.o(RESET)
</UL>
<P><STRONG><a name="[3e]"></a>TIM5_IRQHandler</STRONG> (Thumb, 0 bytes, Stack size 0 bytes, startup_stm32f40_41xxx.o(.text))
<BR>[Address Reference Count : 1]<UL><LI> startup_stm32f40_41xxx.o(RESET)
</UL>
<P><STRONG><a name="[42]"></a>TIM6_DAC_IRQHandler</STRONG> (Thumb, 0 bytes, Stack size 0 bytes, startup_stm32f40_41xxx.o(.text))
<BR>[Address Reference Count : 1]<UL><LI> startup_stm32f40_41xxx.o(RESET)
</UL>
<P><STRONG><a name="[43]"></a>TIM7_IRQHandler</STRONG> (Thumb, 0 bytes, Stack size 0 bytes, startup_stm32f40_41xxx.o(.text))
<BR>[Address Reference Count : 1]<UL><LI> startup_stm32f40_41xxx.o(RESET)
</UL>
<P><STRONG><a name="[37]"></a>TIM8_BRK_TIM12_IRQHandler</STRONG> (Thumb, 0 bytes, Stack size 0 bytes, startup_stm32f40_41xxx.o(.text))
<BR>[Address Reference Count : 1]<UL><LI> startup_stm32f40_41xxx.o(RESET)
</UL>
<P><STRONG><a name="[3a]"></a>TIM8_CC_IRQHandler</STRONG> (Thumb, 0 bytes, Stack size 0 bytes, startup_stm32f40_41xxx.o(.text))
<BR>[Address Reference Count : 1]<UL><LI> startup_stm32f40_41xxx.o(RESET)
</UL>
<P><STRONG><a name="[39]"></a>TIM8_TRG_COM_TIM14_IRQHandler</STRONG> (Thumb, 0 bytes, Stack size 0 bytes, startup_stm32f40_41xxx.o(.text))
<BR>[Address Reference Count : 1]<UL><LI> startup_stm32f40_41xxx.o(RESET)
</UL>
<P><STRONG><a name="[38]"></a>TIM8_UP_TIM13_IRQHandler</STRONG> (Thumb, 0 bytes, Stack size 0 bytes, startup_stm32f40_41xxx.o(.text))
<BR>[Address Reference Count : 1]<UL><LI> startup_stm32f40_41xxx.o(RESET)
</UL>
<P><STRONG><a name="[40]"></a>UART4_IRQHandler</STRONG> (Thumb, 0 bytes, Stack size 0 bytes, startup_stm32f40_41xxx.o(.text))
<BR>[Address Reference Count : 1]<UL><LI> startup_stm32f40_41xxx.o(RESET)
</UL>
<P><STRONG><a name="[41]"></a>UART5_IRQHandler</STRONG> (Thumb, 0 bytes, Stack size 0 bytes, startup_stm32f40_41xxx.o(.text))
<BR>[Address Reference Count : 1]<UL><LI> startup_stm32f40_41xxx.o(RESET)
</UL>
<P><STRONG><a name="[31]"></a>USART1_IRQHandler</STRONG> (Thumb, 0 bytes, Stack size 0 bytes, startup_stm32f40_41xxx.o(.text))
<BR>[Address Reference Count : 1]<UL><LI> startup_stm32f40_41xxx.o(RESET)
</UL>
<P><STRONG><a name="[32]"></a>USART2_IRQHandler</STRONG> (Thumb, 0 bytes, Stack size 0 bytes, startup_stm32f40_41xxx.o(.text))
<BR>[Address Reference Count : 1]<UL><LI> startup_stm32f40_41xxx.o(RESET)
</UL>
<P><STRONG><a name="[33]"></a>USART3_IRQHandler</STRONG> (Thumb, 0 bytes, Stack size 0 bytes, startup_stm32f40_41xxx.o(.text))
<BR>[Address Reference Count : 1]<UL><LI> startup_stm32f40_41xxx.o(RESET)
</UL>
<P><STRONG><a name="[53]"></a>USART6_IRQHandler</STRONG> (Thumb, 0 bytes, Stack size 0 bytes, startup_stm32f40_41xxx.o(.text))
<BR>[Address Reference Count : 1]<UL><LI> startup_stm32f40_41xxx.o(RESET)
</UL>
<P><STRONG><a name="[c]"></a>WWDG_IRQHandler</STRONG> (Thumb, 0 bytes, Stack size 0 bytes, startup_stm32f40_41xxx.o(.text))
<BR>[Address Reference Count : 1]<UL><LI> startup_stm32f40_41xxx.o(RESET)
</UL>
<P><STRONG><a name="[92]"></a>__user_initial_stackheap</STRONG> (Thumb, 0 bytes, Stack size unknown bytes, startup_stm32f40_41xxx.o(.text))
<BR><BR>[Called By]<UL><LI><a href="#[83]">&gt;&gt;</a>&nbsp;&nbsp;&nbsp;__user_setup_stackheap
</UL>

<P><STRONG><a name="[8d]"></a>__aeabi_memset</STRONG> (Thumb, 16 bytes, Stack size 0 bytes, aeabi_memset.o(.text))
<BR><BR>[Calls]<UL><LI><a href="#[8e]">&gt;&gt;</a>&nbsp;&nbsp;&nbsp;_memset
</UL>
<BR>[Called By]<UL><LI><a href="#[b7]">&gt;&gt;</a>&nbsp;&nbsp;&nbsp;UDisk_Download
</UL>

<P><STRONG><a name="[172]"></a>__use_two_region_memory</STRONG> (Thumb, 2 bytes, Stack size 0 bytes, heapauxi.o(.text), UNUSED)

<P><STRONG><a name="[173]"></a>__rt_heap_escrow$2region</STRONG> (Thumb, 2 bytes, Stack size 0 bytes, heapauxi.o(.text), UNUSED)

<P><STRONG><a name="[174]"></a>__rt_heap_expand$2region</STRONG> (Thumb, 2 bytes, Stack size 0 bytes, heapauxi.o(.text), UNUSED)

<P><STRONG><a name="[175]"></a>__aeabi_memclr</STRONG> (Thumb, 0 bytes, Stack size 0 bytes, rt_memclr.o(.text), UNUSED)

<P><STRONG><a name="[8f]"></a>__rt_memclr</STRONG> (Thumb, 68 bytes, Stack size 0 bytes, rt_memclr.o(.text), UNUSED)
<BR><BR>[Calls]<UL><LI><a href="#[90]">&gt;&gt;</a>&nbsp;&nbsp;&nbsp;_memset_w
</UL>

<P><STRONG><a name="[8e]"></a>_memset</STRONG> (Thumb, 0 bytes, Stack size unknown bytes, rt_memclr.o(.text))
<BR><BR>[Called By]<UL><LI><a href="#[8d]">&gt;&gt;</a>&nbsp;&nbsp;&nbsp;__aeabi_memset
</UL>

<P><STRONG><a name="[176]"></a>__aeabi_memclr4</STRONG> (Thumb, 0 bytes, Stack size 4 bytes, rt_memclr_w.o(.text), UNUSED)

<P><STRONG><a name="[177]"></a>__aeabi_memclr8</STRONG> (Thumb, 0 bytes, Stack size 4 bytes, rt_memclr_w.o(.text), UNUSED)

<P><STRONG><a name="[178]"></a>__rt_memclr_w</STRONG> (Thumb, 78 bytes, Stack size 4 bytes, rt_memclr_w.o(.text), UNUSED)

<P><STRONG><a name="[90]"></a>_memset_w</STRONG> (Thumb, 0 bytes, Stack size unknown bytes, rt_memclr_w.o(.text), UNUSED)
<BR><BR>[Called By]<UL><LI><a href="#[8f]">&gt;&gt;</a>&nbsp;&nbsp;&nbsp;__rt_memclr
</UL>

<P><STRONG><a name="[83]"></a>__user_setup_stackheap</STRONG> (Thumb, 74 bytes, Stack size 8 bytes, sys_stackheap_outer.o(.text))
<BR><BR>[Stack]<UL><LI>Max Depth = 8 + Unknown Stack Size
<LI>Call Chain = __user_setup_stackheap
</UL>
<BR>[Calls]<UL><LI><a href="#[92]">&gt;&gt;</a>&nbsp;&nbsp;&nbsp;__user_initial_stackheap
<LI><a href="#[91]">&gt;&gt;</a>&nbsp;&nbsp;&nbsp;__user_perproc_libspace
</UL>
<BR>[Called By]<UL><LI><a href="#[82]">&gt;&gt;</a>&nbsp;&nbsp;&nbsp;__rt_entry_sh
</UL>

<P><STRONG><a name="[88]"></a>exit</STRONG> (Thumb, 18 bytes, Stack size 8 bytes, exit.o(.text))
<BR><BR>[Stack]<UL><LI>Max Depth = 8 + Unknown Stack Size
<LI>Call Chain = exit
</UL>
<BR>[Calls]<UL><LI><a href="#[93]">&gt;&gt;</a>&nbsp;&nbsp;&nbsp;__rt_exit
</UL>
<BR>[Called By]<UL><LI><a href="#[86]">&gt;&gt;</a>&nbsp;&nbsp;&nbsp;__rt_entry_main
</UL>

<P><STRONG><a name="[179]"></a>__user_libspace</STRONG> (Thumb, 8 bytes, Stack size 0 bytes, libspace.o(.text), UNUSED)

<P><STRONG><a name="[91]"></a>__user_perproc_libspace</STRONG> (Thumb, 0 bytes, Stack size 0 bytes, libspace.o(.text))
<BR><BR>[Called By]<UL><LI><a href="#[83]">&gt;&gt;</a>&nbsp;&nbsp;&nbsp;__user_setup_stackheap
</UL>

<P><STRONG><a name="[17a]"></a>__user_perthread_libspace</STRONG> (Thumb, 0 bytes, Stack size 0 bytes, libspace.o(.text), UNUSED)

<P><STRONG><a name="[8c]"></a>_sys_exit</STRONG> (Thumb, 8 bytes, Stack size 0 bytes, sys_exit.o(.text))
<BR><BR>[Called By]<UL><LI><a href="#[8b]">&gt;&gt;</a>&nbsp;&nbsp;&nbsp;__rt_exit_exit
</UL>

<P><STRONG><a name="[17b]"></a>__I$use$semihosting</STRONG> (Thumb, 0 bytes, Stack size 0 bytes, use_no_semi.o(.text), UNUSED)

<P><STRONG><a name="[17c]"></a>__use_no_semihosting_swi</STRONG> (Thumb, 2 bytes, Stack size 0 bytes, use_no_semi.o(.text), UNUSED)

<P><STRONG><a name="[6]"></a>BusFault_Handler</STRONG> (Thumb, 2 bytes, Stack size 0 bytes, stm32f4xx_it.o(i.BusFault_Handler))
<BR><BR>[Calls]<UL><LI><a href="#[6]">&gt;&gt;</a>&nbsp;&nbsp;&nbsp;BusFault_Handler
</UL>
<BR>[Called By]<UL><LI><a href="#[6]">&gt;&gt;</a>&nbsp;&nbsp;&nbsp;BusFault_Handler
</UL>
<BR>[Address Reference Count : 1]<UL><LI> startup_stm32f40_41xxx.o(RESET)
</UL>
<P><STRONG><a name="[17d]"></a>__semihosting_library_function</STRONG> (Thumb, 0 bytes, Stack size 0 bytes, indicate_semi.o(.text), UNUSED)

<P><STRONG><a name="[9]"></a>DebugMon_Handler</STRONG> (Thumb, 2 bytes, Stack size 0 bytes, stm32f4xx_it.o(i.DebugMon_Handler))
<BR>[Address Reference Count : 1]<UL><LI> startup_stm32f40_41xxx.o(RESET)
</UL>
<P><STRONG><a name="[99]"></a>FLASH_ClearFlag</STRONG> (Thumb, 6 bytes, Stack size 0 bytes, stm32f4xx_flash.o(i.FLASH_ClearFlag))
<BR><BR>[Called By]<UL><LI><a href="#[9b]">&gt;&gt;</a>&nbsp;&nbsp;&nbsp;FLASH_If_Init
<LI><a href="#[98]">&gt;&gt;</a>&nbsp;&nbsp;&nbsp;FLASH_If_Finish
</UL>

<P><STRONG><a name="[94]"></a>FLASH_EraseSector</STRONG> (Thumb, 106 bytes, Stack size 16 bytes, stm32f4xx_flash.o(i.FLASH_EraseSector))
<BR><BR>[Stack]<UL><LI>Max Depth = 24<LI>Call Chain = FLASH_EraseSector &rArr; FLASH_WaitForLastOperation
</UL>
<BR>[Calls]<UL><LI><a href="#[95]">&gt;&gt;</a>&nbsp;&nbsp;&nbsp;FLASH_WaitForLastOperation
</UL>
<BR>[Called By]<UL><LI><a href="#[96]">&gt;&gt;</a>&nbsp;&nbsp;&nbsp;FLASH_If_Erase
</UL>

<P><STRONG><a name="[9f]"></a>FLASH_GetStatus</STRONG> (Thumb, 56 bytes, Stack size 0 bytes, stm32f4xx_flash.o(i.FLASH_GetStatus))
<BR><BR>[Called By]<UL><LI><a href="#[95]">&gt;&gt;</a>&nbsp;&nbsp;&nbsp;FLASH_WaitForLastOperation
</UL>

<P><STRONG><a name="[96]"></a>FLASH_If_Erase</STRONG> (Thumb, 44 bytes, Stack size 16 bytes, flash_if.o(i.FLASH_If_Erase))
<BR><BR>[Stack]<UL><LI>Max Depth = 40<LI>Call Chain = FLASH_If_Erase &rArr; FLASH_EraseSector &rArr; FLASH_WaitForLastOperation
</UL>
<BR>[Calls]<UL><LI><a href="#[94]">&gt;&gt;</a>&nbsp;&nbsp;&nbsp;FLASH_EraseSector
<LI><a href="#[97]">&gt;&gt;</a>&nbsp;&nbsp;&nbsp;GetSector
</UL>
<BR>[Called By]<UL><LI><a href="#[b7]">&gt;&gt;</a>&nbsp;&nbsp;&nbsp;UDisk_Download
</UL>

<P><STRONG><a name="[98]"></a>FLASH_If_Finish</STRONG> (Thumb, 16 bytes, Stack size 8 bytes, flash_if.o(i.FLASH_If_Finish))
<BR><BR>[Stack]<UL><LI>Max Depth = 8<LI>Call Chain = FLASH_If_Finish
</UL>
<BR>[Calls]<UL><LI><a href="#[9a]">&gt;&gt;</a>&nbsp;&nbsp;&nbsp;FLASH_Lock
<LI><a href="#[99]">&gt;&gt;</a>&nbsp;&nbsp;&nbsp;FLASH_ClearFlag
</UL>
<BR>[Called By]<UL><LI><a href="#[87]">&gt;&gt;</a>&nbsp;&nbsp;&nbsp;main
</UL>

<P><STRONG><a name="[9b]"></a>FLASH_If_Init</STRONG> (Thumb, 16 bytes, Stack size 8 bytes, flash_if.o(i.FLASH_If_Init))
<BR><BR>[Stack]<UL><LI>Max Depth = 8<LI>Call Chain = FLASH_If_Init
</UL>
<BR>[Calls]<UL><LI><a href="#[9c]">&gt;&gt;</a>&nbsp;&nbsp;&nbsp;FLASH_Unlock
<LI><a href="#[99]">&gt;&gt;</a>&nbsp;&nbsp;&nbsp;FLASH_ClearFlag
</UL>
<BR>[Called By]<UL><LI><a href="#[87]">&gt;&gt;</a>&nbsp;&nbsp;&nbsp;main
</UL>

<P><STRONG><a name="[9d]"></a>FLASH_If_Write</STRONG> (Thumb, 76 bytes, Stack size 24 bytes, flash_if.o(i.FLASH_If_Write))
<BR><BR>[Stack]<UL><LI>Max Depth = 48<LI>Call Chain = FLASH_If_Write &rArr; FLASH_ProgramWord &rArr; FLASH_WaitForLastOperation
</UL>
<BR>[Calls]<UL><LI><a href="#[9e]">&gt;&gt;</a>&nbsp;&nbsp;&nbsp;FLASH_ProgramWord
</UL>
<BR>[Called By]<UL><LI><a href="#[b7]">&gt;&gt;</a>&nbsp;&nbsp;&nbsp;UDisk_Download
</UL>

<P><STRONG><a name="[9a]"></a>FLASH_Lock</STRONG> (Thumb, 12 bytes, Stack size 0 bytes, stm32f4xx_flash.o(i.FLASH_Lock))
<BR><BR>[Called By]<UL><LI><a href="#[98]">&gt;&gt;</a>&nbsp;&nbsp;&nbsp;FLASH_If_Finish
</UL>

<P><STRONG><a name="[9e]"></a>FLASH_ProgramWord</STRONG> (Thumb, 56 bytes, Stack size 16 bytes, stm32f4xx_flash.o(i.FLASH_ProgramWord))
<BR><BR>[Stack]<UL><LI>Max Depth = 24<LI>Call Chain = FLASH_ProgramWord &rArr; FLASH_WaitForLastOperation
</UL>
<BR>[Calls]<UL><LI><a href="#[95]">&gt;&gt;</a>&nbsp;&nbsp;&nbsp;FLASH_WaitForLastOperation
</UL>
<BR>[Called By]<UL><LI><a href="#[9d]">&gt;&gt;</a>&nbsp;&nbsp;&nbsp;FLASH_If_Write
</UL>

<P><STRONG><a name="[9c]"></a>FLASH_Unlock</STRONG> (Thumb, 22 bytes, Stack size 0 bytes, stm32f4xx_flash.o(i.FLASH_Unlock))
<BR><BR>[Called By]<UL><LI><a href="#[9b]">&gt;&gt;</a>&nbsp;&nbsp;&nbsp;FLASH_If_Init
</UL>

<P><STRONG><a name="[95]"></a>FLASH_WaitForLastOperation</STRONG> (Thumb, 34 bytes, Stack size 8 bytes, stm32f4xx_flash.o(i.FLASH_WaitForLastOperation))
<BR><BR>[Stack]<UL><LI>Max Depth = 8<LI>Call Chain = FLASH_WaitForLastOperation
</UL>
<BR>[Calls]<UL><LI><a href="#[9f]">&gt;&gt;</a>&nbsp;&nbsp;&nbsp;FLASH_GetStatus
</UL>
<BR>[Called By]<UL><LI><a href="#[9e]">&gt;&gt;</a>&nbsp;&nbsp;&nbsp;FLASH_ProgramWord
<LI><a href="#[94]">&gt;&gt;</a>&nbsp;&nbsp;&nbsp;FLASH_EraseSector
</UL>

<P><STRONG><a name="[b1]"></a>GPIO_Init</STRONG> (Thumb, 124 bytes, Stack size 24 bytes, stm32f4xx_gpio.o(i.GPIO_Init))
<BR><BR>[Stack]<UL><LI>Max Depth = 24<LI>Call Chain = GPIO_Init
</UL>
<BR>[Called By]<UL><LI><a href="#[af]">&gt;&gt;</a>&nbsp;&nbsp;&nbsp;LED_PortInit
<LI><a href="#[d9]">&gt;&gt;</a>&nbsp;&nbsp;&nbsp;USB_OTG_BSP_Init
</UL>

<P><STRONG><a name="[103]"></a>GPIO_PinAFConfig</STRONG> (Thumb, 32 bytes, Stack size 8 bytes, stm32f4xx_gpio.o(i.GPIO_PinAFConfig))
<BR><BR>[Stack]<UL><LI>Max Depth = 8<LI>Call Chain = GPIO_PinAFConfig
</UL>
<BR>[Called By]<UL><LI><a href="#[d9]">&gt;&gt;</a>&nbsp;&nbsp;&nbsp;USB_OTG_BSP_Init
</UL>

<P><STRONG><a name="[bb]"></a>GPIO_ResetBits</STRONG> (Thumb, 4 bytes, Stack size 0 bytes, stm32f4xx_gpio.o(i.GPIO_ResetBits))
<BR><BR>[Called By]<UL><LI><a href="#[87]">&gt;&gt;</a>&nbsp;&nbsp;&nbsp;main
<LI><a href="#[b7]">&gt;&gt;</a>&nbsp;&nbsp;&nbsp;UDisk_Download
<LI><a href="#[69]">&gt;&gt;</a>&nbsp;&nbsp;&nbsp;USBH_USR_Init
<LI><a href="#[6b]">&gt;&gt;</a>&nbsp;&nbsp;&nbsp;USBH_USR_DeviceAttached
</UL>

<P><STRONG><a name="[b2]"></a>GPIO_SetBits</STRONG> (Thumb, 4 bytes, Stack size 0 bytes, stm32f4xx_gpio.o(i.GPIO_SetBits))
<BR><BR>[Called By]<UL><LI><a href="#[af]">&gt;&gt;</a>&nbsp;&nbsp;&nbsp;LED_PortInit
<LI><a href="#[87]">&gt;&gt;</a>&nbsp;&nbsp;&nbsp;main
<LI><a href="#[b7]">&gt;&gt;</a>&nbsp;&nbsp;&nbsp;UDisk_Download
</UL>

<P><STRONG><a name="[d1]"></a>HCD_GetCurrentFrame</STRONG> (Thumb, 8 bytes, Stack size 0 bytes, usb_hcd.o(i.HCD_GetCurrentFrame))
<BR><BR>[Called By]<UL><LI><a href="#[d0]">&gt;&gt;</a>&nbsp;&nbsp;&nbsp;USBH_HandleControl
</UL>

<P><STRONG><a name="[fc]"></a>HCD_GetCurrentSpeed</STRONG> (Thumb, 12 bytes, Stack size 0 bytes, usb_hcd.o(i.HCD_GetCurrentSpeed))
<BR><BR>[Called By]<UL><LI><a href="#[fb]">&gt;&gt;</a>&nbsp;&nbsp;&nbsp;USBH_Process
</UL>

<P><STRONG><a name="[d2]"></a>HCD_GetURB_State</STRONG> (Thumb, 8 bytes, Stack size 0 bytes, usb_hcd.o(i.HCD_GetURB_State))
<BR><BR>[Called By]<UL><LI><a href="#[d0]">&gt;&gt;</a>&nbsp;&nbsp;&nbsp;USBH_HandleControl
<LI><a href="#[e8]">&gt;&gt;</a>&nbsp;&nbsp;&nbsp;USBH_MSC_HandleBOTXfer
</UL>

<P><STRONG><a name="[e0]"></a>HCD_GetXferCnt</STRONG> (Thumb, 10 bytes, Stack size 0 bytes, usb_hcd.o(i.HCD_GetXferCnt))
<BR><BR>[Called By]<UL><LI><a href="#[de]">&gt;&gt;</a>&nbsp;&nbsp;&nbsp;USBH_MSC_DecodeCSW
</UL>

<P><STRONG><a name="[a0]"></a>HCD_Init</STRONG> (Thumb, 86 bytes, Stack size 8 bytes, usb_hcd.o(i.HCD_Init))
<BR><BR>[Stack]<UL><LI>Max Depth = 72<LI>Call Chain = HCD_Init &rArr; USB_OTG_CoreInitHost &rArr; USB_OTG_ResetPort &rArr; USB_OTG_BSP_mDelay &rArr; delay_ms
</UL>
<BR>[Calls]<UL><LI><a href="#[a4]">&gt;&gt;</a>&nbsp;&nbsp;&nbsp;USB_OTG_SetCurrentMode
<LI><a href="#[a1]">&gt;&gt;</a>&nbsp;&nbsp;&nbsp;USB_OTG_SelectCore
<LI><a href="#[a6]">&gt;&gt;</a>&nbsp;&nbsp;&nbsp;USB_OTG_EnableGlobalInt
<LI><a href="#[a2]">&gt;&gt;</a>&nbsp;&nbsp;&nbsp;USB_OTG_DisableGlobalInt
<LI><a href="#[a5]">&gt;&gt;</a>&nbsp;&nbsp;&nbsp;USB_OTG_CoreInitHost
<LI><a href="#[a3]">&gt;&gt;</a>&nbsp;&nbsp;&nbsp;USB_OTG_CoreInit
</UL>
<BR>[Called By]<UL><LI><a href="#[d8]">&gt;&gt;</a>&nbsp;&nbsp;&nbsp;USBH_Init
</UL>

<P><STRONG><a name="[df]"></a>HCD_IsDeviceConnected</STRONG> (Thumb, 6 bytes, Stack size 0 bytes, usb_hcd.o(i.HCD_IsDeviceConnected))
<BR><BR>[Called By]<UL><LI><a href="#[fb]">&gt;&gt;</a>&nbsp;&nbsp;&nbsp;USBH_Process
<LI><a href="#[101]">&gt;&gt;</a>&nbsp;&nbsp;&nbsp;USBH_UDISK_Write
<LI><a href="#[100]">&gt;&gt;</a>&nbsp;&nbsp;&nbsp;USBH_UDISK_Status
<LI><a href="#[ff]">&gt;&gt;</a>&nbsp;&nbsp;&nbsp;USBH_UDISK_Read
<LI><a href="#[ec]">&gt;&gt;</a>&nbsp;&nbsp;&nbsp;USBH_MSC_Write10
<LI><a href="#[eb]">&gt;&gt;</a>&nbsp;&nbsp;&nbsp;USBH_MSC_Read10
<LI><a href="#[e3]">&gt;&gt;</a>&nbsp;&nbsp;&nbsp;USBH_MSC_TestUnitReady
<LI><a href="#[e7]">&gt;&gt;</a>&nbsp;&nbsp;&nbsp;USBH_MSC_RequestSense
<LI><a href="#[e5]">&gt;&gt;</a>&nbsp;&nbsp;&nbsp;USBH_MSC_ReadCapacity10
<LI><a href="#[e6]">&gt;&gt;</a>&nbsp;&nbsp;&nbsp;USBH_MSC_ModeSense6
<LI><a href="#[68]">&gt;&gt;</a>&nbsp;&nbsp;&nbsp;USBH_MSC_Handle
<LI><a href="#[e2]">&gt;&gt;</a>&nbsp;&nbsp;&nbsp;USBH_MSC_Init
<LI><a href="#[e8]">&gt;&gt;</a>&nbsp;&nbsp;&nbsp;USBH_MSC_HandleBOTXfer
<LI><a href="#[de]">&gt;&gt;</a>&nbsp;&nbsp;&nbsp;USBH_MSC_DecodeCSW
</UL>

<P><STRONG><a name="[a7]"></a>HCD_ResetPort</STRONG> (Thumb, 10 bytes, Stack size 8 bytes, usb_hcd.o(i.HCD_ResetPort))
<BR><BR>[Stack]<UL><LI>Max Depth = 40<LI>Call Chain = HCD_ResetPort &rArr; USB_OTG_ResetPort &rArr; USB_OTG_BSP_mDelay &rArr; delay_ms
</UL>
<BR>[Calls]<UL><LI><a href="#[a8]">&gt;&gt;</a>&nbsp;&nbsp;&nbsp;USB_OTG_ResetPort
</UL>
<BR>[Called By]<UL><LI><a href="#[fb]">&gt;&gt;</a>&nbsp;&nbsp;&nbsp;USBH_Process
<LI><a href="#[d3]">&gt;&gt;</a>&nbsp;&nbsp;&nbsp;USBH_HandleEnum
</UL>

<P><STRONG><a name="[a9]"></a>HCD_SubmitRequest</STRONG> (Thumb, 20 bytes, Stack size 0 bytes, usb_hcd.o(i.HCD_SubmitRequest))
<BR><BR>[Stack]<UL><LI>Max Depth = 64<LI>Call Chain = HCD_SubmitRequest &rArr; USB_OTG_HC_StartXfer &rArr; USB_OTG_WritePacket
</UL>
<BR>[Calls]<UL><LI><a href="#[aa]">&gt;&gt;</a>&nbsp;&nbsp;&nbsp;USB_OTG_HC_StartXfer
</UL>
<BR>[Called By]<UL><LI><a href="#[c0]">&gt;&gt;</a>&nbsp;&nbsp;&nbsp;USBH_BulkSendData
<LI><a href="#[bf]">&gt;&gt;</a>&nbsp;&nbsp;&nbsp;USBH_BulkReceiveData
<LI><a href="#[c6]">&gt;&gt;</a>&nbsp;&nbsp;&nbsp;USBH_CtlSendSetup
<LI><a href="#[c5]">&gt;&gt;</a>&nbsp;&nbsp;&nbsp;USBH_CtlSendData
<LI><a href="#[c3]">&gt;&gt;</a>&nbsp;&nbsp;&nbsp;USBH_CtlReceiveData
</UL>

<P><STRONG><a name="[4]"></a>HardFault_Handler</STRONG> (Thumb, 2 bytes, Stack size 0 bytes, stm32f4xx_it.o(i.HardFault_Handler))
<BR><BR>[Calls]<UL><LI><a href="#[4]">&gt;&gt;</a>&nbsp;&nbsp;&nbsp;HardFault_Handler
</UL>
<BR>[Called By]<UL><LI><a href="#[4]">&gt;&gt;</a>&nbsp;&nbsp;&nbsp;HardFault_Handler
</UL>
<BR>[Address Reference Count : 1]<UL><LI> startup_stm32f40_41xxx.o(RESET)
</UL>
<P><STRONG><a name="[ab]"></a>IAP_Close</STRONG> (Thumb, 30 bytes, Stack size 8 bytes, download.o(i.IAP_Close))
<BR><BR>[Stack]<UL><LI>Max Depth = 8<LI>Call Chain = IAP_Close
</UL>
<BR>[Calls]<UL><LI><a href="#[ad]">&gt;&gt;</a>&nbsp;&nbsp;&nbsp;RCC_APB1PeriphClockCmd
<LI><a href="#[ae]">&gt;&gt;</a>&nbsp;&nbsp;&nbsp;RCC_AHB2PeriphClockCmd
<LI><a href="#[ac]">&gt;&gt;</a>&nbsp;&nbsp;&nbsp;TIM_Cmd
</UL>
<BR>[Called By]<UL><LI><a href="#[87]">&gt;&gt;</a>&nbsp;&nbsp;&nbsp;main
</UL>

<P><STRONG><a name="[14a]"></a>IAP_LoadApp</STRONG> (Thumb, 62 bytes, Stack size 0 bytes, main.o(i.IAP_LoadApp))
<BR><BR>[Called By]<UL><LI><a href="#[87]">&gt;&gt;</a>&nbsp;&nbsp;&nbsp;main
</UL>

<P><STRONG><a name="[af]"></a>LED_PortInit</STRONG> (Thumb, 58 bytes, Stack size 24 bytes, led_driver.o(i.LED_PortInit))
<BR><BR>[Stack]<UL><LI>Max Depth = 48<LI>Call Chain = LED_PortInit &rArr; GPIO_Init
</UL>
<BR>[Calls]<UL><LI><a href="#[b1]">&gt;&gt;</a>&nbsp;&nbsp;&nbsp;GPIO_Init
<LI><a href="#[b2]">&gt;&gt;</a>&nbsp;&nbsp;&nbsp;GPIO_SetBits
<LI><a href="#[b0]">&gt;&gt;</a>&nbsp;&nbsp;&nbsp;RCC_AHB1PeriphClockCmd
</UL>
<BR>[Called By]<UL><LI><a href="#[87]">&gt;&gt;</a>&nbsp;&nbsp;&nbsp;main
</UL>

<P><STRONG><a name="[5]"></a>MemManage_Handler</STRONG> (Thumb, 2 bytes, Stack size 0 bytes, stm32f4xx_it.o(i.MemManage_Handler))
<BR><BR>[Calls]<UL><LI><a href="#[5]">&gt;&gt;</a>&nbsp;&nbsp;&nbsp;MemManage_Handler
</UL>
<BR>[Called By]<UL><LI><a href="#[5]">&gt;&gt;</a>&nbsp;&nbsp;&nbsp;MemManage_Handler
</UL>
<BR>[Address Reference Count : 1]<UL><LI> startup_stm32f40_41xxx.o(RESET)
</UL>
<P><STRONG><a name="[3]"></a>NMI_Handler</STRONG> (Thumb, 2 bytes, Stack size 0 bytes, stm32f4xx_it.o(i.NMI_Handler))
<BR>[Address Reference Count : 1]<UL><LI> startup_stm32f40_41xxx.o(RESET)
</UL>
<P><STRONG><a name="[102]"></a>NVIC_Init</STRONG> (Thumb, 98 bytes, Stack size 12 bytes, misc.o(i.NVIC_Init))
<BR><BR>[Stack]<UL><LI>Max Depth = 12<LI>Call Chain = NVIC_Init
</UL>
<BR>[Called By]<UL><LI><a href="#[db]">&gt;&gt;</a>&nbsp;&nbsp;&nbsp;USB_OTG_BSP_EnableInterrupt
</UL>

<P><STRONG><a name="[148]"></a>NVIC_PriorityGroupConfig</STRONG> (Thumb, 10 bytes, Stack size 0 bytes, misc.o(i.NVIC_PriorityGroupConfig))
<BR><BR>[Called By]<UL><LI><a href="#[87]">&gt;&gt;</a>&nbsp;&nbsp;&nbsp;main
</UL>

<P><STRONG><a name="[4f]"></a>OTG_FS_IRQHandler</STRONG> (Thumb, 6 bytes, Stack size 0 bytes, usbh_usr.o(i.OTG_FS_IRQHandler))
<BR><BR>[Stack]<UL><LI>Max Depth = 112<LI>Call Chain = OTG_FS_IRQHandler &rArr; USBH_OTG_ISR_Handler &rArr; USB_OTG_USBH_handle_hc_ISR &rArr; USB_OTG_USBH_handle_hc_n_In_ISR &rArr; USB_OTG_HC_Halt
</UL>
<BR>[Calls]<UL><LI><a href="#[b3]">&gt;&gt;</a>&nbsp;&nbsp;&nbsp;USBH_OTG_ISR_Handler
</UL>
<BR>[Address Reference Count : 1]<UL><LI> startup_stm32f40_41xxx.o(RESET)
</UL>
<P><STRONG><a name="[a]"></a>PendSV_Handler</STRONG> (Thumb, 2 bytes, Stack size 0 bytes, stm32f4xx_it.o(i.PendSV_Handler))
<BR>[Address Reference Count : 1]<UL><LI> startup_stm32f40_41xxx.o(RESET)
</UL>
<P><STRONG><a name="[b0]"></a>RCC_AHB1PeriphClockCmd</STRONG> (Thumb, 22 bytes, Stack size 0 bytes, stm32f4xx_rcc.o(i.RCC_AHB1PeriphClockCmd))
<BR><BR>[Called By]<UL><LI><a href="#[af]">&gt;&gt;</a>&nbsp;&nbsp;&nbsp;LED_PortInit
<LI><a href="#[d9]">&gt;&gt;</a>&nbsp;&nbsp;&nbsp;USB_OTG_BSP_Init
</UL>

<P><STRONG><a name="[ae]"></a>RCC_AHB2PeriphClockCmd</STRONG> (Thumb, 22 bytes, Stack size 0 bytes, stm32f4xx_rcc.o(i.RCC_AHB2PeriphClockCmd))
<BR><BR>[Called By]<UL><LI><a href="#[ab]">&gt;&gt;</a>&nbsp;&nbsp;&nbsp;IAP_Close
<LI><a href="#[d9]">&gt;&gt;</a>&nbsp;&nbsp;&nbsp;USB_OTG_BSP_Init
</UL>

<P><STRONG><a name="[ad]"></a>RCC_APB1PeriphClockCmd</STRONG> (Thumb, 22 bytes, Stack size 0 bytes, stm32f4xx_rcc.o(i.RCC_APB1PeriphClockCmd))
<BR><BR>[Called By]<UL><LI><a href="#[ab]">&gt;&gt;</a>&nbsp;&nbsp;&nbsp;IAP_Close
</UL>

<P><STRONG><a name="[8]"></a>SVC_Handler</STRONG> (Thumb, 2 bytes, Stack size 0 bytes, stm32f4xx_it.o(i.SVC_Handler))
<BR>[Address Reference Count : 1]<UL><LI> startup_stm32f40_41xxx.o(RESET)
</UL>
<P><STRONG><a name="[124]"></a>SysTick_CLKSourceConfig</STRONG> (Thumb, 28 bytes, Stack size 0 bytes, misc.o(i.SysTick_CLKSourceConfig))
<BR><BR>[Called By]<UL><LI><a href="#[123]">&gt;&gt;</a>&nbsp;&nbsp;&nbsp;delay_init
</UL>

<P><STRONG><a name="[b]"></a>SysTick_Handler</STRONG> (Thumb, 2 bytes, Stack size 0 bytes, stm32f4xx_it.o(i.SysTick_Handler))
<BR>[Address Reference Count : 1]<UL><LI> startup_stm32f40_41xxx.o(RESET)
</UL>
<P><STRONG><a name="[149]"></a>SysTimeGet</STRONG> (Thumb, 6 bytes, Stack size 0 bytes, timer_driver.o(i.SysTimeGet))
<BR><BR>[Called By]<UL><LI><a href="#[87]">&gt;&gt;</a>&nbsp;&nbsp;&nbsp;main
</UL>

<P><STRONG><a name="[5e]"></a>SystemInit</STRONG> (Thumb, 74 bytes, Stack size 8 bytes, system_stm32f4xx.o(i.SystemInit))
<BR><BR>[Stack]<UL><LI>Max Depth = 20<LI>Call Chain = SystemInit &rArr; SetSysClock
</UL>
<BR>[Calls]<UL><LI><a href="#[b4]">&gt;&gt;</a>&nbsp;&nbsp;&nbsp;SetSysClock
</UL>
<BR>[Address Reference Count : 1]<UL><LI> startup_stm32f40_41xxx.o(.text)
</UL>
<P><STRONG><a name="[29]"></a>TIM3_IRQHandler</STRONG> (Thumb, 38 bytes, Stack size 8 bytes, timer_driver.o(i.TIM3_IRQHandler))
<BR><BR>[Stack]<UL><LI>Max Depth = 8<LI>Call Chain = TIM3_IRQHandler
</UL>
<BR>[Calls]<UL><LI><a href="#[b5]">&gt;&gt;</a>&nbsp;&nbsp;&nbsp;TIM_GetITStatus
<LI><a href="#[b6]">&gt;&gt;</a>&nbsp;&nbsp;&nbsp;TIM_ClearITPendingBit
</UL>
<BR>[Address Reference Count : 1]<UL><LI> startup_stm32f40_41xxx.o(RESET)
</UL>
<P><STRONG><a name="[b6]"></a>TIM_ClearITPendingBit</STRONG> (Thumb, 6 bytes, Stack size 0 bytes, stm32f4xx_tim.o(i.TIM_ClearITPendingBit))
<BR><BR>[Called By]<UL><LI><a href="#[29]">&gt;&gt;</a>&nbsp;&nbsp;&nbsp;TIM3_IRQHandler
</UL>

<P><STRONG><a name="[ac]"></a>TIM_Cmd</STRONG> (Thumb, 24 bytes, Stack size 0 bytes, stm32f4xx_tim.o(i.TIM_Cmd))
<BR><BR>[Called By]<UL><LI><a href="#[ab]">&gt;&gt;</a>&nbsp;&nbsp;&nbsp;IAP_Close
</UL>

<P><STRONG><a name="[b5]"></a>TIM_GetITStatus</STRONG> (Thumb, 24 bytes, Stack size 0 bytes, stm32f4xx_tim.o(i.TIM_GetITStatus))
<BR><BR>[Called By]<UL><LI><a href="#[29]">&gt;&gt;</a>&nbsp;&nbsp;&nbsp;TIM3_IRQHandler
</UL>

<P><STRONG><a name="[b7]"></a>UDisk_Download</STRONG> (Thumb, 318 bytes, Stack size 608 bytes, download.o(i.UDisk_Download))
<BR><BR>[Stack]<UL><LI>Max Depth = 1064 + Unknown Stack Size
<LI>Call Chain = UDisk_Download &rArr; f_open &rArr; dir_register &rArr; dir_find &rArr; dir_next &rArr; create_chain &rArr; put_fat &rArr; move_window &rArr; sync_window &rArr; disk_write &rArr; USBH_UDISK_Write &rArr; USBH_MSC_HandleBOTXfer &rArr; USBH_BulkSendData &rArr; HCD_SubmitRequest &rArr; USB_OTG_HC_StartXfer &rArr; USB_OTG_WritePacket
</UL>
<BR>[Calls]<UL><LI><a href="#[b2]">&gt;&gt;</a>&nbsp;&nbsp;&nbsp;GPIO_SetBits
<LI><a href="#[bb]">&gt;&gt;</a>&nbsp;&nbsp;&nbsp;GPIO_ResetBits
<LI><a href="#[b8]">&gt;&gt;</a>&nbsp;&nbsp;&nbsp;exf_getfree
<LI><a href="#[bc]">&gt;&gt;</a>&nbsp;&nbsp;&nbsp;f_read
<LI><a href="#[b9]">&gt;&gt;</a>&nbsp;&nbsp;&nbsp;f_open
<LI><a href="#[ba]">&gt;&gt;</a>&nbsp;&nbsp;&nbsp;f_close
<LI><a href="#[8d]">&gt;&gt;</a>&nbsp;&nbsp;&nbsp;__aeabi_memset
<LI><a href="#[9d]">&gt;&gt;</a>&nbsp;&nbsp;&nbsp;FLASH_If_Write
<LI><a href="#[96]">&gt;&gt;</a>&nbsp;&nbsp;&nbsp;FLASH_If_Erase
</UL>
<BR>[Called By]<UL><LI><a href="#[78]">&gt;&gt;</a>&nbsp;&nbsp;&nbsp;USBH_USR_MSC_Application
</UL>

<P><STRONG><a name="[bd]"></a>USBH_Alloc_Channel</STRONG> (Thumb, 36 bytes, Stack size 16 bytes, usbh_hcs.o(i.USBH_Alloc_Channel))
<BR><BR>[Stack]<UL><LI>Max Depth = 16<LI>Call Chain = USBH_Alloc_Channel
</UL>
<BR>[Calls]<UL><LI><a href="#[be]">&gt;&gt;</a>&nbsp;&nbsp;&nbsp;USBH_GetFreeChannel
</UL>
<BR>[Called By]<UL><LI><a href="#[fb]">&gt;&gt;</a>&nbsp;&nbsp;&nbsp;USBH_Process
<LI><a href="#[65]">&gt;&gt;</a>&nbsp;&nbsp;&nbsp;USBH_MSC_InterfaceInit
</UL>

<P><STRONG><a name="[bf]"></a>USBH_BulkReceiveData</STRONG> (Thumb, 54 bytes, Stack size 16 bytes, usbh_ioreq.o(i.USBH_BulkReceiveData))
<BR><BR>[Stack]<UL><LI>Max Depth = 80<LI>Call Chain = USBH_BulkReceiveData &rArr; HCD_SubmitRequest &rArr; USB_OTG_HC_StartXfer &rArr; USB_OTG_WritePacket
</UL>
<BR>[Calls]<UL><LI><a href="#[a9]">&gt;&gt;</a>&nbsp;&nbsp;&nbsp;HCD_SubmitRequest
</UL>
<BR>[Called By]<UL><LI><a href="#[e8]">&gt;&gt;</a>&nbsp;&nbsp;&nbsp;USBH_MSC_HandleBOTXfer
</UL>

<P><STRONG><a name="[c0]"></a>USBH_BulkSendData</STRONG> (Thumb, 52 bytes, Stack size 16 bytes, usbh_ioreq.o(i.USBH_BulkSendData))
<BR><BR>[Stack]<UL><LI>Max Depth = 80<LI>Call Chain = USBH_BulkSendData &rArr; HCD_SubmitRequest &rArr; USB_OTG_HC_StartXfer &rArr; USB_OTG_WritePacket
</UL>
<BR>[Calls]<UL><LI><a href="#[a9]">&gt;&gt;</a>&nbsp;&nbsp;&nbsp;HCD_SubmitRequest
</UL>
<BR>[Called By]<UL><LI><a href="#[e8]">&gt;&gt;</a>&nbsp;&nbsp;&nbsp;USBH_MSC_HandleBOTXfer
</UL>

<P><STRONG><a name="[c1]"></a>USBH_ClrFeature</STRONG> (Thumb, 46 bytes, Stack size 8 bytes, usbh_stdreq.o(i.USBH_ClrFeature))
<BR><BR>[Stack]<UL><LI>Max Depth = 24<LI>Call Chain = USBH_ClrFeature &rArr; USBH_CtlReq
</UL>
<BR>[Calls]<UL><LI><a href="#[c2]">&gt;&gt;</a>&nbsp;&nbsp;&nbsp;USBH_CtlReq
</UL>
<BR>[Called By]<UL><LI><a href="#[68]">&gt;&gt;</a>&nbsp;&nbsp;&nbsp;USBH_MSC_Handle
<LI><a href="#[dd]">&gt;&gt;</a>&nbsp;&nbsp;&nbsp;USBH_MSC_BOT_Abort
</UL>

<P><STRONG><a name="[63]"></a>USBH_Connected</STRONG> (Thumb, 10 bytes, Stack size 0 bytes, usbh_core.o(i.USBH_Connected))
<BR>[Address Reference Count : 1]<UL><LI> usbh_core.o(.data)
</UL>
<P><STRONG><a name="[c3]"></a>USBH_CtlReceiveData</STRONG> (Thumb, 36 bytes, Stack size 16 bytes, usbh_ioreq.o(i.USBH_CtlReceiveData))
<BR><BR>[Stack]<UL><LI>Max Depth = 80<LI>Call Chain = USBH_CtlReceiveData &rArr; HCD_SubmitRequest &rArr; USB_OTG_HC_StartXfer &rArr; USB_OTG_WritePacket
</UL>
<BR>[Calls]<UL><LI><a href="#[a9]">&gt;&gt;</a>&nbsp;&nbsp;&nbsp;HCD_SubmitRequest
</UL>
<BR>[Called By]<UL><LI><a href="#[d0]">&gt;&gt;</a>&nbsp;&nbsp;&nbsp;USBH_HandleControl
</UL>

<P><STRONG><a name="[c2]"></a>USBH_CtlReq</STRONG> (Thumb, 76 bytes, Stack size 16 bytes, usbh_ioreq.o(i.USBH_CtlReq))
<BR><BR>[Stack]<UL><LI>Max Depth = 16<LI>Call Chain = USBH_CtlReq
</UL>
<BR>[Calls]<UL><LI><a href="#[c4]">&gt;&gt;</a>&nbsp;&nbsp;&nbsp;USBH_SubmitSetupRequest
</UL>
<BR>[Called By]<UL><LI><a href="#[d7]">&gt;&gt;</a>&nbsp;&nbsp;&nbsp;USBH_SetCfg
<LI><a href="#[d5]">&gt;&gt;</a>&nbsp;&nbsp;&nbsp;USBH_SetAddress
<LI><a href="#[e1]">&gt;&gt;</a>&nbsp;&nbsp;&nbsp;USBH_MSC_GETMaxLUN
<LI><a href="#[dc]">&gt;&gt;</a>&nbsp;&nbsp;&nbsp;USBH_MSC_BOTReset
<LI><a href="#[c9]">&gt;&gt;</a>&nbsp;&nbsp;&nbsp;USBH_GetDescriptor
<LI><a href="#[c1]">&gt;&gt;</a>&nbsp;&nbsp;&nbsp;USBH_ClrFeature
</UL>

<P><STRONG><a name="[c5]"></a>USBH_CtlSendData</STRONG> (Thumb, 60 bytes, Stack size 16 bytes, usbh_ioreq.o(i.USBH_CtlSendData))
<BR><BR>[Stack]<UL><LI>Max Depth = 80<LI>Call Chain = USBH_CtlSendData &rArr; HCD_SubmitRequest &rArr; USB_OTG_HC_StartXfer &rArr; USB_OTG_WritePacket
</UL>
<BR>[Calls]<UL><LI><a href="#[a9]">&gt;&gt;</a>&nbsp;&nbsp;&nbsp;HCD_SubmitRequest
</UL>
<BR>[Called By]<UL><LI><a href="#[d0]">&gt;&gt;</a>&nbsp;&nbsp;&nbsp;USBH_HandleControl
</UL>

<P><STRONG><a name="[c6]"></a>USBH_CtlSendSetup</STRONG> (Thumb, 38 bytes, Stack size 8 bytes, usbh_ioreq.o(i.USBH_CtlSendSetup))
<BR><BR>[Stack]<UL><LI>Max Depth = 72<LI>Call Chain = USBH_CtlSendSetup &rArr; HCD_SubmitRequest &rArr; USB_OTG_HC_StartXfer &rArr; USB_OTG_WritePacket
</UL>
<BR>[Calls]<UL><LI><a href="#[a9]">&gt;&gt;</a>&nbsp;&nbsp;&nbsp;HCD_SubmitRequest
</UL>
<BR>[Called By]<UL><LI><a href="#[d0]">&gt;&gt;</a>&nbsp;&nbsp;&nbsp;USBH_HandleControl
</UL>

<P><STRONG><a name="[fe]"></a>USBH_DeAllocate_AllChannel</STRONG> (Thumb, 24 bytes, Stack size 0 bytes, usbh_hcs.o(i.USBH_DeAllocate_AllChannel))
<BR><BR>[Called By]<UL><LI><a href="#[fb]">&gt;&gt;</a>&nbsp;&nbsp;&nbsp;USBH_Process
</UL>

<P><STRONG><a name="[c7]"></a>USBH_DeInit</STRONG> (Thumb, 52 bytes, Stack size 16 bytes, usbh_core.o(i.USBH_DeInit))
<BR><BR>[Stack]<UL><LI>Max Depth = 16<LI>Call Chain = USBH_DeInit
</UL>
<BR>[Calls]<UL><LI><a href="#[c8]">&gt;&gt;</a>&nbsp;&nbsp;&nbsp;USBH_Free_Channel
</UL>
<BR>[Called By]<UL><LI><a href="#[fb]">&gt;&gt;</a>&nbsp;&nbsp;&nbsp;USBH_Process
<LI><a href="#[d8]">&gt;&gt;</a>&nbsp;&nbsp;&nbsp;USBH_Init
</UL>

<P><STRONG><a name="[64]"></a>USBH_Disconnected</STRONG> (Thumb, 10 bytes, Stack size 0 bytes, usbh_core.o(i.USBH_Disconnected))
<BR>[Address Reference Count : 1]<UL><LI> usbh_core.o(.data)
</UL>
<P><STRONG><a name="[fd]"></a>USBH_ErrorHandle</STRONG> (Thumb, 44 bytes, Stack size 16 bytes, usbh_core.o(i.USBH_ErrorHandle))
<BR><BR>[Stack]<UL><LI>Max Depth = 16<LI>Call Chain = USBH_ErrorHandle
</UL>
<BR>[Called By]<UL><LI><a href="#[fb]">&gt;&gt;</a>&nbsp;&nbsp;&nbsp;USBH_Process
</UL>

<P><STRONG><a name="[c8]"></a>USBH_Free_Channel</STRONG> (Thumb, 24 bytes, Stack size 0 bytes, usbh_hcs.o(i.USBH_Free_Channel))
<BR><BR>[Called By]<UL><LI><a href="#[c7]">&gt;&gt;</a>&nbsp;&nbsp;&nbsp;USBH_DeInit
<LI><a href="#[66]">&gt;&gt;</a>&nbsp;&nbsp;&nbsp;USBH_MSC_InterfaceDeInit
</UL>

<P><STRONG><a name="[c9]"></a>USBH_GetDescriptor</STRONG> (Thumb, 50 bytes, Stack size 8 bytes, usbh_stdreq.o(i.USBH_GetDescriptor))
<BR><BR>[Stack]<UL><LI>Max Depth = 24<LI>Call Chain = USBH_GetDescriptor &rArr; USBH_CtlReq
</UL>
<BR>[Calls]<UL><LI><a href="#[c2]">&gt;&gt;</a>&nbsp;&nbsp;&nbsp;USBH_CtlReq
</UL>
<BR>[Called By]<UL><LI><a href="#[ce]">&gt;&gt;</a>&nbsp;&nbsp;&nbsp;USBH_Get_StringDesc
<LI><a href="#[cc]">&gt;&gt;</a>&nbsp;&nbsp;&nbsp;USBH_Get_DevDesc
<LI><a href="#[ca]">&gt;&gt;</a>&nbsp;&nbsp;&nbsp;USBH_Get_CfgDesc
</UL>

<P><STRONG><a name="[f8]"></a>USBH_GetNextDesc</STRONG> (Thumb, 14 bytes, Stack size 0 bytes, usbh_stdreq.o(i.USBH_GetNextDesc))
<BR><BR>[Called By]<UL><LI><a href="#[cb]">&gt;&gt;</a>&nbsp;&nbsp;&nbsp;USBH_ParseCfgDesc
</UL>

<P><STRONG><a name="[ca]"></a>USBH_Get_CfgDesc</STRONG> (Thumb, 86 bytes, Stack size 40 bytes, usbh_stdreq.o(i.USBH_Get_CfgDesc))
<BR><BR>[Stack]<UL><LI>Max Depth = 112<LI>Call Chain = USBH_Get_CfgDesc &rArr; USBH_ParseCfgDesc
</UL>
<BR>[Calls]<UL><LI><a href="#[cb]">&gt;&gt;</a>&nbsp;&nbsp;&nbsp;USBH_ParseCfgDesc
<LI><a href="#[c9]">&gt;&gt;</a>&nbsp;&nbsp;&nbsp;USBH_GetDescriptor
</UL>
<BR>[Called By]<UL><LI><a href="#[d3]">&gt;&gt;</a>&nbsp;&nbsp;&nbsp;USBH_HandleEnum
</UL>

<P><STRONG><a name="[cc]"></a>USBH_Get_DevDesc</STRONG> (Thumb, 50 bytes, Stack size 32 bytes, usbh_stdreq.o(i.USBH_Get_DevDesc))
<BR><BR>[Stack]<UL><LI>Max Depth = 56<LI>Call Chain = USBH_Get_DevDesc &rArr; USBH_GetDescriptor &rArr; USBH_CtlReq
</UL>
<BR>[Calls]<UL><LI><a href="#[cd]">&gt;&gt;</a>&nbsp;&nbsp;&nbsp;USBH_ParseDevDesc
<LI><a href="#[c9]">&gt;&gt;</a>&nbsp;&nbsp;&nbsp;USBH_GetDescriptor
</UL>
<BR>[Called By]<UL><LI><a href="#[d3]">&gt;&gt;</a>&nbsp;&nbsp;&nbsp;USBH_HandleEnum
</UL>

<P><STRONG><a name="[ce]"></a>USBH_Get_StringDesc</STRONG> (Thumb, 46 bytes, Stack size 32 bytes, usbh_stdreq.o(i.USBH_Get_StringDesc))
<BR><BR>[Stack]<UL><LI>Max Depth = 56<LI>Call Chain = USBH_Get_StringDesc &rArr; USBH_GetDescriptor &rArr; USBH_CtlReq
</UL>
<BR>[Calls]<UL><LI><a href="#[cf]">&gt;&gt;</a>&nbsp;&nbsp;&nbsp;USBH_ParseStringDesc
<LI><a href="#[c9]">&gt;&gt;</a>&nbsp;&nbsp;&nbsp;USBH_GetDescriptor
</UL>
<BR>[Called By]<UL><LI><a href="#[d3]">&gt;&gt;</a>&nbsp;&nbsp;&nbsp;USBH_HandleEnum
</UL>

<P><STRONG><a name="[d0]"></a>USBH_HandleControl</STRONG> (Thumb, 536 bytes, Stack size 40 bytes, usbh_core.o(i.USBH_HandleControl))
<BR><BR>[Stack]<UL><LI>Max Depth = 120<LI>Call Chain = USBH_HandleControl &rArr; USBH_CtlSendData &rArr; HCD_SubmitRequest &rArr; USB_OTG_HC_StartXfer &rArr; USB_OTG_WritePacket
</UL>
<BR>[Calls]<UL><LI><a href="#[c6]">&gt;&gt;</a>&nbsp;&nbsp;&nbsp;USBH_CtlSendSetup
<LI><a href="#[c5]">&gt;&gt;</a>&nbsp;&nbsp;&nbsp;USBH_CtlSendData
<LI><a href="#[c3]">&gt;&gt;</a>&nbsp;&nbsp;&nbsp;USBH_CtlReceiveData
<LI><a href="#[d2]">&gt;&gt;</a>&nbsp;&nbsp;&nbsp;HCD_GetURB_State
<LI><a href="#[d1]">&gt;&gt;</a>&nbsp;&nbsp;&nbsp;HCD_GetCurrentFrame
</UL>
<BR>[Called By]<UL><LI><a href="#[fb]">&gt;&gt;</a>&nbsp;&nbsp;&nbsp;USBH_Process
</UL>

<P><STRONG><a name="[d8]"></a>USBH_Init</STRONG> (Thumb, 64 bytes, Stack size 24 bytes, usbh_core.o(i.USBH_Init))
<BR><BR>[Stack]<UL><LI>Max Depth = 96<LI>Call Chain = USBH_Init &rArr; HCD_Init &rArr; USB_OTG_CoreInitHost &rArr; USB_OTG_ResetPort &rArr; USB_OTG_BSP_mDelay &rArr; delay_ms
</UL>
<BR>[Calls]<UL><LI><a href="#[d9]">&gt;&gt;</a>&nbsp;&nbsp;&nbsp;USB_OTG_BSP_Init
<LI><a href="#[db]">&gt;&gt;</a>&nbsp;&nbsp;&nbsp;USB_OTG_BSP_EnableInterrupt
<LI><a href="#[c7]">&gt;&gt;</a>&nbsp;&nbsp;&nbsp;USBH_DeInit
<LI><a href="#[a0]">&gt;&gt;</a>&nbsp;&nbsp;&nbsp;HCD_Init
<LI><a href="#[da]">&gt;&gt;</a>&nbsp;&nbsp;&nbsp;USB_OTG_BSP_ConfigVBUS
</UL>
<BR>[Called By]<UL><LI><a href="#[87]">&gt;&gt;</a>&nbsp;&nbsp;&nbsp;main
</UL>

<P><STRONG><a name="[dd]"></a>USBH_MSC_BOT_Abort</STRONG> (Thumb, 56 bytes, Stack size 16 bytes, usbh_msc_bot.o(i.USBH_MSC_BOT_Abort))
<BR><BR>[Stack]<UL><LI>Max Depth = 40<LI>Call Chain = USBH_MSC_BOT_Abort &rArr; USBH_ClrFeature &rArr; USBH_CtlReq
</UL>
<BR>[Calls]<UL><LI><a href="#[c1]">&gt;&gt;</a>&nbsp;&nbsp;&nbsp;USBH_ClrFeature
</UL>
<BR>[Called By]<UL><LI><a href="#[e8]">&gt;&gt;</a>&nbsp;&nbsp;&nbsp;USBH_MSC_HandleBOTXfer
</UL>

<P><STRONG><a name="[de]"></a>USBH_MSC_DecodeCSW</STRONG> (Thumb, 88 bytes, Stack size 16 bytes, usbh_msc_bot.o(i.USBH_MSC_DecodeCSW))
<BR><BR>[Stack]<UL><LI>Max Depth = 16<LI>Call Chain = USBH_MSC_DecodeCSW
</UL>
<BR>[Calls]<UL><LI><a href="#[df]">&gt;&gt;</a>&nbsp;&nbsp;&nbsp;HCD_IsDeviceConnected
<LI><a href="#[e0]">&gt;&gt;</a>&nbsp;&nbsp;&nbsp;HCD_GetXferCnt
</UL>
<BR>[Called By]<UL><LI><a href="#[e8]">&gt;&gt;</a>&nbsp;&nbsp;&nbsp;USBH_MSC_HandleBOTXfer
</UL>

<P><STRONG><a name="[e4]"></a>USBH_MSC_ErrorHandle</STRONG> (Thumb, 44 bytes, Stack size 0 bytes, usbh_msc_core.o(i.USBH_MSC_ErrorHandle))
<BR><BR>[Called By]<UL><LI><a href="#[68]">&gt;&gt;</a>&nbsp;&nbsp;&nbsp;USBH_MSC_Handle
</UL>

<P><STRONG><a name="[e8]"></a>USBH_MSC_HandleBOTXfer</STRONG> (Thumb, 590 bytes, Stack size 48 bytes, usbh_msc_bot.o(i.USBH_MSC_HandleBOTXfer))
<BR><BR>[Stack]<UL><LI>Max Depth = 128<LI>Call Chain = USBH_MSC_HandleBOTXfer &rArr; USBH_BulkSendData &rArr; HCD_SubmitRequest &rArr; USB_OTG_HC_StartXfer &rArr; USB_OTG_WritePacket
</UL>
<BR>[Calls]<UL><LI><a href="#[c0]">&gt;&gt;</a>&nbsp;&nbsp;&nbsp;USBH_BulkSendData
<LI><a href="#[bf]">&gt;&gt;</a>&nbsp;&nbsp;&nbsp;USBH_BulkReceiveData
<LI><a href="#[df]">&gt;&gt;</a>&nbsp;&nbsp;&nbsp;HCD_IsDeviceConnected
<LI><a href="#[d2]">&gt;&gt;</a>&nbsp;&nbsp;&nbsp;HCD_GetURB_State
<LI><a href="#[de]">&gt;&gt;</a>&nbsp;&nbsp;&nbsp;USBH_MSC_DecodeCSW
<LI><a href="#[dd]">&gt;&gt;</a>&nbsp;&nbsp;&nbsp;USBH_MSC_BOT_Abort
</UL>
<BR>[Called By]<UL><LI><a href="#[101]">&gt;&gt;</a>&nbsp;&nbsp;&nbsp;USBH_UDISK_Write
<LI><a href="#[ff]">&gt;&gt;</a>&nbsp;&nbsp;&nbsp;USBH_UDISK_Read
<LI><a href="#[68]">&gt;&gt;</a>&nbsp;&nbsp;&nbsp;USBH_MSC_Handle
</UL>

<P><STRONG><a name="[e2]"></a>USBH_MSC_Init</STRONG> (Thumb, 40 bytes, Stack size 8 bytes, usbh_msc_bot.o(i.USBH_MSC_Init))
<BR><BR>[Stack]<UL><LI>Max Depth = 8<LI>Call Chain = USBH_MSC_Init
</UL>
<BR>[Calls]<UL><LI><a href="#[df]">&gt;&gt;</a>&nbsp;&nbsp;&nbsp;HCD_IsDeviceConnected
</UL>
<BR>[Called By]<UL><LI><a href="#[68]">&gt;&gt;</a>&nbsp;&nbsp;&nbsp;USBH_MSC_Handle
</UL>

<P><STRONG><a name="[e6]"></a>USBH_MSC_ModeSense6</STRONG> (Thumb, 142 bytes, Stack size 16 bytes, usbh_msc_scsi.o(i.USBH_MSC_ModeSense6))
<BR><BR>[Stack]<UL><LI>Max Depth = 16<LI>Call Chain = USBH_MSC_ModeSense6
</UL>
<BR>[Calls]<UL><LI><a href="#[df]">&gt;&gt;</a>&nbsp;&nbsp;&nbsp;HCD_IsDeviceConnected
</UL>
<BR>[Called By]<UL><LI><a href="#[68]">&gt;&gt;</a>&nbsp;&nbsp;&nbsp;USBH_MSC_Handle
</UL>

<P><STRONG><a name="[eb]"></a>USBH_MSC_Read10</STRONG> (Thumb, 208 bytes, Stack size 56 bytes, usbh_msc_scsi.o(i.USBH_MSC_Read10))
<BR><BR>[Stack]<UL><LI>Max Depth = 56<LI>Call Chain = USBH_MSC_Read10
</UL>
<BR>[Calls]<UL><LI><a href="#[df]">&gt;&gt;</a>&nbsp;&nbsp;&nbsp;HCD_IsDeviceConnected
</UL>
<BR>[Called By]<UL><LI><a href="#[ff]">&gt;&gt;</a>&nbsp;&nbsp;&nbsp;USBH_UDISK_Read
</UL>

<P><STRONG><a name="[e5]"></a>USBH_MSC_ReadCapacity10</STRONG> (Thumb, 148 bytes, Stack size 16 bytes, usbh_msc_scsi.o(i.USBH_MSC_ReadCapacity10))
<BR><BR>[Stack]<UL><LI>Max Depth = 16<LI>Call Chain = USBH_MSC_ReadCapacity10
</UL>
<BR>[Calls]<UL><LI><a href="#[df]">&gt;&gt;</a>&nbsp;&nbsp;&nbsp;HCD_IsDeviceConnected
</UL>
<BR>[Called By]<UL><LI><a href="#[68]">&gt;&gt;</a>&nbsp;&nbsp;&nbsp;USBH_MSC_Handle
</UL>

<P><STRONG><a name="[e7]"></a>USBH_MSC_RequestSense</STRONG> (Thumb, 146 bytes, Stack size 16 bytes, usbh_msc_scsi.o(i.USBH_MSC_RequestSense))
<BR><BR>[Stack]<UL><LI>Max Depth = 16<LI>Call Chain = USBH_MSC_RequestSense
</UL>
<BR>[Calls]<UL><LI><a href="#[df]">&gt;&gt;</a>&nbsp;&nbsp;&nbsp;HCD_IsDeviceConnected
</UL>
<BR>[Called By]<UL><LI><a href="#[68]">&gt;&gt;</a>&nbsp;&nbsp;&nbsp;USBH_MSC_Handle
</UL>

<P><STRONG><a name="[e3]"></a>USBH_MSC_TestUnitReady</STRONG> (Thumb, 116 bytes, Stack size 16 bytes, usbh_msc_scsi.o(i.USBH_MSC_TestUnitReady))
<BR><BR>[Stack]<UL><LI>Max Depth = 16<LI>Call Chain = USBH_MSC_TestUnitReady
</UL>
<BR>[Calls]<UL><LI><a href="#[df]">&gt;&gt;</a>&nbsp;&nbsp;&nbsp;HCD_IsDeviceConnected
</UL>
<BR>[Called By]<UL><LI><a href="#[68]">&gt;&gt;</a>&nbsp;&nbsp;&nbsp;USBH_MSC_Handle
</UL>

<P><STRONG><a name="[ec]"></a>USBH_MSC_Write10</STRONG> (Thumb, 156 bytes, Stack size 40 bytes, usbh_msc_scsi.o(i.USBH_MSC_Write10))
<BR><BR>[Stack]<UL><LI>Max Depth = 40<LI>Call Chain = USBH_MSC_Write10
</UL>
<BR>[Calls]<UL><LI><a href="#[df]">&gt;&gt;</a>&nbsp;&nbsp;&nbsp;HCD_IsDeviceConnected
</UL>
[...]
<BR>[Called By]<UL><LI><a href="#[b9]">&gt;&gt;</a>&nbsp;&nbsp;&nbsp;f_open
</UL>

<P><STRONG><a name="[13a]"></a>find_volume</STRONG> (Thumb, 770 bytes, Stack size 48 bytes, ff.o(i.find_volume))
<BR><BR>[Stack]<UL><LI>Max Depth = 264<LI>Call Chain = find_volume &rArr; check_fs &rArr; move_window &rArr; sync_window &rArr; disk_write &rArr; USBH_UDISK_Write &rArr; USBH_MSC_HandleBOTXfer &rArr; USBH_BulkSendData &rArr; HCD_SubmitRequest &rArr; USB_OTG_HC_StartXfer &rArr; USB_OTG_WritePacket
</UL>
<BR>[Calls]<UL><LI><a href="#[119]">&gt;&gt;</a>&nbsp;&nbsp;&nbsp;move_window
<LI><a href="#[13c]">&gt;&gt;</a>&nbsp;&nbsp;&nbsp;get_ldnumber
<LI><a href="#[118]">&gt;&gt;</a>&nbsp;&nbsp;&nbsp;check_fs
<LI><a href="#[147]">&gt;&gt;</a>&nbsp;&nbsp;&nbsp;disk_status
<LI><a href="#[132]">&gt;&gt;</a>&nbsp;&nbsp;&nbsp;disk_initialize
</UL>
<BR>[Called By]<UL><LI><a href="#[13b]">&gt;&gt;</a>&nbsp;&nbsp;&nbsp;f_mount
<LI><a href="#[b9]">&gt;&gt;</a>&nbsp;&nbsp;&nbsp;f_open
<LI><a href="#[135]">&gt;&gt;</a>&nbsp;&nbsp;&nbsp;f_getfree
</UL>

<P><STRONG><a name="[131]"></a>fit_lfn</STRONG> (Thumb, 104 bytes, Stack size 28 bytes, ff.o(i.fit_lfn))
<BR><BR>[Stack]<UL><LI>Max Depth = 28<LI>Call Chain = fit_lfn
</UL>
<BR>[Called By]<UL><LI><a href="#[12e]">&gt;&gt;</a>&nbsp;&nbsp;&nbsp;dir_register
</UL>

<P><STRONG><a name="[13e]"></a>follow_path</STRONG> (Thumb, 106 bytes, Stack size 24 bytes, ff.o(i.follow_path))
<BR><BR>[Stack]<UL><LI>Max Depth = 344<LI>Call Chain = follow_path &rArr; dir_find &rArr; dir_next &rArr; create_chain &rArr; put_fat &rArr; move_window &rArr; sync_window &rArr; disk_write &rArr; USBH_UDISK_Write &rArr; USBH_MSC_HandleBOTXfer &rArr; USBH_BulkSendData &rArr; HCD_SubmitRequest &rArr; USB_OTG_HC_StartXfer &rArr; USB_OTG_WritePacket
</UL>
<BR>[Calls]<UL><LI><a href="#[127]">&gt;&gt;</a>&nbsp;&nbsp;&nbsp;dir_sdi
<LI><a href="#[140]">&gt;&gt;</a>&nbsp;&nbsp;&nbsp;ld_clust
<LI><a href="#[129]">&gt;&gt;</a>&nbsp;&nbsp;&nbsp;dir_find
<LI><a href="#[11f]">&gt;&gt;</a>&nbsp;&nbsp;&nbsp;create_name
</UL>
<BR>[Called By]<UL><LI><a href="#[b9]">&gt;&gt;</a>&nbsp;&nbsp;&nbsp;f_open
</UL>

<P><STRONG><a name="[130]"></a>gen_numname</STRONG> (Thumb, 146 bytes, Stack size 24 bytes, ff.o(i.gen_numname))
<BR><BR>[Stack]<UL><LI>Max Depth = 24<LI>Call Chain = gen_numname
</UL>
<BR>[Calls]<UL><LI><a href="#[12f]">&gt;&gt;</a>&nbsp;&nbsp;&nbsp;mem_cpy
</UL>
<BR>[Called By]<UL><LI><a href="#[12e]">&gt;&gt;</a>&nbsp;&nbsp;&nbsp;dir_register
</UL>

<P><STRONG><a name="[13c]"></a>get_ldnumber</STRONG> (Thumb, 66 bytes, Stack size 8 bytes, ff.o(i.get_ldnumber))
<BR><BR>[Stack]<UL><LI>Max Depth = 8<LI>Call Chain = get_ldnumber
</UL>
<BR>[Called By]<UL><LI><a href="#[13b]">&gt;&gt;</a>&nbsp;&nbsp;&nbsp;f_mount
<LI><a href="#[13a]">&gt;&gt;</a>&nbsp;&nbsp;&nbsp;find_volume
</UL>

<P><STRONG><a name="[140]"></a>ld_clust</STRONG> (Thumb, 30 bytes, Stack size 0 bytes, ff.o(i.ld_clust))
<BR><BR>[Called By]<UL><LI><a href="#[b9]">&gt;&gt;</a>&nbsp;&nbsp;&nbsp;f_open
<LI><a href="#[13e]">&gt;&gt;</a>&nbsp;&nbsp;&nbsp;follow_path
</UL>

<P><STRONG><a name="[12b]"></a>mem_cmp</STRONG> (Thumb, 26 bytes, Stack size 8 bytes, ff.o(i.mem_cmp))
<BR><BR>[Stack]<UL><LI>Max Depth = 8<LI>Call Chain = mem_cmp
</UL>
<BR>[Called By]<UL><LI><a href="#[129]">&gt;&gt;</a>&nbsp;&nbsp;&nbsp;dir_find
</UL>

<P><STRONG><a name="[12f]"></a>mem_cpy</STRONG> (Thumb, 18 bytes, Stack size 0 bytes, ff.o(i.mem_cpy))
<BR><BR>[Called By]<UL><LI><a href="#[bc]">&gt;&gt;</a>&nbsp;&nbsp;&nbsp;f_read
<LI><a href="#[130]">&gt;&gt;</a>&nbsp;&nbsp;&nbsp;gen_numname
<LI><a href="#[12e]">&gt;&gt;</a>&nbsp;&nbsp;&nbsp;dir_register
</UL>

<P><STRONG><a name="[122]"></a>mem_set</STRONG> (Thumb, 16 bytes, Stack size 0 bytes, ff.o(i.mem_set))
<BR><BR>[Called By]<UL><LI><a href="#[145]">&gt;&gt;</a>&nbsp;&nbsp;&nbsp;sync_fs
<LI><a href="#[12e]">&gt;&gt;</a>&nbsp;&nbsp;&nbsp;dir_register
<LI><a href="#[128]">&gt;&gt;</a>&nbsp;&nbsp;&nbsp;dir_next
<LI><a href="#[11f]">&gt;&gt;</a>&nbsp;&nbsp;&nbsp;create_name
</UL>

<P><STRONG><a name="[119]"></a>move_window</STRONG> (Thumb, 50 bytes, Stack size 16 bytes, ff.o(i.move_window))
<BR><BR>[Stack]<UL><LI>Max Depth = 208<LI>Call Chain = move_window &rArr; sync_window &rArr; disk_write &rArr; USBH_UDISK_Write &rArr; USBH_MSC_HandleBOTXfer &rArr; USBH_BulkSendData &rArr; HCD_SubmitRequest &rArr; USB_OTG_HC_StartXfer &rArr; USB_OTG_WritePacket
</UL>
<BR>[Calls]<UL><LI><a href="#[12c]">&gt;&gt;</a>&nbsp;&nbsp;&nbsp;sync_window
<LI><a href="#[133]">&gt;&gt;</a>&nbsp;&nbsp;&nbsp;disk_read
</UL>
<BR>[Called By]<UL><LI><a href="#[11e]">&gt;&gt;</a>&nbsp;&nbsp;&nbsp;put_fat
<LI><a href="#[11d]">&gt;&gt;</a>&nbsp;&nbsp;&nbsp;get_fat
<LI><a href="#[138]">&gt;&gt;</a>&nbsp;&nbsp;&nbsp;f_sync
<LI><a href="#[b9]">&gt;&gt;</a>&nbsp;&nbsp;&nbsp;f_open
<LI><a href="#[135]">&gt;&gt;</a>&nbsp;&nbsp;&nbsp;f_getfree
<LI><a href="#[13a]">&gt;&gt;</a>&nbsp;&nbsp;&nbsp;find_volume
<LI><a href="#[12e]">&gt;&gt;</a>&nbsp;&nbsp;&nbsp;dir_register
<LI><a href="#[129]">&gt;&gt;</a>&nbsp;&nbsp;&nbsp;dir_find
<LI><a href="#[126]">&gt;&gt;</a>&nbsp;&nbsp;&nbsp;dir_alloc
<LI><a href="#[118]">&gt;&gt;</a>&nbsp;&nbsp;&nbsp;check_fs
</UL>

<P><STRONG><a name="[142]"></a>remove_chain</STRONG> (Thumb, 102 bytes, Stack size 24 bytes, ff.o(i.remove_chain))
<BR><BR>[Stack]<UL><LI>Max Depth = 264<LI>Call Chain = remove_chain &rArr; put_fat &rArr; move_window &rArr; sync_window &rArr; disk_write &rArr; USBH_UDISK_Write &rArr; USBH_MSC_HandleBOTXfer &rArr; USBH_BulkSendData &rArr; HCD_SubmitRequest &rArr; USB_OTG_HC_StartXfer &rArr; USB_OTG_WritePacket
</UL>
<BR>[Calls]<UL><LI><a href="#[11e]">&gt;&gt;</a>&nbsp;&nbsp;&nbsp;put_fat
<LI><a href="#[11d]">&gt;&gt;</a>&nbsp;&nbsp;&nbsp;get_fat
</UL>
<BR>[Called By]<UL><LI><a href="#[b9]">&gt;&gt;</a>&nbsp;&nbsp;&nbsp;f_open
</UL>

<P><STRONG><a name="[141]"></a>st_clust</STRONG> (Thumb, 16 bytes, Stack size 0 bytes, ff.o(i.st_clust))
<BR><BR>[Called By]<UL><LI><a href="#[138]">&gt;&gt;</a>&nbsp;&nbsp;&nbsp;f_sync
<LI><a href="#[b9]">&gt;&gt;</a>&nbsp;&nbsp;&nbsp;f_open
</UL>

<P><STRONG><a name="[12a]"></a>sum_sfn</STRONG> (Thumb, 26 bytes, Stack size 0 bytes, ff.o(i.sum_sfn))
<BR><BR>[Called By]<UL><LI><a href="#[12e]">&gt;&gt;</a>&nbsp;&nbsp;&nbsp;dir_register
<LI><a href="#[129]">&gt;&gt;</a>&nbsp;&nbsp;&nbsp;dir_find
</UL>

<P><STRONG><a name="[145]"></a>sync_fs</STRONG> (Thumb, 180 bytes, Stack size 16 bytes, ff.o(i.sync_fs))
<BR><BR>[Stack]<UL><LI>Max Depth = 208<LI>Call Chain = sync_fs &rArr; sync_window &rArr; disk_write &rArr; USBH_UDISK_Write &rArr; USBH_MSC_HandleBOTXfer &rArr; USBH_BulkSendData &rArr; HCD_SubmitRequest &rArr; USB_OTG_HC_StartXfer &rArr; USB_OTG_WritePacket
</UL>
<BR>[Calls]<UL><LI><a href="#[12c]">&gt;&gt;</a>&nbsp;&nbsp;&nbsp;sync_window
<LI><a href="#[122]">&gt;&gt;</a>&nbsp;&nbsp;&nbsp;mem_set
<LI><a href="#[134]">&gt;&gt;</a>&nbsp;&nbsp;&nbsp;disk_write
<LI><a href="#[14e]">&gt;&gt;</a>&nbsp;&nbsp;&nbsp;disk_ioctl
</UL>
<BR>[Called By]<UL><LI><a href="#[138]">&gt;&gt;</a>&nbsp;&nbsp;&nbsp;f_sync
</UL>

<P><STRONG><a name="[12c]"></a>sync_window</STRONG> (Thumb, 82 bytes, Stack size 24 bytes, ff.o(i.sync_window))
<BR><BR>[Stack]<UL><LI>Max Depth = 192<LI>Call Chain = sync_window &rArr; disk_write &rArr; USBH_UDISK_Write &rArr; USBH_MSC_HandleBOTXfer &rArr; USBH_BulkSendData &rArr; HCD_SubmitRequest &rArr; USB_OTG_HC_StartXfer &rArr; USB_OTG_WritePacket
</UL>
<BR>[Calls]<UL><LI><a href="#[134]">&gt;&gt;</a>&nbsp;&nbsp;&nbsp;disk_write
</UL>
<BR>[Called By]<UL><LI><a href="#[145]">&gt;&gt;</a>&nbsp;&nbsp;&nbsp;sync_fs
<LI><a href="#[119]">&gt;&gt;</a>&nbsp;&nbsp;&nbsp;move_window
<LI><a href="#[128]">&gt;&gt;</a>&nbsp;&nbsp;&nbsp;dir_next
</UL>

<P><STRONG><a name="[139]"></a>validate</STRONG> (Thumb, 44 bytes, Stack size 8 bytes, ff.o(i.validate))
<BR><BR>[Stack]<UL><LI>Max Depth = 8<LI>Call Chain = validate
</UL>
<BR>[Calls]<UL><LI><a href="#[147]">&gt;&gt;</a>&nbsp;&nbsp;&nbsp;disk_status
</UL>
<BR>[Called By]<UL><LI><a href="#[138]">&gt;&gt;</a>&nbsp;&nbsp;&nbsp;f_sync
<LI><a href="#[bc]">&gt;&gt;</a>&nbsp;&nbsp;&nbsp;f_read
<LI><a href="#[ba]">&gt;&gt;</a>&nbsp;&nbsp;&nbsp;f_close
</UL>

<P><STRONG><a name="[107]"></a>USB_OTG_CoreReset</STRONG> (Thumb, 86 bytes, Stack size 24 bytes, usb_core.o(i.USB_OTG_CoreReset))
<BR><BR>[Stack]<UL><LI>Max Depth = 24<LI>Call Chain = USB_OTG_CoreReset
</UL>
<BR>[Calls]<UL><LI><a href="#[105]">&gt;&gt;</a>&nbsp;&nbsp;&nbsp;USB_OTG_BSP_uDelay
</UL>
<BR>[Called By]<UL><LI><a href="#[a3]">&gt;&gt;</a>&nbsp;&nbsp;&nbsp;USB_OTG_CoreInit
</UL>

<P><STRONG><a name="[10f]"></a>USB_OTG_EnableCommonInt</STRONG> (Thumb, 24 bytes, Stack size 0 bytes, usb_core.o(i.USB_OTG_EnableCommonInt))
<BR><BR>[Called By]<UL><LI><a href="#[10c]">&gt;&gt;</a>&nbsp;&nbsp;&nbsp;USB_OTG_EnableHostInt
</UL>

<P><STRONG><a name="[f6]"></a>USB_OTG_USBH_handle_Disconnect_ISR</STRONG> (Thumb, 40 bytes, Stack size 16 bytes, usb_hcd_int.o(i.USB_OTG_USBH_handle_Disconnect_ISR))
<BR><BR>[Stack]<UL><LI>Max Depth = 16<LI>Call Chain = USB_OTG_USBH_handle_Disconnect_ISR
</UL>
<BR>[Called By]<UL><LI><a href="#[b3]">&gt;&gt;</a>&nbsp;&nbsp;&nbsp;USBH_OTG_ISR_Handler
</UL>

<P><STRONG><a name="[f7]"></a>USB_OTG_USBH_handle_IncompletePeriodicXfer_ISR</STRONG> (Thumb, 70 bytes, Stack size 12 bytes, usb_hcd_int.o(i.USB_OTG_USBH_handle_IncompletePeriodicXfer_ISR))
<BR><BR>[Stack]<UL><LI>Max Depth = 12<LI>Call Chain = USB_OTG_USBH_handle_IncompletePeriodicXfer_ISR
</UL>
<BR>[Called By]<UL><LI><a href="#[b3]">&gt;&gt;</a>&nbsp;&nbsp;&nbsp;USBH_OTG_ISR_Handler
</UL>

<P><STRONG><a name="[f4]"></a>USB_OTG_USBH_handle_hc_ISR</STRONG> (Thumb, 86 bytes, Stack size 24 bytes, usb_hcd_int.o(i.USB_OTG_USBH_handle_hc_ISR))
<BR><BR>[Stack]<UL><LI>Max Depth = 96<LI>Call Chain = USB_OTG_USBH_handle_hc_ISR &rArr; USB_OTG_USBH_handle_hc_n_In_ISR &rArr; USB_OTG_HC_Halt
</UL>
<BR>[Calls]<UL><LI><a href="#[115]">&gt;&gt;</a>&nbsp;&nbsp;&nbsp;USB_OTG_USBH_handle_hc_n_Out_ISR
<LI><a href="#[114]">&gt;&gt;</a>&nbsp;&nbsp;&nbsp;USB_OTG_USBH_handle_hc_n_In_ISR
<LI><a href="#[113]">&gt;&gt;</a>&nbsp;&nbsp;&nbsp;USB_OTG_ReadHostAllChannels_intr
</UL>
<BR>[Called By]<UL><LI><a href="#[b3]">&gt;&gt;</a>&nbsp;&nbsp;&nbsp;USBH_OTG_ISR_Handler
</UL>

<P><STRONG><a name="[114]"></a>USB_OTG_USBH_handle_hc_n_In_ISR</STRONG> (Thumb, 1168 bytes, Stack size 40 bytes, usb_hcd_int.o(i.USB_OTG_USBH_handle_hc_n_In_ISR))
<BR><BR>[Stack]<UL><LI>Max Depth = 72<LI>Call Chain = USB_OTG_USBH_handle_hc_n_In_ISR &rArr; USB_OTG_HC_Halt
</UL>
<BR>[Calls]<UL><LI><a href="#[e9]">&gt;&gt;</a>&nbsp;&nbsp;&nbsp;USB_OTG_HC_Halt
</UL>
<BR>[Called By]<UL><LI><a href="#[f4]">&gt;&gt;</a>&nbsp;&nbsp;&nbsp;USB_OTG_USBH_handle_hc_ISR
</UL>

<P><STRONG><a name="[115]"></a>USB_OTG_USBH_handle_hc_n_Out_ISR</STRONG> (Thumb, 1048 bytes, Stack size 32 bytes, usb_hcd_int.o(i.USB_OTG_USBH_handle_hc_n_Out_ISR))
<BR><BR>[Stack]<UL><LI>Max Depth = 64<LI>Call Chain = USB_OTG_USBH_handle_hc_n_Out_ISR &rArr; USB_OTG_HC_Halt
</UL>
<BR>[Calls]<UL><LI><a href="#[e9]">&gt;&gt;</a>&nbsp;&nbsp;&nbsp;USB_OTG_HC_Halt
<LI><a href="#[116]">&gt;&gt;</a>&nbsp;&nbsp;&nbsp;USB_OTG_HC_DoPing
</UL>
<BR>[Called By]<UL><LI><a href="#[f4]">&gt;&gt;</a>&nbsp;&nbsp;&nbsp;USB_OTG_USBH_handle_hc_ISR
</UL>

<P><STRONG><a name="[f2]"></a>USB_OTG_USBH_handle_nptxfempty_ISR</STRONG> (Thumb, 302 bytes, Stack size 32 bytes, usb_hcd_int.o(i.USB_OTG_USBH_handle_nptxfempty_ISR))
<BR><BR>[Stack]<UL><LI>Max Depth = 44<LI>Call Chain = USB_OTG_USBH_handle_nptxfempty_ISR &rArr; USB_OTG_WritePacket
</UL>
<BR>[Calls]<UL><LI><a href="#[111]">&gt;&gt;</a>&nbsp;&nbsp;&nbsp;USB_OTG_WritePacket
</UL>
<BR>[Called By]<UL><LI><a href="#[b3]">&gt;&gt;</a>&nbsp;&nbsp;&nbsp;USBH_OTG_ISR_Handler
</UL>

<P><STRONG><a name="[f5]"></a>USB_OTG_USBH_handle_port_ISR</STRONG> (Thumb, 282 bytes, Stack size 32 bytes, usb_hcd_int.o(i.USB_OTG_USBH_handle_port_ISR))
<BR><BR>[Stack]<UL><LI>Max Depth = 64<LI>Call Chain = USB_OTG_USBH_handle_port_ISR &rArr; USB_OTG_ResetPort &rArr; USB_OTG_BSP_mDelay &rArr; delay_ms
</UL>
<BR>[Calls]<UL><LI><a href="#[a8]">&gt;&gt;</a>&nbsp;&nbsp;&nbsp;USB_OTG_ResetPort
<LI><a href="#[108]">&gt;&gt;</a>&nbsp;&nbsp;&nbsp;USB_OTG_InitFSLSPClkSel
</UL>
<BR>[Called By]<UL><LI><a href="#[b3]">&gt;&gt;</a>&nbsp;&nbsp;&nbsp;USBH_OTG_ISR_Handler
</UL>

<P><STRONG><a name="[f3]"></a>USB_OTG_USBH_handle_ptxfempty_ISR</STRONG> (Thumb, 302 bytes, Stack size 32 bytes, usb_hcd_int.o(i.USB_OTG_USBH_handle_ptxfempty_ISR))
<BR><BR>[Stack]<UL><LI>Max Depth = 44<LI>Call Chain = USB_OTG_USBH_handle_ptxfempty_ISR &rArr; USB_OTG_WritePacket
</UL>
<BR>[Calls]<UL><LI><a href="#[111]">&gt;&gt;</a>&nbsp;&nbsp;&nbsp;USB_OTG_WritePacket
</UL>
<BR>[Called By]<UL><LI><a href="#[b3]">&gt;&gt;</a>&nbsp;&nbsp;&nbsp;USBH_OTG_ISR_Handler
</UL>

<P><STRONG><a name="[f1]"></a>USB_OTG_USBH_handle_rx_qlvl_ISR</STRONG> (Thumb, 356 bytes, Stack size 32 bytes, usb_hcd_int.o(i.USB_OTG_USBH_handle_rx_qlvl_ISR))
<BR><BR>[Stack]<UL><LI>Max Depth = 40<LI>Call Chain = USB_OTG_USBH_handle_rx_qlvl_ISR &rArr; USB_OTG_ReadPacket
</UL>
<BR>[Calls]<UL><LI><a href="#[117]">&gt;&gt;</a>&nbsp;&nbsp;&nbsp;USB_OTG_ReadPacket
</UL>
<BR>[Called By]<UL><LI><a href="#[b3]">&gt;&gt;</a>&nbsp;&nbsp;&nbsp;USBH_OTG_ISR_Handler
</UL>

<P><STRONG><a name="[f0]"></a>USB_OTG_USBH_handle_sof_ISR</STRONG> (Thumb, 38 bytes, Stack size 16 bytes, usb_hcd_int.o(i.USB_OTG_USBH_handle_sof_ISR))
<BR><BR>[Stack]<UL><LI>Max Depth = 16<LI>Call Chain = USB_OTG_USBH_handle_sof_ISR
</UL>
<BR>[Called By]<UL><LI><a href="#[b3]">&gt;&gt;</a>&nbsp;&nbsp;&nbsp;USBH_OTG_ISR_Handler
</UL>

<P><STRONG><a name="[d3]"></a>USBH_HandleEnum</STRONG> (Thumb, 452 bytes, Stack size 96 bytes, usbh_core.o(i.USBH_HandleEnum))
<BR><BR>[Stack]<UL><LI>Max Depth = 208<LI>Call Chain = USBH_HandleEnum &rArr; USBH_Get_CfgDesc &rArr; USBH_ParseCfgDesc
</UL>
<BR>[Calls]<UL><LI><a href="#[d7]">&gt;&gt;</a>&nbsp;&nbsp;&nbsp;USBH_SetCfg
<LI><a href="#[d5]">&gt;&gt;</a>&nbsp;&nbsp;&nbsp;USBH_SetAddress
<LI><a href="#[d4]">&gt;&gt;</a>&nbsp;&nbsp;&nbsp;USBH_Modify_Channel
<LI><a href="#[ce]">&gt;&gt;</a>&nbsp;&nbsp;&nbsp;USBH_Get_StringDesc
<LI><a href="#[cc]">&gt;&gt;</a>&nbsp;&nbsp;&nbsp;USBH_Get_DevDesc
<LI><a href="#[ca]">&gt;&gt;</a>&nbsp;&nbsp;&nbsp;USBH_Get_CfgDesc
<LI><a href="#[a7]">&gt;&gt;</a>&nbsp;&nbsp;&nbsp;HCD_ResetPort
<LI><a href="#[d6]">&gt;&gt;</a>&nbsp;&nbsp;&nbsp;USB_OTG_BSP_mDelay
</UL>
<BR>[Called By]<UL><LI><a href="#[fb]">&gt;&gt;</a>&nbsp;&nbsp;&nbsp;USBH_Process
</UL>

<P><STRONG><a name="[be]"></a>USBH_GetFreeChannel</STRONG> (Thumb, 30 bytes, Stack size 0 bytes, usbh_hcs.o(i.USBH_GetFreeChannel))
<BR><BR>[Called By]<UL><LI><a href="#[bd]">&gt;&gt;</a>&nbsp;&nbsp;&nbsp;USBH_Alloc_Channel
</UL>

<P><STRONG><a name="[c4]"></a>USBH_SubmitSetupRequest</STRONG> (Thumb, 20 bytes, Stack size 0 bytes, usbh_ioreq.o(i.USBH_SubmitSetupRequest))
<BR><BR>[Called By]<UL><LI><a href="#[c2]">&gt;&gt;</a>&nbsp;&nbsp;&nbsp;USBH_CtlReq
</UL>

<P><STRONG><a name="[cb]"></a>USBH_ParseCfgDesc</STRONG> (Thumb, 254 bytes, Stack size 72 bytes, usbh_stdreq.o(i.USBH_ParseCfgDesc))
<BR><BR>[Stack]<UL><LI>Max Depth = 72<LI>Call Chain = USBH_ParseCfgDesc
</UL>
<BR>[Calls]<UL><LI><a href="#[f9]">&gt;&gt;</a>&nbsp;&nbsp;&nbsp;USBH_ParseInterfaceDesc
<LI><a href="#[fa]">&gt;&gt;</a>&nbsp;&nbsp;&nbsp;USBH_ParseEPDesc
<LI><a href="#[f8]">&gt;&gt;</a>&nbsp;&nbsp;&nbsp;USBH_GetNextDesc
</UL>
<BR>[Called By]<UL><LI><a href="#[ca]">&gt;&gt;</a>&nbsp;&nbsp;&nbsp;USBH_Get_CfgDesc
</UL>

<P><STRONG><a name="[cd]"></a>USBH_ParseDevDesc</STRONG> (Thumb, 88 bytes, Stack size 8 bytes, usbh_stdreq.o(i.USBH_ParseDevDesc))
<BR><BR>[Stack]<UL><LI>Max Depth = 8<LI>Call Chain = USBH_ParseDevDesc
</UL>
<BR>[Called By]<UL><LI><a href="#[cc]">&gt;&gt;</a>&nbsp;&nbsp;&nbsp;USBH_Get_DevDesc
</UL>

<P><STRONG><a name="[fa]"></a>USBH_ParseEPDesc</STRONG> (Thumb, 32 bytes, Stack size 0 bytes, usbh_stdreq.o(i.USBH_ParseEPDesc))
<BR><BR>[Called By]<UL><LI><a href="#[cb]">&gt;&gt;</a>&nbsp;&nbsp;&nbsp;USBH_ParseCfgDesc
</UL>

<P><STRONG><a name="[f9]"></a>USBH_ParseInterfaceDesc</STRONG> (Thumb, 38 bytes, Stack size 0 bytes, usbh_stdreq.o(i.USBH_ParseInterfaceDesc))
<BR><BR>[Called By]<UL><LI><a href="#[cb]">&gt;&gt;</a>&nbsp;&nbsp;&nbsp;USBH_ParseCfgDesc
</UL>

<P><STRONG><a name="[cf]"></a>USBH_ParseStringDesc</STRONG> (Thumb, 46 bytes, Stack size 8 bytes, usbh_stdreq.o(i.USBH_ParseStringDesc))
<BR><BR>[Stack]<UL><LI>Max Depth = 8<LI>Call Chain = USBH_ParseStringDesc
</UL>
<BR>[Called By]<UL><LI><a href="#[ce]">&gt;&gt;</a>&nbsp;&nbsp;&nbsp;USBH_Get_StringDesc
</UL>

<P><STRONG><a name="[dc]"></a>USBH_MSC_BOTReset</STRONG> (Thumb, 24 bytes, Stack size 0 bytes, usbh_msc_core.o(i.USBH_MSC_BOTReset))
<BR><BR>[Stack]<UL><LI>Max Depth = 16<LI>Call Chain = USBH_MSC_BOTReset &rArr; USBH_CtlReq
</UL>
<BR>[Calls]<UL><LI><a href="#[c2]">&gt;&gt;</a>&nbsp;&nbsp;&nbsp;USBH_CtlReq
</UL>
<BR>[Called By]<UL><LI><a href="#[68]">&gt;&gt;</a>&nbsp;&nbsp;&nbsp;USBH_MSC_Handle
</UL>

<P><STRONG><a name="[67]"></a>USBH_MSC_ClassRequest</STRONG> (Thumb, 8 bytes, Stack size 0 bytes, usbh_msc_core.o(i.USBH_MSC_ClassRequest))
<BR>[Address Reference Count : 1]<UL><LI> usbh_msc_core.o(.data)
</UL>
<P><STRONG><a name="[e1]"></a>USBH_MSC_GETMaxLUN</STRONG> (Thumb, 26 bytes, Stack size 0 bytes, usbh_msc_core.o(i.USBH_MSC_GETMaxLUN))
<BR><BR>[Stack]<UL><LI>Max Depth = 16<LI>Call Chain = USBH_MSC_GETMaxLUN &rArr; USBH_CtlReq
</UL>
<BR>[Calls]<UL><LI><a href="#[c2]">&gt;&gt;</a>&nbsp;&nbsp;&nbsp;USBH_CtlReq
</UL>
<BR>[Called By]<UL><LI><a href="#[68]">&gt;&gt;</a>&nbsp;&nbsp;&nbsp;USBH_MSC_Handle
</UL>

<P><STRONG><a name="[68]"></a>USBH_MSC_Handle</STRONG> (Thumb, 334 bytes, Stack size 48 bytes, usbh_msc_core.o(i.USBH_MSC_Handle))
<BR><BR>[Stack]<UL><LI>Max Depth = 176<LI>Call Chain = USBH_MSC_Handle &rArr; USBH_MSC_HandleBOTXfer &rArr; USBH_BulkSendData &rArr; HCD_SubmitRequest &rArr; USB_OTG_HC_StartXfer &rArr; USB_OTG_WritePacket
</UL>
<BR>[Calls]<UL><LI><a href="#[df]">&gt;&gt;</a>&nbsp;&nbsp;&nbsp;HCD_IsDeviceConnected
<LI><a href="#[e3]">&gt;&gt;</a>&nbsp;&nbsp;&nbsp;USBH_MSC_TestUnitReady
<LI><a href="#[e7]">&gt;&gt;</a>&nbsp;&nbsp;&nbsp;USBH_MSC_RequestSense
<LI><a href="#[e5]">&gt;&gt;</a>&nbsp;&nbsp;&nbsp;USBH_MSC_ReadCapacity10
<LI><a href="#[e6]">&gt;&gt;</a>&nbsp;&nbsp;&nbsp;USBH_MSC_ModeSense6
<LI><a href="#[e4]">&gt;&gt;</a>&nbsp;&nbsp;&nbsp;USBH_MSC_ErrorHandle
<LI><a href="#[e1]">&gt;&gt;</a>&nbsp;&nbsp;&nbsp;USBH_MSC_GETMaxLUN
<LI><a href="#[dc]">&gt;&gt;</a>&nbsp;&nbsp;&nbsp;USBH_MSC_BOTReset
<LI><a href="#[e2]">&gt;&gt;</a>&nbsp;&nbsp;&nbsp;USBH_MSC_Init
<LI><a href="#[e8]">&gt;&gt;</a>&nbsp;&nbsp;&nbsp;USBH_MSC_HandleBOTXfer
<LI><a href="#[c1]">&gt;&gt;</a>&nbsp;&nbsp;&nbsp;USBH_ClrFeature
</UL>
<BR>[Address Reference Count : 1]<UL><LI> usbh_msc_core.o(.data)
</UL>
<P><STRONG><a name="[66]"></a>USBH_MSC_InterfaceDeInit</STRONG> (Thumb, 54 bytes, Stack size 16 bytes, usbh_msc_core.o(i.USBH_MSC_InterfaceDeInit))
<BR><BR>[Stack]<UL><LI>Max Depth = 48<LI>Call Chain = USBH_MSC_InterfaceDeInit &rArr; USB_OTG_HC_Halt
</UL>
<BR>[Calls]<UL><LI><a href="#[c8]">&gt;&gt;</a>&nbsp;&nbsp;&nbsp;USBH_Free_Channel
<LI><a href="#[e9]">&gt;&gt;</a>&nbsp;&nbsp;&nbsp;USB_OTG_HC_Halt
</UL>
<BR>[Address Reference Count : 1]<UL><LI> usbh_msc_core.o(.data)
</UL>
<P><STRONG><a name="[65]"></a>USBH_MSC_InterfaceInit</STRONG> (Thumb, 154 bytes, Stack size 32 bytes, usbh_msc_core.o(i.USBH_MSC_InterfaceInit))
<BR><BR>[Stack]<UL><LI>Max Depth = 92<LI>Call Chain = USBH_MSC_InterfaceInit &rArr; USBH_Open_Channel &rArr; USB_OTG_HC_Init
</UL>
<BR>[Calls]<UL><LI><a href="#[ea]">&gt;&gt;</a>&nbsp;&nbsp;&nbsp;USBH_Open_Channel
<LI><a href="#[bd]">&gt;&gt;</a>&nbsp;&nbsp;&nbsp;USBH_Alloc_Channel
</UL>
<BR>[Address Reference Count : 1]<UL><LI> usbh_msc_core.o(.data)
</UL>
<P><STRONG><a name="[97]"></a>GetSector</STRONG> (Thumb, 114 bytes, Stack size 0 bytes, flash_if.o(i.GetSector))
<BR><BR>[Called By]<UL><LI><a href="#[96]">&gt;&gt;</a>&nbsp;&nbsp;&nbsp;FLASH_If_Erase
</UL>
<P>
<H3>
Undefined Global Symbols
</H3><HR></body></html>
